../Core/Src/main.c:94:6:i2c	24	static
../Core/Src/main.c:105:5:data	16	static
../Core/Src/main.c:127:5:main	8	static
../Core/Src/main.c:229:6:SystemClock_Config	88	static
../Core/Src/main.c:277:13:MX_USART2_UART_Init	8	static
../Core/Src/main.c:310:13:MX_GPIO_Init	48	static
../Core/Src/main.c:397:6:Sensor_Task	16	static
../Core/Src/main.c:424:6:UARTTask_init	16	static
../Core/Src/main.c:450:6:LEDTask_init	72	static
../Core/Src/main.c:472:6:HAL_TIM_PeriodElapsedCallback	16	static
../Core/Src/main.c:489:6:Error_Handler	4	static,ignoring_inline_asm
