../Core/Src/main.c:93:5:main	32	static
../Core/Src/main.c:178:6:SystemClock_Config	88	static
../Core/Src/main.c:226:13:MX_TIM2_Init	32	static
../Core/Src/main.c:272:13:MX_USART2_UART_Init	8	static
../Core/Src/main.c:305:13:MX_GPIO_Init	48	static
../Core/Src/main.c:332:7:off_func	24	static
../Core/Src/main.c:363:6:HandleEvent	16	static
../Core/Src/main.c:395:6:HAL_TIM_PeriodElapsedCallback	24	static
../Core/Src/main.c:428:6:livefuc	16	static
../Core/Src/main.c:438:6:Error_Handler	4	static,ignoring_inline_asm
