C:/Users/Admin/OneDrive/Desktop/embedded c/instructor/host/nucleo_kck/driver_interrupt/inc/interrupt.h:12:6:i2c_inten	16	static
../Core/Src/main.c:28:6:afio	16	static
../Core/Src/main.c:58:6:init	24	static
../Core/Src/main.c:76:6:pe	4	static
../Core/Src/main.c:81:6:start	4	static
../Core/Src/main.c:88:6:addr	24	static
../Core/Src/main.c:98:6:recaddr	24	static
../Core/Src/main.c:108:6:write	16	static
../Core/Src/main.c:117:6:stop	4	static
../Core/Src/main.c:123:9:multipleread	24	static
../Core/Src/main.c:172:6:mpuread	24	static
../Core/Src/main.c:242:6:delay	16	static
../Core/Src/main.c:248:10:read	24	static
../Core/Src/main.c:262:6:nack	4	static
../Core/Src/main.c:265:6:ack	4	static
../Core/Src/main.c:269:6:I2C_Read	24	static
../Core/Src/main.c:312:6:addri2cit	32	static
../Core/Src/main.c:358:5:main	64	static
../Core/Src/main.c:417:6:I2C1_EV_IRQHandler	8	static
