Archive member included to satisfy reference by file (symbol)

c:/st/stm32cubeide_1.10.1/stm32cubeide/plugins/com.st.stm32cube.ide.mcu.externaltools.gnu-tools-for-stm32.10.3-2021.10.win32_1.0.0.202111181127/tools/bin/../lib/gcc/arm-none-eabi/10.3.1/../../../../arm-none-eabi/lib/thumb/v8-m.main+fp/hard\libc_nano.a(lib_a-errno.o)
                              ./Core/Src/syscalls.o (__errno)
c:/st/stm32cubeide_1.10.1/stm32cubeide/plugins/com.st.stm32cube.ide.mcu.externaltools.gnu-tools-for-stm32.10.3-2021.10.win32_1.0.0.202111181127/tools/bin/../lib/gcc/arm-none-eabi/10.3.1/../../../../arm-none-eabi/lib/thumb/v8-m.main+fp/hard\libc_nano.a(lib_a-exit.o)
                              c:/st/stm32cubeide_1.10.1/stm32cubeide/plugins/com.st.stm32cube.ide.mcu.externaltools.gnu-tools-for-stm32.10.3-2021.10.win32_1.0.0.202111181127/tools/bin/../lib/gcc/arm-none-eabi/10.3.1/../../../../arm-none-eabi/lib/thumb/v8-m.main+fp/hard/crt0.o (exit)
c:/st/stm32cubeide_1.10.1/stm32cubeide/plugins/com.st.stm32cube.ide.mcu.externaltools.gnu-tools-for-stm32.10.3-2021.10.win32_1.0.0.202111181127/tools/bin/../lib/gcc/arm-none-eabi/10.3.1/../../../../arm-none-eabi/lib/thumb/v8-m.main+fp/hard\libc_nano.a(lib_a-impure.o)
                              c:/st/stm32cubeide_1.10.1/stm32cubeide/plugins/com.st.stm32cube.ide.mcu.externaltools.gnu-tools-for-stm32.10.3-2021.10.win32_1.0.0.202111181127/tools/bin/../lib/gcc/arm-none-eabi/10.3.1/../../../../arm-none-eabi/lib/thumb/v8-m.main+fp/hard\libc_nano.a(lib_a-exit.o) (_global_impure_ptr)
c:/st/stm32cubeide_1.10.1/stm32cubeide/plugins/com.st.stm32cube.ide.mcu.externaltools.gnu-tools-for-stm32.10.3-2021.10.win32_1.0.0.202111181127/tools/bin/../lib/gcc/arm-none-eabi/10.3.1/../../../../arm-none-eabi/lib/thumb/v8-m.main+fp/hard\libc_nano.a(lib_a-init.o)
                              c:/st/stm32cubeide_1.10.1/stm32cubeide/plugins/com.st.stm32cube.ide.mcu.externaltools.gnu-tools-for-stm32.10.3-2021.10.win32_1.0.0.202111181127/tools/bin/../lib/gcc/arm-none-eabi/10.3.1/../../../../arm-none-eabi/lib/thumb/v8-m.main+fp/hard/crt0.o (__libc_init_array)
c:/st/stm32cubeide_1.10.1/stm32cubeide/plugins/com.st.stm32cube.ide.mcu.externaltools.gnu-tools-for-stm32.10.3-2021.10.win32_1.0.0.202111181127/tools/bin/../lib/gcc/arm-none-eabi/10.3.1/../../../../arm-none-eabi/lib/thumb/v8-m.main+fp/hard\libc_nano.a(lib_a-memset.o)
                              c:/st/stm32cubeide_1.10.1/stm32cubeide/plugins/com.st.stm32cube.ide.mcu.externaltools.gnu-tools-for-stm32.10.3-2021.10.win32_1.0.0.202111181127/tools/bin/../lib/gcc/arm-none-eabi/10.3.1/../../../../arm-none-eabi/lib/thumb/v8-m.main+fp/hard/crt0.o (memset)
c:/st/stm32cubeide_1.10.1/stm32cubeide/plugins/com.st.stm32cube.ide.mcu.externaltools.gnu-tools-for-stm32.10.3-2021.10.win32_1.0.0.202111181127/tools/bin/../lib/gcc/arm-none-eabi/10.3.1/thumb/v8-m.main+fp/hard\libgcc.a(_aeabi_uldivmod.o)
                              ./Drivers/STM32U5xx_HAL_Driver/Src/stm32u5xx_hal_uart.o (__aeabi_uldivmod)
c:/st/stm32cubeide_1.10.1/stm32cubeide/plugins/com.st.stm32cube.ide.mcu.externaltools.gnu-tools-for-stm32.10.3-2021.10.win32_1.0.0.202111181127/tools/bin/../lib/gcc/arm-none-eabi/10.3.1/thumb/v8-m.main+fp/hard\libgcc.a(_udivmoddi4.o)
                              c:/st/stm32cubeide_1.10.1/stm32cubeide/plugins/com.st.stm32cube.ide.mcu.externaltools.gnu-tools-for-stm32.10.3-2021.10.win32_1.0.0.202111181127/tools/bin/../lib/gcc/arm-none-eabi/10.3.1/thumb/v8-m.main+fp/hard\libgcc.a(_aeabi_uldivmod.o) (__udivmoddi4)
c:/st/stm32cubeide_1.10.1/stm32cubeide/plugins/com.st.stm32cube.ide.mcu.externaltools.gnu-tools-for-stm32.10.3-2021.10.win32_1.0.0.202111181127/tools/bin/../lib/gcc/arm-none-eabi/10.3.1/thumb/v8-m.main+fp/hard\libgcc.a(_dvmd_tls.o)
                              c:/st/stm32cubeide_1.10.1/stm32cubeide/plugins/com.st.stm32cube.ide.mcu.externaltools.gnu-tools-for-stm32.10.3-2021.10.win32_1.0.0.202111181127/tools/bin/../lib/gcc/arm-none-eabi/10.3.1/thumb/v8-m.main+fp/hard\libgcc.a(_aeabi_uldivmod.o) (__aeabi_ldiv0)

Discarded input sections

 .text          0x0000000000000000        0x0 c:/st/stm32cubeide_1.10.1/stm32cubeide/plugins/com.st.stm32cube.ide.mcu.externaltools.gnu-tools-for-stm32.10.3-2021.10.win32_1.0.0.202111181127/tools/bin/../lib/gcc/arm-none-eabi/10.3.1/thumb/v8-m.main+fp/hard/crti.o
 .data          0x0000000000000000        0x0 c:/st/stm32cubeide_1.10.1/stm32cubeide/plugins/com.st.stm32cube.ide.mcu.externaltools.gnu-tools-for-stm32.10.3-2021.10.win32_1.0.0.202111181127/tools/bin/../lib/gcc/arm-none-eabi/10.3.1/thumb/v8-m.main+fp/hard/crti.o
 .bss           0x0000000000000000        0x0 c:/st/stm32cubeide_1.10.1/stm32cubeide/plugins/com.st.stm32cube.ide.mcu.externaltools.gnu-tools-for-stm32.10.3-2021.10.win32_1.0.0.202111181127/tools/bin/../lib/gcc/arm-none-eabi/10.3.1/thumb/v8-m.main+fp/hard/crti.o
[...]
Memory Configuration

Name             Origin             Length             Attributes
RAM              0x0000000020000000 0x00000000000c0000 xrw
SRAM4            0x0000000028000000 0x0000000000004000 xrw
FLASH            0x0000000008000000 0x0000000000200000 xr
*default*        0x0000000000000000 0xffffffffffffffff

Linker script and memory map

LOAD c:/st/stm32cubeide_1.10.1/stm32cubeide/plugins/com.st.stm32cube.ide.mcu.externaltools.gnu-tools-for-stm32.10.3-2021.10.win32_1.0.0.202111181127/tools/bin/../lib/gcc/arm-none-eabi/10.3.1/thumb/v8-m.main+fp/hard/crti.o
LOAD c:/st/stm32cubeide_1.10.1/stm32cubeide/plugins/com.st.stm32cube.ide.mcu.externaltools.gnu-tools-for-stm32.10.3-2021.10.win32_1.0.0.202111181127/tools/bin/../lib/gcc/arm-none-eabi/10.3.1/thumb/v8-m.main+fp/hard/crtbegin.o
LOAD c:/st/stm32cubeide_1.10.1/stm32cubeide/plugins/com.st.stm32cube.ide.mcu.externaltools.gnu-tools-for-stm32.10.3-2021.10.win32_1.0.0.202111181127/tools/bin/../lib/gcc/arm-none-eabi/10.3.1/../../../../arm-none-eabi/lib/thumb/v8-m.main+fp/hard/crt0.o
LOAD ./Core/Src/fonts.o
LOAD ./Core/Src/main.o
LOAD ./Core/Src/st7789.o
LOAD ./Core/Src/stm32u5xx_hal_msp.o
LOAD ./Core/Src/stm32u5xx_it.o
LOAD ./Core/Src/syscalls.o
LOAD ./Core/Src/sysmem.o
LOAD ./Core/Src/system_stm32u5xx.o
LOAD ./Core/Startup/startup_stm32u575zitxq.o
LOAD ./Drivers/STM32U5xx_HAL_Driver/Src/stm32u5xx_hal.o
LOAD ./Drivers/STM32U5xx_HAL_Driver/Src/stm32u5xx_hal_adc.o
LOAD ./Drivers/STM32U5xx_HAL_Driver/Src/stm32u5xx_hal_adc_ex.o
LOAD ./Drivers/STM32U5xx_HAL_Driver/Src/stm32u5xx_hal_cortex.o
LOAD ./Drivers/STM32U5xx_HAL_Driver/Src/stm32u5xx_hal_dma.o
LOAD ./Drivers/STM32U5xx_HAL_Driver/Src/stm32u5xx_hal_dma_ex.o
LOAD ./Drivers/STM32U5xx_HAL_Driver/Src/stm32u5xx_hal_exti.o
LOAD ./Drivers/STM32U5xx_HAL_Driver/Src/stm32u5xx_hal_flash.o
LOAD ./Drivers/STM32U5xx_HAL_Driver/Src/stm32u5xx_hal_flash_ex.o
LOAD ./Drivers/STM32U5xx_HAL_Driver/Src/stm32u5xx_hal_gpio.o
LOAD ./Drivers/STM32U5xx_HAL_Driver/Src/stm32u5xx_hal_gtzc.o
LOAD ./Drivers/STM32U5xx_HAL_Driver/Src/stm32u5xx_hal_i2c.o
LOAD ./Drivers/STM32U5xx_HAL_Driver/Src/stm32u5xx_hal_i2c_ex.o
LOAD ./Drivers/STM32U5xx_HAL_Driver/Src/stm32u5xx_hal_icache.o
LOAD ./Drivers/STM32U5xx_HAL_Driver/Src/stm32u5xx_hal_pcd.o
LOAD ./Drivers/STM32U5xx_HAL_Driver/Src/stm32u5xx_hal_pcd_ex.o
LOAD ./Drivers/STM32U5xx_HAL_Driver/Src/stm32u5xx_hal_pwr.o
LOAD ./Drivers/STM32U5xx_HAL_Driver/Src/stm32u5xx_hal_pwr_ex.o
LOAD ./Drivers/STM32U5xx_HAL_Driver/Src/stm32u5xx_hal_rcc.o
LOAD ./Drivers/STM32U5xx_HAL_Driver/Src/stm32u5xx_hal_rcc_ex.o
LOAD ./Drivers/STM32U5xx_HAL_Driver/Src/stm32u5xx_hal_spi.o
LOAD ./Drivers/STM32U5xx_HAL_Driver/Src/stm32u5xx_hal_spi_ex.o
LOAD ./Drivers/STM32U5xx_HAL_Driver/Src/stm32u5xx_hal_tim.o
LOAD ./Drivers/STM32U5xx_HAL_Driver/Src/stm32u5xx_hal_tim_ex.o
LOAD ./Drivers/STM32U5xx_HAL_Driver/Src/stm32u5xx_hal_uart.o
LOAD ./Drivers/STM32U5xx_HAL_Driver/Src/stm32u5xx_hal_uart_ex.o
LOAD ./Drivers/STM32U5xx_HAL_Driver/Src/stm32u5xx_ll_dma.o
LOAD ./Drivers/STM32U5xx_HAL_Driver/Src/stm32u5xx_ll_exti.o
LOAD ./Drivers/STM32U5xx_HAL_Driver/Src/stm32u5xx_ll_gpio.o
LOAD ./Drivers/STM32U5xx_HAL_Driver/Src/stm32u5xx_ll_lpgpio.o
LOAD ./Drivers/STM32U5xx_HAL_Driver/Src/stm32u5xx_ll_ucpd.o
LOAD ./Drivers/STM32U5xx_HAL_Driver/Src/stm32u5xx_ll_usb.o
LOAD ./Drivers/STM32U5xx_HAL_Driver/Src/stm32u5xx_ll_utils.o
START GROUP
LOAD c:/st/stm32cubeide_1.10.1/stm32cubeide/plugins/com.st.stm32cube.ide.mcu.externaltools.gnu-tools-for-stm32.10.3-2021.10.win32_1.0.0.202111181127/tools/bin/../lib/gcc/arm-none-eabi/10.3.1/../../../../arm-none-eabi/lib/thumb/v8-m.main+fp/hard\libc_nano.a
LOAD c:/st/stm32cubeide_1.10.1/stm32cubeide/plugins/com.st.stm32cube.ide.mcu.externaltools.gnu-tools-for-stm32.10.3-2021.10.win32_1.0.0.202111181127/tools/bin/../lib/gcc/arm-none-eabi/10.3.1/../../../../arm-none-eabi/lib/thumb/v8-m.main+fp/hard\libm.a
END GROUP
START GROUP
LOAD c:/st/stm32cubeide_1.10.1/stm32cubeide/plugins/com.st.stm32cube.ide.mcu.externaltools.gnu-tools-for-stm32.10.3-2021.10.win32_1.0.0.202111181127/tools/bin/../lib/gcc/arm-none-eabi/10.3.1/thumb/v8-m.main+fp/hard\libgcc.a
LOAD c:/st/stm32cubeide_1.10.1/stm32cubeide/plugins/com.st.stm32cube.ide.mcu.externaltools.gnu-tools-for-stm32.10.3-2021.10.win32_1.0.0.202111181127/tools/bin/../lib/gcc/arm-none-eabi/10.3.1/../../../../arm-none-eabi/lib/thumb/v8-m.main+fp/hard\libc_nano.a
END GROUP
START GROUP
LOAD c:/st/stm32cubeide_1.10.1/stm32cubeide/plugins/com.st.stm32cube.ide.mcu.externaltools.gnu-tools-for-stm32.10.3-2021.10.win32_1.0.0.202111181127/tools/bin/../lib/gcc/arm-none-eabi/10.3.1/thumb/v8-m.main+fp/hard\libgcc.a
LOAD c:/st/stm32cubeide_1.10.1/stm32cubeide/plugins/com.st.stm32cube.ide.mcu.externaltools.gnu-tools-for-stm32.10.3-2021.10.win32_1.0.0.202111181127/tools/bin/../lib/gcc/arm-none-eabi/10.3.1/../../../../arm-none-eabi/lib/thumb/v8-m.main+fp/hard\libc_nano.a
LOAD c:/st/stm32cubeide_1.10.1/stm32cubeide/plugins/com.st.stm32cube.ide.mcu.externaltools.gnu-tools-for-stm32.10.3-2021.10.win32_1.0.0.202111181127/tools/bin/../lib/gcc/arm-none-eabi/10.3.1/../../../../arm-none-eabi/lib/thumb/v8-m.main+fp/hard\libnosys.a
END GROUP
START GROUP
LOAD c:/st/stm32cubeide_1.10.1/stm32cubeide/plugins/com.st.stm32cube.ide.mcu.externaltools.gnu-tools-for-stm32.10.3-2021.10.win32_1.0.0.202111181127/tools/bin/../lib/gcc/arm-none-eabi/10.3.1/thumb/v8-m.main+fp/hard\libgcc.a
LOAD c:/st/stm32cubeide_1.10.1/stm32cubeide/plugins/com.st.stm32cube.ide.mcu.externaltools.gnu-tools-for-stm32.10.3-2021.10.win32_1.0.0.202111181127/tools/bin/../lib/gcc/arm-none-eabi/10.3.1/../../../../arm-none-eabi/lib/thumb/v8-m.main+fp/hard\libc_nano.a
LOAD c:/st/stm32cubeide_1.10.1/stm32cubeide/plugins/com.st.stm32cube.ide.mcu.externaltools.gnu-tools-for-stm32.10.3-2021.10.win32_1.0.0.202111181127/tools/bin/../lib/gcc/arm-none-eabi/10.3.1/../../../../arm-none-eabi/lib/thumb/v8-m.main+fp/hard\libnosys.a
END GROUP
LOAD c:/st/stm32cubeide_1.10.1/stm32cubeide/plugins/com.st.stm32cube.ide.mcu.externaltools.gnu-tools-for-stm32.10.3-2021.10.win32_1.0.0.202111181127/tools/bin/../lib/gcc/arm-none-eabi/10.3.1/thumb/v8-m.main+fp/hard/crtend.o
LOAD c:/st/stm32cubeide_1.10.1/stm32cubeide/plugins/com.st.stm32cube.ide.mcu.externaltools.gnu-tools-for-stm32.10.3-2021.10.win32_1.0.0.202111181127/tools/bin/../lib/gcc/arm-none-eabi/10.3.1/thumb/v8-m.main+fp/hard/crtn.o
                0x00000000200c0000                _estack = (ORIGIN (RAM) + LENGTH (RAM))
                0x0000000000000200                _Min_Heap_Size = 0x200
                0x0000000000000400                _Min_Stack_Size = 0x400

.isr_vector     0x0000000008000000      0x234
 *(.isr_vector)
 .isr_vector    0x0000000008000000      0x234 ./Core/Startup/startup_stm32u575zitxq.o
                0x0000000008000000                g_pfnVectors

.text           0x0000000008000234     0xaacc
 *(.text)
 .text          0x0000000008000234       0x40 c:/st/stm32cubeide_1.10.1/stm32cubeide/plugins/com.st.stm32cube.ide.mcu.externaltools.gnu-tools-for-stm32.10.3-2021.10.win32_1.0.0.202111181127/tools/bin/../lib/gcc/arm-none-eabi/10.3.1/thumb/v8-m.main+fp/hard/crtbegin.o
 .text          0x0000000008000274       0x30 c:/st/stm32cubeide_1.10.1/stm32cubeide/plugins/com.st.stm32cube.ide.mcu.externaltools.gnu-tools-for-stm32.10.3-2021.10.win32_1.0.0.202111181127/tools/bin/../lib/gcc/arm-none-eabi/10.3.1/thumb/v8-m.main+fp/hard\libgcc.a(_aeabi_uldivmod.o)
                0x0000000008000274                __aeabi_uldivmod
 .text          0x00000000080002a4      0x2ec c:/st/stm32cubeide_1.10.1/stm32cubeide/plugins/com.st.stm32cube.ide.mcu.externaltools.gnu-tools-for-stm32.10.3-2021.10.win32_1.0.0.202111181127/tools/bin/../lib/gcc/arm-none-eabi/10.3.1/thumb/v8-m.main+fp/hard\libgcc.a(_udivmoddi4.o)
                0x00000000080002a4                __udivmoddi4
 .text          0x0000000008000590        0x4 c:/st/stm32cubeide_1.10.1/stm32cubeide/plugins/com.st.stm32cube.ide.mcu.externaltools.gnu-tools-for-stm32.10.3-2021.10.win32_1.0.0.202111181127/tools/bin/../lib/gcc/arm-none-eabi/10.3.1/thumb/v8-m.main+fp/hard\libgcc.a(_dvmd_tls.o)
                0x0000000008000590                __aeabi_idiv0
                0x0000000008000590                __aeabi_ldiv0
 *(.text*)
 .text.LL_AHB2_GRP1_EnableClock
                0x0000000008000594       0x38 ./Core/Src/main.o
 .text.LL_APB1_GRP2_EnableClock
                0x00000000080005cc       0x38 ./Core/Src/main.o
 .text.main     0x0000000008000604       0x50 ./Core/Src/main.o
                0x0000000008000604                main
 .text.SystemClock_Config
                0x0000000008000654       0xc8 ./Core/Src/main.o
                0x0000000008000654                SystemClock_Config
 .text.SystemPower_Config
                0x000000000800071c       0x1c ./Core/Src/main.o
 .text.MX_ADC1_Init
                0x0000000008000738       0x88 ./Core/Src/main.o
 .text.MX_SPI1_Init
                0x00000000080007c0       0xe4 ./Core/Src/main.o
 .text.MX_SPI2_Init
                0x00000000080008a4       0xe0 ./Core/Src/main.o
 .text.MX_UCPD1_Init
                0x0000000008000984       0x6c ./Core/Src/main.o
 .text.MX_USART1_UART_Init
                0x00000000080009f0       0x98 ./Core/Src/main.o
 .text.MX_USB_OTG_FS_PCD_Init
                0x0000000008000a88       0x58 ./Core/Src/main.o
 .text.MX_GPIO_Init
                0x0000000008000ae0      0x18c ./Core/Src/main.o
 .text.Error_Handler
                0x0000000008000c6c        0xa ./Core/Src/main.o
                0x0000000008000c6c                Error_Handler
 *fill*         0x0000000008000c76        0x2 
 .text.ST7789_WriteCommand
                0x0000000008000c78       0x4c ./Core/Src/st7789.o
 .text.ST7789_WriteData
                0x0000000008000cc4       0xa4 ./Core/Src/st7789.o
 .text.ST7789_WriteSmallData
                0x0000000008000d68       0x4c ./Core/Src/st7789.o
 .text.ST7789_SetRotation
                0x0000000008000db4       0x58 ./Core/Src/st7789.o
                0x0000000008000db4                ST7789_SetRotation
 .text.ST7789_SetAddressWindow
                0x0000000008000e0c       0xbc ./Core/Src/st7789.o
 .text.ST7789_Init
                0x0000000008000ec8      0x150 ./Core/Src/st7789.o
                0x0000000008000ec8                ST7789_Init
 .text.ST7789_Fill_Color
                0x0000000008001018       0x7c ./Core/Src/st7789.o
                0x0000000008001018                ST7789_Fill_Color
 .text.ST7789_DrawPixel
                0x0000000008001094       0x6c ./Core/Src/st7789.o
                0x0000000008001094                ST7789_DrawPixel
 .text.ST7789_DrawLine
                0x0000000008001100      0x118 ./Core/Src/st7789.o
                0x0000000008001100                ST7789_DrawLine
 .text.ST7789_DrawRectangle
                0x0000000008001218       0x8c ./Core/Src/st7789.o
                0x0000000008001218                ST7789_DrawRectangle
 .text.ST7789_DrawCircle
                0x00000000080012a4      0x1d0 ./Core/Src/st7789.o
                0x00000000080012a4                ST7789_DrawCircle
 .text.ST7789_DrawImage
                0x0000000008001474       0xa0 ./Core/Src/st7789.o
                0x0000000008001474                ST7789_DrawImage
 .text.ST7789_WriteChar
                0x0000000008001514      0x104 ./Core/Src/st7789.o
                0x0000000008001514                ST7789_WriteChar
 .text.ST7789_WriteString
                0x0000000008001618       0xa8 ./Core/Src/st7789.o
                0x0000000008001618                ST7789_WriteString
 .text.ST7789_DrawFilledRectangle
                0x00000000080016c0       0xb4 ./Core/Src/st7789.o
                0x00000000080016c0                ST7789_DrawFilledRectangle
 .text.ST7789_DrawTriangle
                0x0000000008001774       0x78 ./Core/Src/st7789.o
                0x0000000008001774                ST7789_DrawTriangle
 .text.ST7789_DrawFilledTriangle
                0x00000000080017ec      0x1a0 ./Core/Src/st7789.o
                0x00000000080017ec                ST7789_DrawFilledTriangle
 .text.ST7789_DrawFilledCircle
                0x000000000800198c      0x1d0 ./Core/Src/st7789.o
                0x000000000800198c                ST7789_DrawFilledCircle
 .text.ST7789_Test
                0x0000000008001b5c      0x350 ./Core/Src/st7789.o
                0x0000000008001b5c                ST7789_Test
 .text.HAL_MspInit
                0x0000000008001eac       0x38 ./Core/Src/stm32u5xx_hal_msp.o
                0x0000000008001eac                HAL_MspInit
 .text.HAL_ADC_MspInit
                0x0000000008001ee4       0xc8 ./Core/Src/stm32u5xx_hal_msp.o
                0x0000000008001ee4                HAL_ADC_MspInit
 .text.HAL_SPI_MspInit
                0x0000000008001fac      0x1c4 ./Core/Src/stm32u5xx_hal_msp.o
                0x0000000008001fac                HAL_SPI_MspInit
 .text.HAL_UART_MspInit
                0x0000000008002170       0xd0 ./Core/Src/stm32u5xx_hal_msp.o
                0x0000000008002170                HAL_UART_MspInit
 .text.HAL_PCD_MspInit
                0x0000000008002240      0x128 ./Core/Src/stm32u5xx_hal_msp.o
                0x0000000008002240                HAL_PCD_MspInit
 .text.NMI_Handler
                0x0000000008002368        0x6 ./Core/Src/stm32u5xx_it.o
                0x0000000008002368                NMI_Handler
 .text.HardFault_Handler
                0x000000000800236e        0x6 ./Core/Src/stm32u5xx_it.o
                0x000000000800236e                HardFault_Handler
 .text.MemManage_Handler
                0x0000000008002374        0x6 ./Core/Src/stm32u5xx_it.o
                0x0000000008002374                MemManage_Handler
 .text.BusFault_Handler
                0x000000000800237a        0x6 ./Core/Src/stm32u5xx_it.o
                0x000000000800237a                BusFault_Handler
 .text.UsageFault_Handler
                0x0000000008002380        0x6 ./Core/Src/stm32u5xx_it.o
                0x0000000008002380                UsageFault_Handler
 .text.SVC_Handler
                0x0000000008002386        0xe ./Core/Src/stm32u5xx_it.o
                0x0000000008002386                SVC_Handler
 .text.DebugMon_Handler
                0x0000000008002394        0xe ./Core/Src/stm32u5xx_it.o
                0x0000000008002394                DebugMon_Handler
 .text.PendSV_Handler
                0x00000000080023a2        0xe ./Core/Src/stm32u5xx_it.o
                0x00000000080023a2                PendSV_Handler
 .text.SysTick_Handler
                0x00000000080023b0        0xc ./Core/Src/stm32u5xx_it.o
                0x00000000080023b0                SysTick_Handler
 .text.OTG_FS_IRQHandler
                0x00000000080023bc       0x14 ./Core/Src/stm32u5xx_it.o
                0x00000000080023bc                OTG_FS_IRQHandler
 .text.SystemInit
                0x00000000080023d0       0x70 ./Core/Src/system_stm32u5xx.o
                0x00000000080023d0                SystemInit
 .text.Reset_Handler
                0x0000000008002440       0x50 ./Core/Startup/startup_stm32u575zitxq.o
                0x0000000008002440                Reset_Handler
 .text.Default_Handler
                0x0000000008002490        0x2 ./Core/Startup/startup_stm32u575zitxq.o
                0x0000000008002490                EXTI2_IRQHandler
                0x0000000008002490                TIM8_TRG_COM_IRQHandler
                0x0000000008002490                TIM8_CC_IRQHandler
                0x0000000008002490                EXTI5_IRQHandler
                0x0000000008002490                FLASH_S_IRQHandler
                0x0000000008002490                EXTI13_IRQHandler
                0x0000000008002490                TIM1_CC_IRQHandler
                0x0000000008002490                TSC_IRQHandler
                0x0000000008002490                TAMP_IRQHandler
                0x0000000008002490                TIM6_IRQHandler
                0x0000000008002490                EXTI12_IRQHandler
                0x0000000008002490                CORDIC_IRQHandler
                0x0000000008002490                EXTI3_IRQHandler
                0x0000000008002490                LPTIM4_IRQHandler
                0x0000000008002490                GPDMA1_Channel5_IRQHandler
                0x0000000008002490                EXTI8_IRQHandler
                0x0000000008002490                LPTIM2_IRQHandler
                0x0000000008002490                I2C3_ER_IRQHandler
                0x0000000008002490                PWR_S3WU_IRQHandler
                0x0000000008002490                MDF1_FLT2_IRQHandler
                0x0000000008002490                LPDMA1_Channel3_IRQHandler
                0x0000000008002490                LPTIM3_IRQHandler
                0x0000000008002490                EXTI0_IRQHandler
                0x0000000008002490                I2C2_EV_IRQHandler
                0x0000000008002490                FPU_IRQHandler
                0x0000000008002490                GPDMA1_Channel3_IRQHandler
                0x0000000008002490                GPDMA1_Channel7_IRQHandler
                0x0000000008002490                MDF1_FLT4_IRQHandler
                0x0000000008002490                FDCAN1_IT1_IRQHandler
                0x0000000008002490                RAMCFG_IRQHandler
                0x0000000008002490                GPDMA1_Channel9_IRQHandler
                0x0000000008002490                DCACHE1_IRQHandler
                0x0000000008002490                SPI1_IRQHandler
                0x0000000008002490                OCTOSPI1_IRQHandler
                0x0000000008002490                GPDMA1_Channel2_IRQHandler
                0x0000000008002490                TIM8_UP_IRQHandler
                0x0000000008002490                RCC_S_IRQHandler
                0x0000000008002490                OCTOSPI2_IRQHandler
                0x0000000008002490                SAI2_IRQHandler
                0x0000000008002490                MDF1_FLT1_IRQHandler
                0x0000000008002490                ADC1_IRQHandler
                0x0000000008002490                MDF1_FLT5_IRQHandler
                0x0000000008002490                EXTI15_IRQHandler
                0x0000000008002490                TIM17_IRQHandler
                0x0000000008002490                USART3_IRQHandler
                0x0000000008002490                RTC_IRQHandler
                0x0000000008002490                EXTI9_IRQHandler
                0x0000000008002490                UART5_IRQHandler
                0x0000000008002490                TIM4_IRQHandler
                0x0000000008002490                I2C1_EV_IRQHandler
                0x0000000008002490                GPDMA1_Channel12_IRQHandler
                0x0000000008002490                GPDMA1_Channel1_IRQHandler
                0x0000000008002490                TIM16_IRQHandler
                0x0000000008002490                GPDMA1_Channel15_IRQHandler
                0x0000000008002490                UART4_IRQHandler
                0x0000000008002490                SecureFault_Handler
                0x0000000008002490                TIM3_IRQHandler
                0x0000000008002490                RCC_IRQHandler
                0x0000000008002490                TIM1_TRG_COM_IRQHandler
                0x0000000008002490                Default_Handler
                0x0000000008002490                GPDMA1_Channel8_IRQHandler
                0x0000000008002490                FMAC_IRQHandler
                0x0000000008002490                GPDMA1_Channel11_IRQHandler
                0x0000000008002490                TIM7_IRQHandler
                0x0000000008002490                SDMMC1_IRQHandler
                0x0000000008002490                TIM5_IRQHandler
                0x0000000008002490                UCPD1_IRQHandler
                0x0000000008002490                GPDMA1_Channel0_IRQHandler
                0x0000000008002490                TIM15_IRQHandler
                0x0000000008002490                I2C3_EV_IRQHandler
                0x0000000008002490                LPDMA1_Channel0_IRQHandler
                0x0000000008002490                PVD_PVM_IRQHandler
                0x0000000008002490                SPI2_IRQHandler
                0x0000000008002490                LPDMA1_Channel1_IRQHandler
                0x0000000008002490                EXTI14_IRQHandler
                0x0000000008002490                EXTI11_IRQHandler
                0x0000000008002490                CRS_IRQHandler
                0x0000000008002490                GPDMA1_Channel14_IRQHandler
                0x0000000008002490                EXTI4_IRQHandler
                0x0000000008002490                RTC_S_IRQHandler
                0x0000000008002490                GPDMA1_Channel13_IRQHandler
                0x0000000008002490                RNG_IRQHandler
                0x0000000008002490                COMP_IRQHandler
                0x0000000008002490                TIM1_UP_IRQHandler
                0x0000000008002490                ADC4_IRQHandler
                0x0000000008002490                WWDG_IRQHandler
                0x0000000008002490                I2C4_EV_IRQHandler
                0x0000000008002490                ADF1_IRQHandler
                0x0000000008002490                IWDG_IRQHandler
                0x0000000008002490                LPUART1_IRQHandler
                0x0000000008002490                MDF1_FLT0_IRQHandler
                0x0000000008002490                FDCAN1_IT0_IRQHandler
                0x0000000008002490                TIM2_IRQHandler
                0x0000000008002490                GPDMA1_Channel4_IRQHandler
                0x0000000008002490                EXTI7_IRQHandler
                0x0000000008002490                DMA2D_IRQHandler
                0x0000000008002490                TIM1_BRK_IRQHandler
                0x0000000008002490                EXTI1_IRQHandler
                0x0000000008002490                SDMMC2_IRQHandler
                0x0000000008002490                DAC1_IRQHandler
                0x0000000008002490                GTZC_IRQHandler
                0x0000000008002490                MDF1_FLT3_IRQHandler
                0x0000000008002490                USART2_IRQHandler
                0x0000000008002490                GPDMA1_Channel6_IRQHandler
                0x0000000008002490                I2C2_ER_IRQHandler
                0x0000000008002490                TIM8_BRK_IRQHandler
                0x0000000008002490                FLASH_IRQHandler
                0x0000000008002490                USART1_IRQHandler
                0x0000000008002490                EXTI10_IRQHandler
                0x0000000008002490                SPI3_IRQHandler
                0x0000000008002490                LPDMA1_Channel2_IRQHandler
                0x0000000008002490                I2C1_ER_IRQHandler
                0x0000000008002490                FMC_IRQHandler
                0x0000000008002490                EXTI6_IRQHandler
                0x0000000008002490                LPTIM1_IRQHandler
                0x0000000008002490                DCMI_PSSI_IRQHandler
                0x0000000008002490                I2C4_ER_IRQHandler
                0x0000000008002490                GPDMA1_Channel10_IRQHandler
                0x0000000008002490                ICACHE_IRQHandler
                0x0000000008002490                SAI1_IRQHandler
                0x0000000008002490                HASH_IRQHandler
 *fill*         0x0000000008002492        0x2 
 .text.HAL_Init
                0x0000000008002494       0x5c ./Drivers/STM32U5xx_HAL_Driver/Src/stm32u5xx_hal.o
                0x0000000008002494                HAL_Init
 .text.HAL_InitTick
                0x00000000080024f0       0x6c ./Drivers/STM32U5xx_HAL_Driver/Src/stm32u5xx_hal.o
                0x00000000080024f0                HAL_InitTick
 .text.HAL_IncTick
                0x000000000800255c       0x28 ./Drivers/STM32U5xx_HAL_Driver/Src/stm32u5xx_hal.o
                0x000000000800255c                HAL_IncTick
 .text.HAL_GetTick
                0x0000000008002584       0x18 ./Drivers/STM32U5xx_HAL_Driver/Src/stm32u5xx_hal.o
                0x0000000008002584                HAL_GetTick
 .text.HAL_Delay
                0x000000000800259c       0x48 ./Drivers/STM32U5xx_HAL_Driver/Src/stm32u5xx_hal.o
                0x000000000800259c                HAL_Delay
 .text.LL_ADC_SetCommonClock
                0x00000000080025e4       0x26 ./Drivers/STM32U5xx_HAL_Driver/Src/stm32u5xx_hal_adc.o
 .text.LL_ADC_SetGainCompensation
                0x000000000800260a       0x46 ./Drivers/STM32U5xx_HAL_Driver/Src/stm32u5xx_hal_adc.o
 .text.LL_ADC_SetSamplingTimeCommonChannels
                0x0000000008002650       0x3e ./Drivers/STM32U5xx_HAL_Driver/Src/stm32u5xx_hal_adc.o
 .text.LL_ADC_DisableDeepPowerDown
                0x000000000800268e       0x24 ./Drivers/STM32U5xx_HAL_Driver/Src/stm32u5xx_hal_adc.o
 .text.LL_ADC_IsDeepPowerDownEnabled
                0x00000000080026b2       0x28 ./Drivers/STM32U5xx_HAL_Driver/Src/stm32u5xx_hal_adc.o
 .text.LL_ADC_EnableInternalRegulator
                0x00000000080026da       0x28 ./Drivers/STM32U5xx_HAL_Driver/Src/stm32u5xx_hal_adc.o
 .text.LL_ADC_IsInternalRegulatorEnabled
                0x0000000008002702       0x28 ./Drivers/STM32U5xx_HAL_Driver/Src/stm32u5xx_hal_adc.o
 .text.LL_ADC_IsEnabled
                0x000000000800272a       0x26 ./Drivers/STM32U5xx_HAL_Driver/Src/stm32u5xx_hal_adc.o
 .text.LL_ADC_REG_IsConversionOngoing
                0x0000000008002750       0x26 ./Drivers/STM32U5xx_HAL_Driver/Src/stm32u5xx_hal_adc.o
 .text.LL_ADC_INJ_IsConversionOngoing
                0x0000000008002776       0x26 ./Drivers/STM32U5xx_HAL_Driver/Src/stm32u5xx_hal_adc.o
 .text.HAL_ADC_Init
                0x000000000800279c      0x5f4 ./Drivers/STM32U5xx_HAL_Driver/Src/stm32u5xx_hal_adc.o
                0x000000000800279c                HAL_ADC_Init
 .text.__NVIC_SetPriorityGrouping
                0x0000000008002d90       0x48 ./Drivers/STM32U5xx_HAL_Driver/Src/stm32u5xx_hal_cortex.o
 .text.__NVIC_GetPriorityGrouping
                0x0000000008002dd8       0x1c ./Drivers/STM32U5xx_HAL_Driver/Src/stm32u5xx_hal_cortex.o
 .text.__NVIC_EnableIRQ
                0x0000000008002df4       0x3c ./Drivers/STM32U5xx_HAL_Driver/Src/stm32u5xx_hal_cortex.o
 .text.__NVIC_SetPriority
                0x0000000008002e30       0x54 ./Drivers/STM32U5xx_HAL_Driver/Src/stm32u5xx_hal_cortex.o
 .text.NVIC_EncodePriority
                0x0000000008002e84       0x66 ./Drivers/STM32U5xx_HAL_Driver/Src/stm32u5xx_hal_cortex.o
 *fill*         0x0000000008002eea        0x2 
 .text.SysTick_Config
                0x0000000008002eec       0x44 ./Drivers/STM32U5xx_HAL_Driver/Src/stm32u5xx_hal_cortex.o
 .text.HAL_NVIC_SetPriorityGrouping
                0x0000000008002f30       0x16 ./Drivers/STM32U5xx_HAL_Driver/Src/stm32u5xx_hal_cortex.o
                0x0000000008002f30                HAL_NVIC_SetPriorityGrouping
 .text.HAL_NVIC_SetPriority
                0x0000000008002f46       0x34 ./Drivers/STM32U5xx_HAL_Driver/Src/stm32u5xx_hal_cortex.o
                0x0000000008002f46                HAL_NVIC_SetPriority
 .text.HAL_NVIC_EnableIRQ
                0x0000000008002f7a       0x1c ./Drivers/STM32U5xx_HAL_Driver/Src/stm32u5xx_hal_cortex.o
                0x0000000008002f7a                HAL_NVIC_EnableIRQ
 .text.HAL_SYSTICK_Config
                0x0000000008002f96       0x18 ./Drivers/STM32U5xx_HAL_Driver/Src/stm32u5xx_hal_cortex.o
                0x0000000008002f96                HAL_SYSTICK_Config
 .text.HAL_DMA_Start_IT
                0x0000000008002fae       0xc0 ./Drivers/STM32U5xx_HAL_Driver/Src/stm32u5xx_hal_dma.o
                0x0000000008002fae                HAL_DMA_Start_IT
 .text.HAL_DMA_GetError
                0x000000000800306e       0x18 ./Drivers/STM32U5xx_HAL_Driver/Src/stm32u5xx_hal_dma.o
                0x000000000800306e                HAL_DMA_GetError
 .text.DMA_SetConfig
                0x0000000008003086       0x4a ./Drivers/STM32U5xx_HAL_Driver/Src/stm32u5xx_hal_dma.o
 .text.HAL_DMAEx_List_Start_IT
                0x00000000080030d0      0x128 ./Drivers/STM32U5xx_HAL_Driver/Src/stm32u5xx_hal_dma_ex.o
                0x00000000080030d0                HAL_DMAEx_List_Start_IT
 .text.DMA_List_GetCLLRNodeInfo
                0x00000000080031f8       0x60 ./Drivers/STM32U5xx_HAL_Driver/Src/stm32u5xx_hal_dma_ex.o
 .text.HAL_GPIO_Init
                0x0000000008003258      0x3b0 ./Drivers/STM32U5xx_HAL_Driver/Src/stm32u5xx_hal_gpio.o
                0x0000000008003258                HAL_GPIO_Init
 .text.HAL_GPIO_WritePin
                0x0000000008003608       0x30 ./Drivers/STM32U5xx_HAL_Driver/Src/stm32u5xx_hal_gpio.o
                0x0000000008003608                HAL_GPIO_WritePin
 .text.HAL_PCD_Init
                0x0000000008003638      0x248 ./Drivers/STM32U5xx_HAL_Driver/Src/stm32u5xx_hal_pcd.o
                0x0000000008003638                HAL_PCD_Init
 .text.HAL_PCD_IRQHandler
                0x0000000008003880      0x998 ./Drivers/STM32U5xx_HAL_Driver/Src/stm32u5xx_hal_pcd.o
                0x0000000008003880                HAL_PCD_IRQHandler
 .text.HAL_PCD_DataOutStageCallback
                0x0000000008004218       0x18 ./Drivers/STM32U5xx_HAL_Driver/Src/stm32u5xx_hal_pcd.o
                0x0000000008004218                HAL_PCD_DataOutStageCallback
 .text.HAL_PCD_DataInStageCallback
                0x0000000008004230       0x18 ./Drivers/STM32U5xx_HAL_Driver/Src/stm32u5xx_hal_pcd.o
                0x0000000008004230                HAL_PCD_DataInStageCallback
 .text.HAL_PCD_SetupStageCallback
                0x0000000008004248       0x14 ./Drivers/STM32U5xx_HAL_Driver/Src/stm32u5xx_hal_pcd.o
                0x0000000008004248                HAL_PCD_SetupStageCallback
 .text.HAL_PCD_SOFCallback
                0x000000000800425c       0x14 ./Drivers/STM32U5xx_HAL_Driver/Src/stm32u5xx_hal_pcd.o
                0x000000000800425c                HAL_PCD_SOFCallback
 .text.HAL_PCD_ResetCallback
                0x0000000008004270       0x14 ./Drivers/STM32U5xx_HAL_Driver/Src/stm32u5xx_hal_pcd.o
                0x0000000008004270                HAL_PCD_ResetCallback
 .text.HAL_PCD_SuspendCallback
                0x0000000008004284       0x14 ./Drivers/STM32U5xx_HAL_Driver/Src/stm32u5xx_hal_pcd.o
                0x0000000008004284                HAL_PCD_SuspendCallback
 .text.HAL_PCD_ResumeCallback
                0x0000000008004298       0x14 ./Drivers/STM32U5xx_HAL_Driver/Src/stm32u5xx_hal_pcd.o
                0x0000000008004298                HAL_PCD_ResumeCallback
 .text.HAL_PCD_ISOOUTIncompleteCallback
                0x00000000080042ac       0x18 ./Drivers/STM32U5xx_HAL_Driver/Src/stm32u5xx_hal_pcd.o
                0x00000000080042ac                HAL_PCD_ISOOUTIncompleteCallback
 .text.HAL_PCD_ISOINIncompleteCallback
                0x00000000080042c4       0x18 ./Drivers/STM32U5xx_HAL_Driver/Src/stm32u5xx_hal_pcd.o
                0x00000000080042c4                HAL_PCD_ISOINIncompleteCallback
 .text.HAL_PCD_ConnectCallback
                0x00000000080042dc       0x14 ./Drivers/STM32U5xx_HAL_Driver/Src/stm32u5xx_hal_pcd.o
                0x00000000080042dc                HAL_PCD_ConnectCallback
 .text.HAL_PCD_DisconnectCallback
                0x00000000080042f0       0x14 ./Drivers/STM32U5xx_HAL_Driver/Src/stm32u5xx_hal_pcd.o
                0x00000000080042f0                HAL_PCD_DisconnectCallback
 .text.HAL_PCD_EP_Abort
                0x0000000008004304       0x62 ./Drivers/STM32U5xx_HAL_Driver/Src/stm32u5xx_hal_pcd.o
                0x0000000008004304                HAL_PCD_EP_Abort
 .text.PCD_WriteEmptyTxFifo
                0x0000000008004366      0x11a ./Drivers/STM32U5xx_HAL_Driver/Src/stm32u5xx_hal_pcd.o
 .text.PCD_EP_OutXfrComplete_int
                0x0000000008004480      0x1d0 ./Drivers/STM32U5xx_HAL_Driver/Src/stm32u5xx_hal_pcd.o
 .text.PCD_EP_OutSetupPacket_int
                0x0000000008004650       0x8c ./Drivers/STM32U5xx_HAL_Driver/Src/stm32u5xx_hal_pcd.o
 .text.HAL_PCDEx_ActivateLPM
                0x00000000080046dc       0x48 ./Drivers/STM32U5xx_HAL_Driver/Src/stm32u5xx_hal_pcd_ex.o
                0x00000000080046dc                HAL_PCDEx_ActivateLPM
 .text.HAL_PCDEx_LPM_Callback
                0x0000000008004724       0x18 ./Drivers/STM32U5xx_HAL_Driver/Src/stm32u5xx_hal_pcd_ex.o
                0x0000000008004724                HAL_PCDEx_LPM_Callback
 .text.HAL_PWREx_ControlVoltageScaling
                0x000000000800473c       0xe8 ./Drivers/STM32U5xx_HAL_Driver/Src/stm32u5xx_hal_pwr_ex.o
                0x000000000800473c                HAL_PWREx_ControlVoltageScaling
 .text.HAL_PWREx_GetVoltageRange
                0x0000000008004824       0x1c ./Drivers/STM32U5xx_HAL_Driver/Src/stm32u5xx_hal_pwr_ex.o
                0x0000000008004824                HAL_PWREx_GetVoltageRange
 .text.HAL_PWREx_ConfigSupply
                0x0000000008004840       0xa0 ./Drivers/STM32U5xx_HAL_Driver/Src/stm32u5xx_hal_pwr_ex.o
                0x0000000008004840                HAL_PWREx_ConfigSupply
 .text.HAL_PWREx_EnableVddUSB
                0x00000000080048e0       0x20 ./Drivers/STM32U5xx_HAL_Driver/Src/stm32u5xx_hal_pwr_ex.o
                0x00000000080048e0                HAL_PWREx_EnableVddUSB
 .text.HAL_PWREx_EnableVddIO2
                0x0000000008004900       0x20 ./Drivers/STM32U5xx_HAL_Driver/Src/stm32u5xx_hal_pwr_ex.o
                0x0000000008004900                HAL_PWREx_EnableVddIO2
 .text.HAL_RCC_OscConfig
                0x0000000008004920      0xdac ./Drivers/STM32U5xx_HAL_Driver/Src/stm32u5xx_hal_rcc.o
                0x0000000008004920                HAL_RCC_OscConfig
 .text.HAL_RCC_ClockConfig
                0x00000000080056cc      0x3e4 ./Drivers/STM32U5xx_HAL_Driver/Src/stm32u5xx_hal_rcc.o
                0x00000000080056cc                HAL_RCC_ClockConfig
 .text.HAL_RCC_GetSysClockFreq
                0x0000000008005ab0      0x210 ./Drivers/STM32U5xx_HAL_Driver/Src/stm32u5xx_hal_rcc.o
                0x0000000008005ab0                HAL_RCC_GetSysClockFreq
 .text.HAL_RCC_GetHCLKFreq
                0x0000000008005cc0       0x34 ./Drivers/STM32U5xx_HAL_Driver/Src/stm32u5xx_hal_rcc.o
                0x0000000008005cc0                HAL_RCC_GetHCLKFreq
 .text.HAL_RCC_GetPCLK1Freq
                0x0000000008005cf4       0x28 ./Drivers/STM32U5xx_HAL_Driver/Src/stm32u5xx_hal_rcc.o
                0x0000000008005cf4                HAL_RCC_GetPCLK1Freq
 .text.HAL_RCC_GetPCLK2Freq
                0x0000000008005d1c       0x28 ./Drivers/STM32U5xx_HAL_Driver/Src/stm32u5xx_hal_rcc.o
                0x0000000008005d1c                HAL_RCC_GetPCLK2Freq
 .text.HAL_RCC_GetPCLK3Freq
                0x0000000008005d44       0x28 ./Drivers/STM32U5xx_HAL_Driver/Src/stm32u5xx_hal_rcc.o
                0x0000000008005d44                HAL_RCC_GetPCLK3Freq
 .text.RCC_SetFlashLatencyFromMSIRange
                0x0000000008005d6c      0x10c ./Drivers/STM32U5xx_HAL_Driver/Src/stm32u5xx_hal_rcc.o
 .text.HAL_RCCEx_PeriphCLKConfig
                0x0000000008005e78      0xb80 ./Drivers/STM32U5xx_HAL_Driver/Src/stm32u5xx_hal_rcc_ex.o
                0x0000000008005e78                HAL_RCCEx_PeriphCLKConfig
 .text.HAL_RCCEx_GetPLL1ClockFreq
                0x00000000080069f8      0x2cc ./Drivers/STM32U5xx_HAL_Driver/Src/stm32u5xx_hal_rcc_ex.o
                0x00000000080069f8                HAL_RCCEx_GetPLL1ClockFreq
 .text.HAL_RCCEx_GetPLL2ClockFreq
                0x0000000008006cc4      0x2cc ./Drivers/STM32U5xx_HAL_Driver/Src/stm32u5xx_hal_rcc_ex.o
                0x0000000008006cc4                HAL_RCCEx_GetPLL2ClockFreq
 .text.HAL_RCCEx_GetPLL3ClockFreq
                0x0000000008006f90      0x2cc ./Drivers/STM32U5xx_HAL_Driver/Src/stm32u5xx_hal_rcc_ex.o
                0x0000000008006f90                HAL_RCCEx_GetPLL3ClockFreq
 .text.HAL_RCCEx_GetPeriphCLKFreq
                0x000000000800725c     0x1250 ./Drivers/STM32U5xx_HAL_Driver/Src/stm32u5xx_hal_rcc_ex.o
                0x000000000800725c                HAL_RCCEx_GetPeriphCLKFreq
 .text.RCCEx_PLL2_Config
                0x00000000080084ac      0x130 ./Drivers/STM32U5xx_HAL_Driver/Src/stm32u5xx_hal_rcc_ex.o
 .text.RCCEx_PLL3_Config
                0x00000000080085dc      0x130 ./Drivers/STM32U5xx_HAL_Driver/Src/stm32u5xx_hal_rcc_ex.o
 .text.HAL_SPI_Init
                0x000000000800870c      0x1f0 ./Drivers/STM32U5xx_HAL_Driver/Src/stm32u5xx_hal_spi.o
                0x000000000800870c                HAL_SPI_Init
 .text.HAL_SPI_Transmit
                0x00000000080088fc      0x424 ./Drivers/STM32U5xx_HAL_Driver/Src/stm32u5xx_hal_spi.o
                0x00000000080088fc                HAL_SPI_Transmit
 .text.HAL_SPI_Transmit_DMA
                0x0000000008008d20      0x398 ./Drivers/STM32U5xx_HAL_Driver/Src/stm32u5xx_hal_spi.o
                0x0000000008008d20                HAL_SPI_Transmit_DMA
 .text.HAL_SPI_TxCpltCallback
                0x00000000080090b8       0x14 ./Drivers/STM32U5xx_HAL_Driver/Src/stm32u5xx_hal_spi.o
                0x00000000080090b8                HAL_SPI_TxCpltCallback
 .text.HAL_SPI_TxHalfCpltCallback
                0x00000000080090cc       0x14 ./Drivers/STM32U5xx_HAL_Driver/Src/stm32u5xx_hal_spi.o
                0x00000000080090cc                HAL_SPI_TxHalfCpltCallback
 .text.HAL_SPI_ErrorCallback
                0x00000000080090e0       0x14 ./Drivers/STM32U5xx_HAL_Driver/Src/stm32u5xx_hal_spi.o
                0x00000000080090e0                HAL_SPI_ErrorCallback
 .text.SPI_DMATransmitCplt
                0x00000000080090f4       0x46 ./Drivers/STM32U5xx_HAL_Driver/Src/stm32u5xx_hal_spi.o
 .text.SPI_DMAHalfTransmitCplt
                0x000000000800913a       0x1c ./Drivers/STM32U5xx_HAL_Driver/Src/stm32u5xx_hal_spi.o
 .text.SPI_DMAError
                0x0000000008009156       0x46 ./Drivers/STM32U5xx_HAL_Driver/Src/stm32u5xx_hal_spi.o
 .text.SPI_CloseTransfer
                0x000000000800919c      0x140 ./Drivers/STM32U5xx_HAL_Driver/Src/stm32u5xx_hal_spi.o
 .text.SPI_WaitOnFlagUntilTimeout
                0x00000000080092dc       0x5c ./Drivers/STM32U5xx_HAL_Driver/Src/stm32u5xx_hal_spi.o
 .text.SPI_GetPacketSize
                0x0000000008009338       0x36 ./Drivers/STM32U5xx_HAL_Driver/Src/stm32u5xx_hal_spi.o
 .text.HAL_SPIEx_SetConfigAutonomousMode
                0x000000000800936e       0x82 ./Drivers/STM32U5xx_HAL_Driver/Src/stm32u5xx_hal_spi_ex.o
                0x000000000800936e                HAL_SPIEx_SetConfigAutonomousMode
 .text.HAL_UART_Init
                0x00000000080093f0       0xa0 ./Drivers/STM32U5xx_HAL_Driver/Src/stm32u5xx_hal_uart.o
                0x00000000080093f0                HAL_UART_Init
 .text.UART_SetConfig
                0x0000000008009490      0x344 ./Drivers/STM32U5xx_HAL_Driver/Src/stm32u5xx_hal_uart.o
                0x0000000008009490                UART_SetConfig
 .text.UART_AdvFeatureConfig
                0x00000000080097d4      0x144 ./Drivers/STM32U5xx_HAL_Driver/Src/stm32u5xx_hal_uart.o
                0x00000000080097d4                UART_AdvFeatureConfig
 .text.UART_CheckIdleState
                0x0000000008009918       0x96 ./Drivers/STM32U5xx_HAL_Driver/Src/stm32u5xx_hal_uart.o
                0x0000000008009918                UART_CheckIdleState
 .text.UART_WaitOnFlagUntilTimeout
                0x00000000080099ae      0x190 ./Drivers/STM32U5xx_HAL_Driver/Src/stm32u5xx_hal_uart.o
                0x00000000080099ae                UART_WaitOnFlagUntilTimeout
 .text.HAL_UARTEx_DisableFifoMode
                0x0000000008009b3e       0x72 ./Drivers/STM32U5xx_HAL_Driver/Src/stm32u5xx_hal_uart_ex.o
                0x0000000008009b3e                HAL_UARTEx_DisableFifoMode
 .text.HAL_UARTEx_SetTxFifoThreshold
                0x0000000008009bb0       0x7c ./Drivers/STM32U5xx_HAL_Driver/Src/stm32u5xx_hal_uart_ex.o
                0x0000000008009bb0                HAL_UARTEx_SetTxFifoThreshold
 .text.HAL_UARTEx_SetRxFifoThreshold
                0x0000000008009c2c       0x7c ./Drivers/STM32U5xx_HAL_Driver/Src/stm32u5xx_hal_uart_ex.o
                0x0000000008009c2c                HAL_UARTEx_SetRxFifoThreshold
 .text.UARTEx_SetNbDataToProcess
                0x0000000008009ca8       0x9c ./Drivers/STM32U5xx_HAL_Driver/Src/stm32u5xx_hal_uart_ex.o
 .text.LL_GPIO_SetPinMode
                0x0000000008009d44       0x7a ./Drivers/STM32U5xx_HAL_Driver/Src/stm32u5xx_ll_gpio.o
 .text.LL_GPIO_SetPinOutputType
                0x0000000008009dbe       0x30 ./Drivers/STM32U5xx_HAL_Driver/Src/stm32u5xx_ll_gpio.o
 .text.LL_GPIO_SetPinSpeed
                0x0000000008009dee       0x7a ./Drivers/STM32U5xx_HAL_Driver/Src/stm32u5xx_ll_gpio.o
 .text.LL_GPIO_SetPinPull
                0x0000000008009e68       0x7a ./Drivers/STM32U5xx_HAL_Driver/Src/stm32u5xx_ll_gpio.o
 .text.LL_GPIO_SetAFPin_0_7
                0x0000000008009ee2       0x7a ./Drivers/STM32U5xx_HAL_Driver/Src/stm32u5xx_ll_gpio.o
 .text.LL_GPIO_SetAFPin_8_15
                0x0000000008009f5c       0x7e ./Drivers/STM32U5xx_HAL_Driver/Src/stm32u5xx_ll_gpio.o
 .text.LL_GPIO_Init
                0x0000000008009fda      0x10c ./Drivers/STM32U5xx_HAL_Driver/Src/stm32u5xx_ll_gpio.o
                0x0000000008009fda                LL_GPIO_Init
 .text.USB_CoreInit
                0x000000000800a0e6       0x58 ./Drivers/STM32U5xx_HAL_Driver/Src/stm32u5xx_ll_usb.o
                0x000000000800a0e6                USB_CoreInit
 *fill*         0x000000000800a13e        0x2 
 .text.USB_SetTurnaroundTime
                0x000000000800a140      0x144 ./Drivers/STM32U5xx_HAL_Driver/Src/stm32u5xx_ll_usb.o
                0x000000000800a140                USB_SetTurnaroundTime
 .text.USB_DisableGlobalInt
                0x000000000800a284       0x22 ./Drivers/STM32U5xx_HAL_Driver/Src/stm32u5xx_ll_usb.o
                0x000000000800a284                USB_DisableGlobalInt
 .text.USB_SetCurrentMode
                0x000000000800a2a6       0x98 ./Drivers/STM32U5xx_HAL_Driver/Src/stm32u5xx_ll_usb.o
                0x000000000800a2a6                USB_SetCurrentMode
 *fill*         0x000000000800a33e        0x2 
 .text.USB_DevInit
                0x000000000800a340      0x29c ./Drivers/STM32U5xx_HAL_Driver/Src/stm32u5xx_ll_usb.o
                0x000000000800a340                USB_DevInit
 .text.USB_FlushTxFifo
                0x000000000800a5dc       0x68 ./Drivers/STM32U5xx_HAL_Driver/Src/stm32u5xx_ll_usb.o
                0x000000000800a5dc                USB_FlushTxFifo
 .text.USB_FlushRxFifo
                0x000000000800a644       0x60 ./Drivers/STM32U5xx_HAL_Driver/Src/stm32u5xx_ll_usb.o
                0x000000000800a644                USB_FlushRxFifo
 .text.USB_SetDevSpeed
                0x000000000800a6a4       0x32 ./Drivers/STM32U5xx_HAL_Driver/Src/stm32u5xx_ll_usb.o
                0x000000000800a6a4                USB_SetDevSpeed
 .text.USB_GetDevSpeed
                0x000000000800a6d6       0x4a ./Drivers/STM32U5xx_HAL_Driver/Src/stm32u5xx_ll_usb.o
                0x000000000800a6d6                USB_GetDevSpeed
 .text.USB_EPStopXfer
                0x000000000800a720      0x154 ./Drivers/STM32U5xx_HAL_Driver/Src/stm32u5xx_ll_usb.o
                0x000000000800a720                USB_EPStopXfer
 .text.USB_WritePacket
                0x000000000800a874       0x7c ./Drivers/STM32U5xx_HAL_Driver/Src/stm32u5xx_ll_usb.o
                0x000000000800a874                USB_WritePacket
 .text.USB_ReadPacket
                0x000000000800a8f0       0xb0 ./Drivers/STM32U5xx_HAL_Driver/Src/stm32u5xx_ll_usb.o
                0x000000000800a8f0                USB_ReadPacket
 .text.USB_DevDisconnect
                0x000000000800a9a0       0x42 ./Drivers/STM32U5xx_HAL_Driver/Src/stm32u5xx_ll_usb.o
                0x000000000800a9a0                USB_DevDisconnect
 .text.USB_ReadInterrupts
                0x000000000800a9e2       0x26 ./Drivers/STM32U5xx_HAL_Driver/Src/stm32u5xx_ll_usb.o
                0x000000000800a9e2                USB_ReadInterrupts
 .text.USB_ReadDevAllOutEpInterrupt
                0x000000000800aa08       0x34 ./Drivers/STM32U5xx_HAL_Driver/Src/stm32u5xx_ll_usb.o
                0x000000000800aa08                USB_ReadDevAllOutEpInterrupt
 .text.USB_ReadDevAllInEpInterrupt
                0x000000000800aa3c       0x34 ./Drivers/STM32U5xx_HAL_Driver/Src/stm32u5xx_ll_usb.o
                0x000000000800aa3c                USB_ReadDevAllInEpInterrupt
 .text.USB_ReadDevOutEPInterrupt
                0x000000000800aa70       0x3c ./Drivers/STM32U5xx_HAL_Driver/Src/stm32u5xx_ll_usb.o
                0x000000000800aa70                USB_ReadDevOutEPInterrupt
 .text.USB_ReadDevInEPInterrupt
                0x000000000800aaac       0x5c ./Drivers/STM32U5xx_HAL_Driver/Src/stm32u5xx_ll_usb.o
                0x000000000800aaac                USB_ReadDevInEPInterrupt
 .text.USB_GetMode
                0x000000000800ab08       0x1c ./Drivers/STM32U5xx_HAL_Driver/Src/stm32u5xx_ll_usb.o
                0x000000000800ab08                USB_GetMode
 .text.USB_ActivateSetup
                0x000000000800ab24       0x46 ./Drivers/STM32U5xx_HAL_Driver/Src/stm32u5xx_ll_usb.o
                0x000000000800ab24                USB_ActivateSetup
 *fill*         0x000000000800ab6a        0x2 
 .text.USB_EP0_OutStart
                0x000000000800ab6c       0xbc ./Drivers/STM32U5xx_HAL_Driver/Src/stm32u5xx_ll_usb.o
                0x000000000800ab6c                USB_EP0_OutStart
 .text.USB_CoreReset
                0x000000000800ac28       0x68 ./Drivers/STM32U5xx_HAL_Driver/Src/stm32u5xx_ll_usb.o
 .text.__libc_init_array
                0x000000000800ac90       0x48 c:/st/stm32cubeide_1.10.1/stm32cubeide/plugins/com.st.stm32cube.ide.mcu.externaltools.gnu-tools-for-stm32.10.3-2021.10.win32_1.0.0.202111181127/tools/bin/../lib/gcc/arm-none-eabi/10.3.1/../../../../arm-none-eabi/lib/thumb/v8-m.main+fp/hard\libc_nano.a(lib_a-init.o)
                0x000000000800ac90                __libc_init_array
 .text.memset   0x000000000800acd8       0x10 c:/st/stm32cubeide_1.10.1/stm32cubeide/plugins/com.st.stm32cube.ide.mcu.externaltools.gnu-tools-for-stm32.10.3-2021.10.win32_1.0.0.202111181127/tools/bin/../lib/gcc/arm-none-eabi/10.3.1/../../../../arm-none-eabi/lib/thumb/v8-m.main+fp/hard\libc_nano.a(lib_a-memset.o)
                0x000000000800acd8                memset
 *(.glue_7)
 .glue_7        0x000000000800ace8        0x0 linker stubs
 *(.glue_7t)
 .glue_7t       0x000000000800ace8        0x0 linker stubs
 *(.eh_frame)
 .eh_frame      0x000000000800ace8        0x0 c:/st/stm32cubeide_1.10.1/stm32cubeide/plugins/com.st.stm32cube.ide.mcu.externaltools.gnu-tools-for-stm32.10.3-2021.10.win32_1.0.0.202111181127/tools/bin/../lib/gcc/arm-none-eabi/10.3.1/thumb/v8-m.main+fp/hard/crtbegin.o
 *(.init)
 .init          0x000000000800ace8        0x4 c:/st/stm32cubeide_1.10.1/stm32cubeide/plugins/com.st.stm32cube.ide.mcu.externaltools.gnu-tools-for-stm32.10.3-2021.10.win32_1.0.0.202111181127/tools/bin/../lib/gcc/arm-none-eabi/10.3.1/thumb/v8-m.main+fp/hard/crti.o
                0x000000000800ace8                _init
 .init          0x000000000800acec        0x8 c:/st/stm32cubeide_1.10.1/stm32cubeide/plugins/com.st.stm32cube.ide.mcu.externaltools.gnu-tools-for-stm32.10.3-2021.10.win32_1.0.0.202111181127/tools/bin/../lib/gcc/arm-none-eabi/10.3.1/thumb/v8-m.main+fp/hard/crtn.o
 *(.fini)
 .fini          0x000000000800acf4        0x4 c:/st/stm32cubeide_1.10.1/stm32cubeide/plugins/com.st.stm32cube.ide.mcu.externaltools.gnu-tools-for-stm32.10.3-2021.10.win32_1.0.0.202111181127/tools/bin/../lib/gcc/arm-none-eabi/10.3.1/thumb/v8-m.main+fp/hard/crti.o
                0x000000000800acf4                _fini
 .fini          0x000000000800acf8        0x8 c:/st/stm32cubeide_1.10.1/stm32cubeide/plugins/com.st.stm32cube.ide.mcu.externaltools.gnu-tools-for-stm32.10.3-2021.10.win32_1.0.0.202111181127/tools/bin/../lib/gcc/arm-none-eabi/10.3.1/thumb/v8-m.main+fp/hard/crtn.o
                0x000000000800ad00                _etext = .

.vfp11_veneer   0x000000000800ad00        0x0
 .vfp11_veneer  0x000000000800ad00        0x0 linker stubs

.v4_bx          0x000000000800ad00        0x0
 .v4_bx         0x000000000800ad00        0x0 linker stubs

.iplt           0x000000000800ad00        0x0
 .iplt          0x000000000800ad00        0x0 c:/st/stm32cubeide_1.10.1/stm32cubeide/plugins/com.st.stm32cube.ide.mcu.externaltools.gnu-tools-for-stm32.10.3-2021.10.win32_1.0.0.202111181127/tools/bin/../lib/gcc/arm-none-eabi/10.3.1/thumb/v8-m.main+fp/hard/crtbegin.o

.rodata         0x000000000800ad00     0xa9ac
 *(.rodata)
 .rodata        0x000000000800ad00       0x97 ./Core/Src/st7789.o
 *(.rodata*)
 *fill*         0x000000000800ad97        0x1 
 .rodata.Font7x10
                0x000000000800ad98      0x76c ./Core/Src/fonts.o
 .rodata.Font11x18
                0x000000000800b504      0xd5c ./Core/Src/fonts.o
 .rodata.Font16x26
                0x000000000800c260     0x134c ./Core/Src/fonts.o
 .rodata.saber  0x000000000800d5ac     0x8000 ./Core/Src/fonts.o
                0x000000000800d5ac                saber
 .rodata.AHBPrescTable
                0x00000000080155ac       0x10 ./Core/Src/system_stm32u5xx.o
                0x00000000080155ac                AHBPrescTable
 .rodata.APBPrescTable
                0x00000000080155bc        0x8 ./Core/Src/system_stm32u5xx.o
                0x00000000080155bc                APBPrescTable
 .rodata.MSIRangeTable
                0x00000000080155c4       0x40 ./Core/Src/system_stm32u5xx.o
                0x00000000080155c4                MSIRangeTable
 .rodata.LPGPIO_Map
                0x0000000008015604       0x80 ./Drivers/STM32U5xx_HAL_Driver/Src/stm32u5xx_hal_gpio.o
 .rodata.UARTPrescTable
                0x0000000008015684       0x18 ./Drivers/STM32U5xx_HAL_Driver/Src/stm32u5xx_hal_uart.o
                0x0000000008015684                UARTPrescTable
 .rodata.numerator.1
                0x000000000801569c        0x8 ./Drivers/STM32U5xx_HAL_Driver/Src/stm32u5xx_hal_uart_ex.o
 .rodata.denominator.0
                0x00000000080156a4        0x8 ./Drivers/STM32U5xx_HAL_Driver/Src/stm32u5xx_hal_uart_ex.o

.ARM.extab
 *(.ARM.extab* .gnu.linkonce.armextab.*)

.ARM            0x00000000080156ac        0x8
                0x00000000080156ac                __exidx_start = .
 *(.ARM.exidx*)
 .ARM.exidx     0x00000000080156ac        0x8 c:/st/stm32cubeide_1.10.1/stm32cubeide/plugins/com.st.stm32cube.ide.mcu.externaltools.gnu-tools-for-stm32.10.3-2021.10.win32_1.0.0.202111181127/tools/bin/../lib/gcc/arm-none-eabi/10.3.1/thumb/v8-m.main+fp/hard\libgcc.a(_udivmoddi4.o)
                0x00000000080156b4                __exidx_end = .

.rel.dyn        0x00000000080156b4        0x0
 .rel.iplt      0x00000000080156b4        0x0 c:/st/stm32cubeide_1.10.1/stm32cubeide/plugins/com.st.stm32cube.ide.mcu.externaltools.gnu-tools-for-stm32.10.3-2021.10.win32_1.0.0.202111181127/tools/bin/../lib/gcc/arm-none-eabi/10.3.1/thumb/v8-m.main+fp/hard/crtbegin.o

.preinit_array  0x00000000080156b4        0x0
                0x00000000080156b4                PROVIDE (__preinit_array_start = .)
 *(.preinit_array*)
                0x00000000080156b4                PROVIDE (__preinit_array_end = .)

.init_array     0x00000000080156b4        0x4
                0x00000000080156b4                PROVIDE (__init_array_start = .)
 *(SORT_BY_NAME(.init_array.*))
 *(.init_array*)
 .init_array    0x00000000080156b4        0x4 c:/st/stm32cubeide_1.10.1/stm32cubeide/plugins/com.st.stm32cube.ide.mcu.externaltools.gnu-tools-for-stm32.10.3-2021.10.win32_1.0.0.202111181127/tools/bin/../lib/gcc/arm-none-eabi/10.3.1/thumb/v8-m.main+fp/hard/crtbegin.o
                0x00000000080156b8                PROVIDE (__init_array_end = .)

.fini_array     0x00000000080156b8        0x4
                [!provide]                        PROVIDE (__fini_array_start = .)
 *(SORT_BY_NAME(.fini_array.*))
 *(.fini_array*)
 .fini_array    0x00000000080156b8        0x4 c:/st/stm32cubeide_1.10.1/stm32cubeide/plugins/com.st.stm32cube.ide.mcu.externaltools.gnu-tools-for-stm32.10.3-2021.10.win32_1.0.0.202111181127/tools/bin/../lib/gcc/arm-none-eabi/10.3.1/thumb/v8-m.main+fp/hard/crtbegin.o
                [!provide]                        PROVIDE (__fini_array_end = .)
                0x00000000080156bc                _sidata = LOADADDR (.data)

.data           0x0000000020000000       0x25 load address 0x00000000080156bc
                0x0000000020000000                _sdata = .
 *(.data)
 *(.data*)
 .data.Font_7x10
                0x0000000020000000        0x8 ./Core/Src/fonts.o
                0x0000000020000000                Font_7x10
 .data.Font_11x18
                0x0000000020000008        0x8 ./Core/Src/fonts.o
                0x0000000020000008                Font_11x18
 .data.Font_16x26
                0x0000000020000010        0x8 ./Core/Src/fonts.o
                0x0000000020000010                Font_16x26
 .data.DMA_MIN_SIZE
                0x0000000020000018        0x2 ./Core/Src/st7789.o
                0x0000000020000018                DMA_MIN_SIZE
 *fill*         0x000000002000001a        0x2 
 .data.SystemCoreClock
                0x000000002000001c        0x4 ./Core/Src/system_stm32u5xx.o
                0x000000002000001c                SystemCoreClock
 .data.uwTickPrio
                0x0000000020000020        0x4 ./Drivers/STM32U5xx_HAL_Driver/Src/stm32u5xx_hal.o
                0x0000000020000020                uwTickPrio
 .data.uwTickFreq
                0x0000000020000024        0x1 ./Drivers/STM32U5xx_HAL_Driver/Src/stm32u5xx_hal.o
                0x0000000020000024                uwTickFreq
 *(.RamFunc)
 *(.RamFunc*)
                0x0000000020000025                _edata = .

.igot.plt       0x0000000020000028        0x0 load address 0x00000000080156e1
 .igot.plt      0x0000000020000028        0x0 c:/st/stm32cubeide_1.10.1/stm32cubeide/plugins/com.st.stm32cube.ide.mcu.externaltools.gnu-tools-for-stm32.10.3-2021.10.win32_1.0.0.202111181127/tools/bin/../lib/gcc/arm-none-eabi/10.3.1/thumb/v8-m.main+fp/hard/crtbegin.o

.bss            0x0000000020000028     0x10c8 load address 0x00000000080156e1
                0x0000000020000028                _sbss = .
                0x0000000020000028                __bss_start__ = _sbss
 *(.bss)
 .bss           0x0000000020000028       0x1c c:/st/stm32cubeide_1.10.1/stm32cubeide/plugins/com.st.stm32cube.ide.mcu.externaltools.gnu-tools-for-stm32.10.3-2021.10.win32_1.0.0.202111181127/tools/bin/../lib/gcc/arm-none-eabi/10.3.1/thumb/v8-m.main+fp/hard/crtbegin.o
 *(.bss*)
 .bss.hadc1     0x0000000020000044       0x8c ./Core/Src/main.o
                0x0000000020000044                hadc1
 .bss.hspi1     0x00000000200000d0       0x90 ./Core/Src/main.o
                0x00000000200000d0                hspi1
 .bss.hspi2     0x0000000020000160       0x90 ./Core/Src/main.o
                0x0000000020000160                hspi2
 .bss.huart1    0x00000000200001f0       0x90 ./Core/Src/main.o
                0x00000000200001f0                huart1
 .bss.hpcd_USB_OTG_FS
                0x0000000020000280      0x50c ./Core/Src/main.o
                0x0000000020000280                hpcd_USB_OTG_FS
 .bss.disp_buf  0x000000002000078c      0x960 ./Core/Src/st7789.o
                0x000000002000078c                disp_buf
 .bss.uwTick    0x00000000200010ec        0x4 ./Drivers/STM32U5xx_HAL_Driver/Src/stm32u5xx_hal.o
                0x00000000200010ec                uwTick
 *(COMMON)
                0x00000000200010f0                _ebss = .
                0x00000000200010f0                __bss_end__ = _ebss

._user_heap_stack
                0x00000000200010f0      0x600 load address 0x00000000080156e1
                0x00000000200010f0                . = ALIGN (0x8)
                [!provide]                        PROVIDE (end = .)
                0x00000000200010f0                PROVIDE (_end = .)
                0x00000000200012f0                . = (. + _Min_Heap_Size)
 *fill*         0x00000000200010f0      0x200 
                0x00000000200016f0                . = (. + _Min_Stack_Size)
 *fill*         0x00000000200012f0      0x400 
                0x00000000200016f0                . = ALIGN (0x8)

/DISCARD/
 libc.a(*)
 libm.a(*)
 libgcc.a(*)

.ARM.attributes
                0x0000000000000000       0x36
 *(.ARM.attributes)
 .ARM.attributes
                0x0000000000000000       0x22 c:/st/stm32cubeide_1.10.1/stm32cubeide/plugins/com.st.stm32cube.ide.mcu.externaltools.gnu-tools-for-stm32.10.3-2021.10.win32_1.0.0.202111181127/tools/bin/../lib/gcc/arm-none-eabi/10.3.1/thumb/v8-m.main+fp/hard/crti.o
 .ARM.attributes
                0x0000000000000022       0x38 c:/st/stm32cubeide_1.10.1/stm32cubeide/plugins/com.st.stm32cube.ide.mcu.externaltools.gnu-tools-for-stm32.10.3-2021.10.win32_1.0.0.202111181127/tools/bin/../lib/gcc/arm-none-eabi/10.3.1/thumb/v8-m.main+fp/hard/crtbegin.o
 .ARM.attributes
                0x000000000000005a       0x3a ./Core/Src/fonts.o
 .ARM.attributes
                0x0000000000000094       0x3a ./Core/Src/main.o
 .ARM.attributes
                0x00000000000000ce       0x3a ./Core/Src/st7789.o
 .ARM.attributes
                0x0000000000000108       0x3a ./Core/Src/stm32u5xx_hal_msp.o
 .ARM.attributes
                0x0000000000000142       0x3a ./Core/Src/stm32u5xx_it.o
 .ARM.attributes
                0x000000000000017c       0x3a ./Core/Src/system_stm32u5xx.o
 .ARM.attributes
                0x00000000000001b6       0x24 ./Core/Startup/startup_stm32u575zitxq.o
 .ARM.attributes
                0x00000000000001da       0x3a ./Drivers/STM32U5xx_HAL_Driver/Src/stm32u5xx_hal.o
 .ARM.attributes
                0x0000000000000214       0x3a ./Drivers/STM32U5xx_HAL_Driver/Src/stm32u5xx_hal_adc.o
 .ARM.attributes
                0x000000000000024e       0x3a ./Drivers/STM32U5xx_HAL_Driver/Src/stm32u5xx_hal_cortex.o
 .ARM.attributes
                0x0000000000000288       0x3a ./Drivers/STM32U5xx_HAL_Driver/Src/stm32u5xx_hal_dma.o
 .ARM.attributes
                0x00000000000002c2       0x3a ./Drivers/STM32U5xx_HAL_Driver/Src/stm32u5xx_hal_dma_ex.o
 .ARM.attributes
                0x00000000000002fc       0x3a ./Drivers/STM32U5xx_HAL_Driver/Src/stm32u5xx_hal_gpio.o
 .ARM.attributes
                0x0000000000000336       0x3a ./Drivers/STM32U5xx_HAL_Driver/Src/stm32u5xx_hal_pcd.o
 .ARM.attributes
                0x0000000000000370       0x3a ./Drivers/STM32U5xx_HAL_Driver/Src/stm32u5xx_hal_pcd_ex.o
 .ARM.attributes
                0x00000000000003aa       0x3a ./Drivers/STM32U5xx_HAL_Driver/Src/stm32u5xx_hal_pwr_ex.o
 .ARM.attributes
                0x00000000000003e4       0x3a ./Drivers/STM32U5xx_HAL_Driver/Src/stm32u5xx_hal_rcc.o
 .ARM.attributes
                0x000000000000041e       0x3a ./Drivers/STM32U5xx_HAL_Driver/Src/stm32u5xx_hal_rcc_ex.o
 .ARM.attributes
                0x0000000000000458       0x3a ./Drivers/STM32U5xx_HAL_Driver/Src/stm32u5xx_hal_spi.o
 .ARM.attributes
                0x0000000000000492       0x3a ./Drivers/STM32U5xx_HAL_Driver/Src/stm32u5xx_hal_spi_ex.o
 .ARM.attributes
                0x00000000000004cc       0x3a ./Drivers/STM32U5xx_HAL_Driver/Src/stm32u5xx_hal_uart.o
 .ARM.attributes
                0x0000000000000506       0x3a ./Drivers/STM32U5xx_HAL_Driver/Src/stm32u5xx_hal_uart_ex.o
 .ARM.attributes
                0x0000000000000540       0x3a ./Drivers/STM32U5xx_HAL_Driver/Src/stm32u5xx_ll_gpio.o
 .ARM.attributes
                0x000000000000057a       0x3a ./Drivers/STM32U5xx_HAL_Driver/Src/stm32u5xx_ll_usb.o
 .ARM.attributes
                0x00000000000005b4       0x38 c:/st/stm32cubeide_1.10.1/stm32cubeide/plugins/com.st.stm32cube.ide.mcu.externaltools.gnu-tools-for-stm32.10.3-2021.10.win32_1.0.0.202111181127/tools/bin/../lib/gcc/arm-none-eabi/10.3.1/../../../../arm-none-eabi/lib/thumb/v8-m.main+fp/hard\libc_nano.a(lib_a-init.o)
 .ARM.attributes
                0x00000000000005ec       0x38 c:/st/stm32cubeide_1.10.1/stm32cubeide/plugins/com.st.stm32cube.ide.mcu.externaltools.gnu-tools-for-stm32.10.3-2021.10.win32_1.0.0.202111181127/tools/bin/../lib/gcc/arm-none-eabi/10.3.1/../../../../arm-none-eabi/lib/thumb/v8-m.main+fp/hard\libc_nano.a(lib_a-memset.o)
 .ARM.attributes
                0x0000000000000624       0x22 c:/st/stm32cubeide_1.10.1/stm32cubeide/plugins/com.st.stm32cube.ide.mcu.externaltools.gnu-tools-for-stm32.10.3-2021.10.win32_1.0.0.202111181127/tools/bin/../lib/gcc/arm-none-eabi/10.3.1/thumb/v8-m.main+fp/hard\libgcc.a(_aeabi_uldivmod.o)
 .ARM.attributes
                0x0000000000000646       0x38 c:/st/stm32cubeide_1.10.1/stm32cubeide/plugins/com.st.stm32cube.ide.mcu.externaltools.gnu-tools-for-stm32.10.3-2021.10.win32_1.0.0.202111181127/tools/bin/../lib/gcc/arm-none-eabi/10.3.1/thumb/v8-m.main+fp/hard\libgcc.a(_udivmoddi4.o)
 .ARM.attributes
                0x000000000000067e       0x22 c:/st/stm32cubeide_1.10.1/stm32cubeide/plugins/com.st.stm32cube.ide.mcu.externaltools.gnu-tools-for-stm32.10.3-2021.10.win32_1.0.0.202111181127/tools/bin/../lib/gcc/arm-none-eabi/10.3.1/thumb/v8-m.main+fp/hard\libgcc.a(_dvmd_tls.o)
 .ARM.attributes
                0x00000000000006a0       0x22 c:/st/stm32cubeide_1.10.1/stm32cubeide/plugins/com.st.stm32cube.ide.mcu.externaltools.gnu-tools-for-stm32.10.3-2021.10.win32_1.0.0.202111181127/tools/bin/../lib/gcc/arm-none-eabi/10.3.1/thumb/v8-m.main+fp/hard/crtn.o
OUTPUT(LCD_SPI.elf elf32-littlearm)
LOAD linker stubs
LOAD c:/st/stm32cubeide_1.10.1/stm32cubeide/plugins/com.st.stm32cube.ide.mcu.externaltools.gnu-tools-for-stm32.10.3-2021.10.win32_1.0.0.202111181127/tools/bin/../lib/gcc/arm-none-eabi/10.3.1/../../../../arm-none-eabi/lib/thumb/v8-m.main+fp/hard\libc.a
LOAD c:/st/stm32cubeide_1.10.1/stm32cubeide/plugins/com.st.stm32cube.ide.mcu.externaltools.gnu-tools-for-stm32.10.3-2021.10.win32_1.0.0.202111181127/tools/bin/../lib/gcc/arm-none-eabi/10.3.1/../../../../arm-none-eabi/lib/thumb/v8-m.main+fp/hard\libm.a
LOAD c:/st/stm32cubeide_1.10.1/stm32cubeide/plugins/com.st.stm32cube.ide.mcu.externaltools.gnu-tools-for-stm32.10.3-2021.10.win32_1.0.0.202111181127/tools/bin/../lib/gcc/arm-none-eabi/10.3.1/thumb/v8-m.main+fp/hard\libgcc.a

.debug_info     0x0000000000000000    0x1e013
 .debug_info    0x0000000000000000      0x1fe ./Core/Src/fonts.o
 .debug_info    0x00000000000001fe     0x2345 ./Core/Src/main.o
 .debug_info    0x0000000000002543     0x163d ./Core/Src/st7789.o
 .debug_info    0x0000000000003b80     0x25e8 ./Core/Src/stm32u5xx_hal_msp.o
 .debug_info    0x0000000000006168      0x71a ./Core/Src/stm32u5xx_it.o
 .debug_info    0x0000000000006882      0x8f2 ./Core/Src/system_stm32u5xx.o
 .debug_info    0x0000000000007174       0x22 ./Core/Startup/startup_stm32u575zitxq.o
 .debug_info    0x0000000000007196     0x11b5 ./Drivers/STM32U5xx_HAL_Driver/Src/stm32u5xx_hal.o
 .debug_info    0x000000000000834b     0x2407 ./Drivers/STM32U5xx_HAL_Driver/Src/stm32u5xx_hal_adc.o
 .debug_info    0x000000000000a752     0x15b9 ./Drivers/STM32U5xx_HAL_Driver/Src/stm32u5xx_hal_cortex.o
 .debug_info    0x000000000000bd0b      0xb5c ./Drivers/STM32U5xx_HAL_Driver/Src/stm32u5xx_hal_dma.o
 .debug_info    0x000000000000c867     0x1a58 ./Drivers/STM32U5xx_HAL_Driver/Src/stm32u5xx_hal_dma_ex.o
 .debug_info    0x000000000000e2bf      0x880 ./Drivers/STM32U5xx_HAL_Driver/Src/stm32u5xx_hal_gpio.o
 .debug_info    0x000000000000eb3f     0x16a5 ./Drivers/STM32U5xx_HAL_Driver/Src/stm32u5xx_hal_pcd.o
 .debug_info    0x00000000000101e4      0x908 ./Drivers/STM32U5xx_HAL_Driver/Src/stm32u5xx_hal_pcd_ex.o
 .debug_info    0x0000000000010aec      0xe83 ./Drivers/STM32U5xx_HAL_Driver/Src/stm32u5xx_hal_pwr_ex.o
 .debug_info    0x000000000001196f     0x1392 ./Drivers/STM32U5xx_HAL_Driver/Src/stm32u5xx_hal_rcc.o
 .debug_info    0x0000000000012d01     0x163d ./Drivers/STM32U5xx_HAL_Driver/Src/stm32u5xx_hal_rcc_ex.o
 .debug_info    0x000000000001433e     0x1740 ./Drivers/STM32U5xx_HAL_Driver/Src/stm32u5xx_hal_spi.o
 .debug_info    0x0000000000015a7e      0xafa ./Drivers/STM32U5xx_HAL_Driver/Src/stm32u5xx_hal_spi_ex.o
 .debug_info    0x0000000000016578     0x4112 ./Drivers/STM32U5xx_HAL_Driver/Src/stm32u5xx_hal_uart.o
 .debug_info    0x000000000001a68a     0x124a ./Drivers/STM32U5xx_HAL_Driver/Src/stm32u5xx_hal_uart_ex.o
 .debug_info    0x000000000001b8d4      0xbfa ./Drivers/STM32U5xx_HAL_Driver/Src/stm32u5xx_ll_gpio.o
 .debug_info    0x000000000001c4ce     0x1b45 ./Drivers/STM32U5xx_HAL_Driver/Src/stm32u5xx_ll_usb.o

.debug_abbrev   0x0000000000000000     0x35f2
 .debug_abbrev  0x0000000000000000       0xcc ./Core/Src/fonts.o
 .debug_abbrev  0x00000000000000cc      0x341 ./Core/Src/main.o
 .debug_abbrev  0x000000000000040d      0x2b1 ./Core/Src/st7789.o
 .debug_abbrev  0x00000000000006be      0x274 ./Core/Src/stm32u5xx_hal_msp.o
 .debug_abbrev  0x0000000000000932      0x1b1 ./Core/Src/stm32u5xx_it.o
 .debug_abbrev  0x0000000000000ae3      0x127 ./Core/Src/system_stm32u5xx.o
 .debug_abbrev  0x0000000000000c0a       0x12 ./Core/Startup/startup_stm32u575zitxq.o
 .debug_abbrev  0x0000000000000c1c      0x285 ./Drivers/STM32U5xx_HAL_Driver/Src/stm32u5xx_hal.o
 .debug_abbrev  0x0000000000000ea1      0x2b9 ./Drivers/STM32U5xx_HAL_Driver/Src/stm32u5xx_hal_adc.o
 .debug_abbrev  0x000000000000115a      0x303 ./Drivers/STM32U5xx_HAL_Driver/Src/stm32u5xx_hal_cortex.o
 .debug_abbrev  0x000000000000145d      0x1f0 ./Drivers/STM32U5xx_HAL_Driver/Src/stm32u5xx_hal_dma.o
 .debug_abbrev  0x000000000000164d      0x20d ./Drivers/STM32U5xx_HAL_Driver/Src/stm32u5xx_hal_dma_ex.o
 .debug_abbrev  0x000000000000185a      0x246 ./Drivers/STM32U5xx_HAL_Driver/Src/stm32u5xx_hal_gpio.o
 .debug_abbrev  0x0000000000001aa0      0x2d2 ./Drivers/STM32U5xx_HAL_Driver/Src/stm32u5xx_hal_pcd.o
 .debug_abbrev  0x0000000000001d72      0x24a ./Drivers/STM32U5xx_HAL_Driver/Src/stm32u5xx_hal_pcd_ex.o
 .debug_abbrev  0x0000000000001fbc      0x20d ./Drivers/STM32U5xx_HAL_Driver/Src/stm32u5xx_hal_pwr_ex.o
 .debug_abbrev  0x00000000000021c9      0x2b9 ./Drivers/STM32U5xx_HAL_Driver/Src/stm32u5xx_hal_rcc.o
 .debug_abbrev  0x0000000000002482      0x299 ./Drivers/STM32U5xx_HAL_Driver/Src/stm32u5xx_hal_rcc_ex.o
 .debug_abbrev  0x000000000000271b      0x2a2 ./Drivers/STM32U5xx_HAL_Driver/Src/stm32u5xx_hal_spi.o
 .debug_abbrev  0x00000000000029bd      0x1af ./Drivers/STM32U5xx_HAL_Driver/Src/stm32u5xx_hal_spi_ex.o
 .debug_abbrev  0x0000000000002b6c      0x2f0 ./Drivers/STM32U5xx_HAL_Driver/Src/stm32u5xx_hal_uart.o
 .debug_abbrev  0x0000000000002e5c      0x2bd ./Drivers/STM32U5xx_HAL_Driver/Src/stm32u5xx_hal_uart_ex.o
 .debug_abbrev  0x0000000000003119      0x243 ./Drivers/STM32U5xx_HAL_Driver/Src/stm32u5xx_ll_gpio.o
 .debug_abbrev  0x000000000000335c      0x296 ./Drivers/STM32U5xx_HAL_Driver/Src/stm32u5xx_ll_usb.o

.debug_aranges  0x0000000000000000     0x1630
 .debug_aranges
                0x0000000000000000       0x18 ./Core/Src/fonts.o
 .debug_aranges
                0x0000000000000018       0x80 ./Core/Src/main.o
 .debug_aranges
                0x0000000000000098       0xd0 ./Core/Src/st7789.o
 .debug_aranges
                0x0000000000000168       0x60 ./Core/Src/stm32u5xx_hal_msp.o
 .debug_aranges
                0x00000000000001c8       0x68 ./Core/Src/stm32u5xx_it.o
 .debug_aranges
                0x0000000000000230       0x28 ./Core/Src/system_stm32u5xx.o
 .debug_aranges
                0x0000000000000258       0x28 ./Core/Startup/startup_stm32u575zitxq.o
 .debug_aranges
                0x0000000000000280      0x120 ./Drivers/STM32U5xx_HAL_Driver/Src/stm32u5xx_hal.o
 .debug_aranges
                0x00000000000003a0      0x240 ./Drivers/STM32U5xx_HAL_Driver/Src/stm32u5xx_hal_adc.o
 .debug_aranges
                0x00000000000005e0      0x130 ./Drivers/STM32U5xx_HAL_Driver/Src/stm32u5xx_hal_cortex.o
 .debug_aranges
                0x0000000000000710       0xa0 ./Drivers/STM32U5xx_HAL_Driver/Src/stm32u5xx_hal_dma.o
 .debug_aranges
                0x00000000000007b0      0x1a0 ./Drivers/STM32U5xx_HAL_Driver/Src/stm32u5xx_hal_dma_ex.o
 .debug_aranges
                0x0000000000000950       0x70 ./Drivers/STM32U5xx_HAL_Driver/Src/stm32u5xx_hal_gpio.o
 .debug_aranges
                0x00000000000009c0      0x140 ./Drivers/STM32U5xx_HAL_Driver/Src/stm32u5xx_hal_pcd.o
 .debug_aranges
                0x0000000000000b00       0x60 ./Drivers/STM32U5xx_HAL_Driver/Src/stm32u5xx_hal_pcd_ex.o
 .debug_aranges
                0x0000000000000b60      0x200 ./Drivers/STM32U5xx_HAL_Driver/Src/stm32u5xx_hal_pwr_ex.o
 .debug_aranges
                0x0000000000000d60       0xa8 ./Drivers/STM32U5xx_HAL_Driver/Src/stm32u5xx_hal_rcc.o
 .debug_aranges
                0x0000000000000e08      0x138 ./Drivers/STM32U5xx_HAL_Driver/Src/stm32u5xx_hal_rcc_ex.o
 .debug_aranges
                0x0000000000000f40      0x1a0 ./Drivers/STM32U5xx_HAL_Driver/Src/stm32u5xx_hal_spi.o
 .debug_aranges
                0x00000000000010e0       0x48 ./Drivers/STM32U5xx_HAL_Driver/Src/stm32u5xx_hal_spi_ex.o
 .debug_aranges
                0x0000000000001128      0x248 ./Drivers/STM32U5xx_HAL_Driver/Src/stm32u5xx_hal_uart.o
 .debug_aranges
                0x0000000000001370       0xb0 ./Drivers/STM32U5xx_HAL_Driver/Src/stm32u5xx_hal_uart_ex.o
 .debug_aranges
                0x0000000000001420       0x70 ./Drivers/STM32U5xx_HAL_Driver/Src/stm32u5xx_ll_gpio.o
 .debug_aranges
                0x0000000000001490      0x1a0 ./Drivers/STM32U5xx_HAL_Driver/Src/stm32u5xx_ll_usb.o

.debug_macro    0x0000000000000000    0x375aa
 .debug_macro   0x0000000000000000       0x6d ./Core/Src/fonts.o
 .debug_macro   0x000000000000006d      0xa84 ./Core/Src/fonts.o
 .debug_macro   0x0000000000000af1       0x22 ./Core/Src/fonts.o
 .debug_macro   0x0000000000000b13       0x8e ./Core/Src/fonts.o
 .debug_macro   0x0000000000000ba1       0x51 ./Core/Src/fonts.o
 .debug_macro   0x0000000000000bf2      0x103 ./Core/Src/fonts.o
 .debug_macro   0x0000000000000cf5       0x6a ./Core/Src/fonts.o
 .debug_macro   0x0000000000000d5f      0x1df ./Core/Src/fonts.o
 .debug_macro   0x0000000000000f3e      0x33f ./Core/Src/main.o
 .debug_macro   0x000000000000127d      0x1eb ./Core/Src/main.o
 .debug_macro   0x0000000000001468       0x2e ./Core/Src/main.o
 .debug_macro   0x0000000000001496       0x42 ./Core/Src/main.o
 .debug_macro   0x00000000000014d8       0x1c ./Core/Src/main.o
 .debug_macro   0x00000000000014f4       0x29 ./Core/Src/main.o
 .debug_macro   0x000000000000151d       0xfb ./Core/Src/main.o
 .debug_macro   0x0000000000001618     0x1336 ./Core/Src/main.o
 .debug_macro   0x000000000000294e       0x5e ./Core/Src/main.o
 .debug_macro   0x00000000000029ac    0x226bd ./Core/Src/main.o
 .debug_macro   0x0000000000025069       0x6d ./Core/Src/main.o
 .debug_macro   0x00000000000250d6     0x3794 ./Core/Src/main.o
 .debug_macro   0x000000000002886a      0x174 ./Core/Src/main.o
 .debug_macro   0x00000000000289de       0x52 ./Core/Src/main.o
 .debug_macro   0x0000000000028a30       0x1e ./Core/Src/main.o
 .debug_macro   0x0000000000028a4e       0x3c ./Core/Src/main.o
 .debug_macro   0x0000000000028a8a       0x34 ./Core/Src/main.o
 .debug_macro   0x0000000000028abe       0x16 ./Core/Src/main.o
 .debug_macro   0x0000000000028ad4       0x43 ./Core/Src/main.o
 .debug_macro   0x0000000000028b17       0x34 ./Core/Src/main.o
 .debug_macro   0x0000000000028b4b       0x10 ./Core/Src/main.o
 .debug_macro   0x0000000000028b5b       0x58 ./Core/Src/main.o
 .debug_macro   0x0000000000028bb3       0x71 ./Core/Src/main.o
 .debug_macro   0x0000000000028c24       0x1c ./Core/Src/main.o
 .debug_macro   0x0000000000028c40      0x12a ./Core/Src/main.o
 .debug_macro   0x0000000000028d6a      0x341 ./Core/Src/main.o
 .debug_macro   0x00000000000290ab      0x19b ./Core/Src/main.o
 .debug_macro   0x0000000000029246       0x5d ./Core/Src/main.o
 .debug_macro   0x00000000000292a3     0x1bb7 ./Core/Src/main.o
 .debug_macro   0x000000000002ae5a      0x7ff ./Core/Src/main.o
 .debug_macro   0x000000000002b659      0x158 ./Core/Src/main.o
 .debug_macro   0x000000000002b7b1      0x2aa ./Core/Src/main.o
 .debug_macro   0x000000000002ba5b      0x5a5 ./Core/Src/main.o
 .debug_macro   0x000000000002c000      0x432 ./Core/Src/main.o
 .debug_macro   0x000000000002c432       0xd6 ./Core/Src/main.o
 .debug_macro   0x000000000002c508      0x1cd ./Core/Src/main.o
 .debug_macro   0x000000000002c6d5     0x1406 ./Core/Src/main.o
 .debug_macro   0x000000000002dadb      0x92d ./Core/Src/main.o
 .debug_macro   0x000000000002e408      0x2bf ./Core/Src/main.o
 .debug_macro   0x000000000002e6c7      0x432 ./Core/Src/main.o
 .debug_macro   0x000000000002eaf9       0x95 ./Core/Src/main.o
 .debug_macro   0x000000000002eb8e      0x11c ./Core/Src/main.o
 .debug_macro   0x000000000002ecaa      0x517 ./Core/Src/main.o
 .debug_macro   0x000000000002f1c1      0x4d4 ./Core/Src/main.o
 .debug_macro   0x000000000002f695      0x5cf ./Core/Src/main.o
 .debug_macro   0x000000000002fc64       0xf4 ./Core/Src/main.o
 .debug_macro   0x000000000002fd58       0xba ./Core/Src/main.o
 .debug_macro   0x000000000002fe12      0x662 ./Core/Src/main.o
 .debug_macro   0x0000000000030474      0x1a1 ./Core/Src/main.o
 .debug_macro   0x0000000000030615      0x248 ./Core/Src/main.o
 .debug_macro   0x000000000003085d       0x90 ./Core/Src/main.o
 .debug_macro   0x00000000000308ed      0x1b7 ./Core/Src/main.o
 .debug_macro   0x0000000000030aa4      0x361 ./Core/Src/main.o
 .debug_macro   0x0000000000030e05      0x2b6 ./Core/Src/main.o
 .debug_macro   0x00000000000310bb      0x2f8 ./Core/Src/main.o
 .debug_macro   0x00000000000313b3      0x157 ./Core/Src/main.o
 .debug_macro   0x000000000003150a      0xaaf ./Core/Src/main.o
 .debug_macro   0x0000000000031fb9      0x284 ./Core/Src/main.o
 .debug_macro   0x000000000003223d       0xca ./Core/Src/main.o
 .debug_macro   0x0000000000032307      0x44e ./Core/Src/main.o
 .debug_macro   0x0000000000032755      0x167 ./Core/Src/main.o
 .debug_macro   0x00000000000328bc      0x8cf ./Core/Src/main.o
 .debug_macro   0x000000000003318b      0x18c ./Core/Src/main.o
 .debug_macro   0x0000000000033317       0xa0 ./Core/Src/main.o
 .debug_macro   0x00000000000333b7      0x1ee ./Core/Src/main.o
 .debug_macro   0x00000000000335a5      0x371 ./Core/Src/st7789.o
 .debug_macro   0x0000000000033916       0x16 ./Core/Src/st7789.o
 .debug_macro   0x000000000003392c       0x35 ./Core/Src/st7789.o
 .debug_macro   0x0000000000033961       0x20 ./Core/Src/st7789.o
 .debug_macro   0x0000000000033981      0x322 ./Core/Src/stm32u5xx_hal_msp.o
 .debug_macro   0x0000000000033ca3      0x32c ./Core/Src/stm32u5xx_it.o
 .debug_macro   0x0000000000033fcf      0x2c0 ./Core/Src/system_stm32u5xx.o
 .debug_macro   0x000000000003428f      0x2dd ./Drivers/STM32U5xx_HAL_Driver/Src/stm32u5xx_hal.o
 .debug_macro   0x000000000003456c      0x2dd ./Drivers/STM32U5xx_HAL_Driver/Src/stm32u5xx_hal_adc.o
 .debug_macro   0x0000000000034849      0x2b9 ./Drivers/STM32U5xx_HAL_Driver/Src/stm32u5xx_hal_cortex.o
 .debug_macro   0x0000000000034b02      0x2ba ./Drivers/STM32U5xx_HAL_Driver/Src/stm32u5xx_hal_dma.o
 .debug_macro   0x0000000000034dbc      0x2ba ./Drivers/STM32U5xx_HAL_Driver/Src/stm32u5xx_hal_dma_ex.o
 .debug_macro   0x0000000000035076      0x2eb ./Drivers/STM32U5xx_HAL_Driver/Src/stm32u5xx_hal_gpio.o
 .debug_macro   0x0000000000035361      0x2c5 ./Drivers/STM32U5xx_HAL_Driver/Src/stm32u5xx_hal_pcd.o
 .debug_macro   0x0000000000035626      0x2b9 ./Drivers/STM32U5xx_HAL_Driver/Src/stm32u5xx_hal_pcd_ex.o
 .debug_macro   0x00000000000358df      0x2e4 ./Drivers/STM32U5xx_HAL_Driver/Src/stm32u5xx_hal_pwr_ex.o
 .debug_macro   0x0000000000035bc3      0x3b9 ./Drivers/STM32U5xx_HAL_Driver/Src/stm32u5xx_hal_rcc.o
 .debug_macro   0x0000000000035f7c      0x3ef ./Drivers/STM32U5xx_HAL_Driver/Src/stm32u5xx_hal_rcc_ex.o
 .debug_macro   0x000000000003636b      0x2c8 ./Drivers/STM32U5xx_HAL_Driver/Src/stm32u5xx_hal_spi.o
 .debug_macro   0x0000000000036633      0x2b9 ./Drivers/STM32U5xx_HAL_Driver/Src/stm32u5xx_hal_spi_ex.o
 .debug_macro   0x00000000000368ec      0x2e4 ./Drivers/STM32U5xx_HAL_Driver/Src/stm32u5xx_hal_uart.o
 .debug_macro   0x0000000000036bd0      0x2c5 ./Drivers/STM32U5xx_HAL_Driver/Src/stm32u5xx_hal_uart_ex.o
 .debug_macro   0x0000000000036e95      0x2fb ./Drivers/STM32U5xx_HAL_Driver/Src/stm32u5xx_ll_gpio.o
 .debug_macro   0x0000000000037190      0x161 ./Drivers/STM32U5xx_HAL_Driver/Src/stm32u5xx_ll_gpio.o
 .debug_macro   0x00000000000372f1      0x2b9 ./Drivers/STM32U5xx_HAL_Driver/Src/stm32u5xx_ll_usb.o

.debug_line     0x0000000000000000    0x1d2a8
 .debug_line    0x0000000000000000      0x37f ./Core/Src/fonts.o
 .debug_line    0x000000000000037f      0xcfe ./Core/Src/main.o
 .debug_line    0x000000000000107d     0x1066 ./Core/Src/st7789.o
 .debug_line    0x00000000000020e3      0xb3b ./Core/Src/stm32u5xx_hal_msp.o
 .debug_line    0x0000000000002c1e      0xa3b ./Core/Src/stm32u5xx_it.o
 .debug_line    0x0000000000003659      0x972 ./Core/Src/system_stm32u5xx.o
 .debug_line    0x0000000000003fcb       0x86 ./Core/Startup/startup_stm32u575zitxq.o
 .debug_line    0x0000000000004051      0xc3c ./Drivers/STM32U5xx_HAL_Driver/Src/stm32u5xx_hal.o
 .debug_line    0x0000000000004c8d     0x25bd ./Drivers/STM32U5xx_HAL_Driver/Src/stm32u5xx_hal_adc.o
 .debug_line    0x000000000000724a      0xe81 ./Drivers/STM32U5xx_HAL_Driver/Src/stm32u5xx_hal_cortex.o
 .debug_line    0x00000000000080cb     0x12cf ./Drivers/STM32U5xx_HAL_Driver/Src/stm32u5xx_hal_dma.o
 .debug_line    0x000000000000939a     0x27ea ./Drivers/STM32U5xx_HAL_Driver/Src/stm32u5xx_hal_dma_ex.o
 .debug_line    0x000000000000bb84      0xdc6 ./Drivers/STM32U5xx_HAL_Driver/Src/stm32u5xx_hal_gpio.o
 .debug_line    0x000000000000c94a     0x15c9 ./Drivers/STM32U5xx_HAL_Driver/Src/stm32u5xx_hal_pcd.o
 .debug_line    0x000000000000df13      0xa4d ./Drivers/STM32U5xx_HAL_Driver/Src/stm32u5xx_hal_pcd_ex.o
 .debug_line    0x000000000000e960     0x11ff ./Drivers/STM32U5xx_HAL_Driver/Src/stm32u5xx_hal_pwr_ex.o
 .debug_line    0x000000000000fb5f     0x1614 ./Drivers/STM32U5xx_HAL_Driver/Src/stm32u5xx_hal_rcc.o
 .debug_line    0x0000000000011173     0x2224 ./Drivers/STM32U5xx_HAL_Driver/Src/stm32u5xx_hal_rcc_ex.o
 .debug_line    0x0000000000013397     0x235f ./Drivers/STM32U5xx_HAL_Driver/Src/stm32u5xx_hal_spi.o
 .debug_line    0x00000000000156f6      0xa95 ./Drivers/STM32U5xx_HAL_Driver/Src/stm32u5xx_hal_spi_ex.o
 .debug_line    0x000000000001618b     0x3923 ./Drivers/STM32U5xx_HAL_Driver/Src/stm32u5xx_hal_uart.o
 .debug_line    0x0000000000019aae     0x1033 ./Drivers/STM32U5xx_HAL_Driver/Src/stm32u5xx_hal_uart_ex.o
 .debug_line    0x000000000001aae1      0xbd8 ./Drivers/STM32U5xx_HAL_Driver/Src/stm32u5xx_ll_gpio.o
 .debug_line    0x000000000001b6b9     0x1bef ./Drivers/STM32U5xx_HAL_Driver/Src/stm32u5xx_ll_usb.o

.debug_str      0x0000000000000000   0x160021
 .debug_str     0x0000000000000000     0x3b4b ./Core/Src/fonts.o
                                       0x3cc1 (size before relaxing)
 .debug_str     0x0000000000003b4b   0x15276e ./Core/Src/main.o
                                     0x158137 (size before relaxing)
 .debug_str     0x00000000001562b9      0x354 ./Core/Src/st7789.o
                                     0x157509 (size before relaxing)
 .debug_str     0x000000000015660d      0xb45 ./Core/Src/stm32u5xx_hal_msp.o
                                     0x158160 (size before relaxing)
 .debug_str     0x0000000000157152       0xee ./Core/Src/stm32u5xx_it.o
                                     0x15686c (size before relaxing)
 .debug_str     0x0000000000157240      0x1b8 ./Core/Src/system_stm32u5xx.o
                                     0x144f52 (size before relaxing)
 .debug_str     0x00000000001573f8       0x37 ./Core/Startup/startup_stm32u575zitxq.o
                                         0x80 (size before relaxing)
 .debug_str     0x000000000015742f      0x70a ./Drivers/STM32U5xx_HAL_Driver/Src/stm32u5xx_hal.o
                                     0x145cff (size before relaxing)
 .debug_str     0x0000000000157b39      0xda3 ./Drivers/STM32U5xx_HAL_Driver/Src/stm32u5xx_hal_adc.o
                                     0x14619f (size before relaxing)
 .debug_str     0x00000000001588dc      0x398 ./Drivers/STM32U5xx_HAL_Driver/Src/stm32u5xx_hal_cortex.o
                                     0x145b26 (size before relaxing)
 .debug_str     0x0000000000158c74      0x308 ./Drivers/STM32U5xx_HAL_Driver/Src/stm32u5xx_hal_dma.o
                                     0x1452d1 (size before relaxing)
 .debug_str     0x0000000000158f7c      0x7e3 ./Drivers/STM32U5xx_HAL_Driver/Src/stm32u5xx_hal_dma_ex.o
                                     0x145953 (size before relaxing)
 .debug_str     0x000000000015975f      0x2a2 ./Drivers/STM32U5xx_HAL_Driver/Src/stm32u5xx_hal_gpio.o
                                     0x144f59 (size before relaxing)
 .debug_str     0x0000000000159a01      0x807 ./Drivers/STM32U5xx_HAL_Driver/Src/stm32u5xx_hal_pcd.o
                                     0x145830 (size before relaxing)
 .debug_str     0x000000000015a208      0x174 ./Drivers/STM32U5xx_HAL_Driver/Src/stm32u5xx_hal_pcd_ex.o
                                     0x1451cd (size before relaxing)
 .debug_str     0x000000000015a37c      0x828 ./Drivers/STM32U5xx_HAL_Driver/Src/stm32u5xx_hal_pwr_ex.o
                                     0x145688 (size before relaxing)
 .debug_str     0x000000000015aba4     0x12b3 ./Drivers/STM32U5xx_HAL_Driver/Src/stm32u5xx_hal_rcc.o
                                     0x146629 (size before relaxing)
 .debug_str     0x000000000015be57     0x253e ./Drivers/STM32U5xx_HAL_Driver/Src/stm32u5xx_hal_rcc_ex.o
                                     0x1478d0 (size before relaxing)
 .debug_str     0x000000000015e395      0x509 ./Drivers/STM32U5xx_HAL_Driver/Src/stm32u5xx_hal_spi.o
                                     0x145842 (size before relaxing)
 .debug_str     0x000000000015e89e       0xee ./Drivers/STM32U5xx_HAL_Driver/Src/stm32u5xx_hal_spi_ex.o
                                     0x1453c7 (size before relaxing)
 .debug_str     0x000000000015e98c      0x900 ./Drivers/STM32U5xx_HAL_Driver/Src/stm32u5xx_hal_uart.o
                                     0x145c02 (size before relaxing)
 .debug_str     0x000000000015f28c      0x2f9 ./Drivers/STM32U5xx_HAL_Driver/Src/stm32u5xx_hal_uart_ex.o
                                     0x14569a (size before relaxing)
 .debug_str     0x000000000015f585      0x658 ./Drivers/STM32U5xx_HAL_Driver/Src/stm32u5xx_ll_gpio.o
                                     0x147111 (size before relaxing)
 .debug_str     0x000000000015fbdd      0x444 ./Drivers/STM32U5xx_HAL_Driver/Src/stm32u5xx_ll_usb.o
                                     0x1456b7 (size before relaxing)

.comment        0x0000000000000000       0x50
 .comment       0x0000000000000000       0x50 ./Core/Src/fonts.o
                                         0x51 (size before relaxing)
 .comment       0x0000000000000050       0x51 ./Core/Src/main.o
 .comment       0x0000000000000050       0x51 ./Core/Src/st7789.o
 .comment       0x0000000000000050       0x51 ./Core/Src/stm32u5xx_hal_msp.o
 .comment       0x0000000000000050       0x51 ./Core/Src/stm32u5xx_it.o
 .comment       0x0000000000000050       0x51 ./Core/Src/system_stm32u5xx.o
 .comment       0x0000000000000050       0x51 ./Drivers/STM32U5xx_HAL_Driver/Src/stm32u5xx_hal.o
 .comment       0x0000000000000050       0x51 ./Drivers/STM32U5xx_HAL_Driver/Src/stm32u5xx_hal_adc.o
 .comment       0x0000000000000050       0x51 ./Drivers/STM32U5xx_HAL_Driver/Src/stm32u5xx_hal_cortex.o
 .comment       0x0000000000000050       0x51 ./Drivers/STM32U5xx_HAL_Driver/Src/stm32u5xx_hal_dma.o
 .comment       0x0000000000000050       0x51 ./Drivers/STM32U5xx_HAL_Driver/Src/stm32u5xx_hal_dma_ex.o
 .comment       0x0000000000000050       0x51 ./Drivers/STM32U5xx_HAL_Driver/Src/stm32u5xx_hal_gpio.o
 .comment       0x0000000000000050       0x51 ./Drivers/STM32U5xx_HAL_Driver/Src/stm32u5xx_hal_pcd.o
 .comment       0x0000000000000050       0x51 ./Drivers/STM32U5xx_HAL_Driver/Src/stm32u5xx_hal_pcd_ex.o
 .comment       0x0000000000000050       0x51 ./Drivers/STM32U5xx_HAL_Driver/Src/stm32u5xx_hal_pwr_ex.o
 .comment       0x0000000000000050       0x51 ./Drivers/STM32U5xx_HAL_Driver/Src/stm32u5xx_hal_rcc.o
 .comment       0x0000000000000050       0x51 ./Drivers/STM32U5xx_HAL_Driver/Src/stm32u5xx_hal_rcc_ex.o
 .comment       0x0000000000000050       0x51 ./Drivers/STM32U5xx_HAL_Driver/Src/stm32u5xx_hal_spi.o
 .comment       0x0000000000000050       0x51 ./Drivers/STM32U5xx_HAL_Driver/Src/stm32u5xx_hal_spi_ex.o
 .comment       0x0000000000000050       0x51 ./Drivers/STM32U5xx_HAL_Driver/Src/stm32u5xx_hal_uart.o
 .comment       0x0000000000000050       0x51 ./Drivers/STM32U5xx_HAL_Driver/Src/stm32u5xx_hal_uart_ex.o
 .comment       0x0000000000000050       0x51 ./Drivers/STM32U5xx_HAL_Driver/Src/stm32u5xx_ll_gpio.o
 .comment       0x0000000000000050       0x51 ./Drivers/STM32U5xx_HAL_Driver/Src/stm32u5xx_ll_usb.o

.debug_ranges   0x0000000000000000     0x14e0
 .debug_ranges  0x0000000000000000       0x70 ./Core/Src/main.o
 .debug_ranges  0x0000000000000070       0xc0 ./Core/Src/st7789.o
 .debug_ranges  0x0000000000000130       0x50 ./Core/Src/stm32u5xx_hal_msp.o
 .debug_ranges  0x0000000000000180       0x58 ./Core/Src/stm32u5xx_it.o
 .debug_ranges  0x00000000000001d8       0x18 ./Core/Src/system_stm32u5xx.o
 .debug_ranges  0x00000000000001f0       0x20 ./Core/Startup/startup_stm32u575zitxq.o
 .debug_ranges  0x0000000000000210      0x110 ./Drivers/STM32U5xx_HAL_Driver/Src/stm32u5xx_hal.o
 .debug_ranges  0x0000000000000320      0x230 ./Drivers/STM32U5xx_HAL_Driver/Src/stm32u5xx_hal_adc.o
 .debug_ranges  0x0000000000000550      0x120 ./Drivers/STM32U5xx_HAL_Driver/Src/stm32u5xx_hal_cortex.o
 .debug_ranges  0x0000000000000670       0x90 ./Drivers/STM32U5xx_HAL_Driver/Src/stm32u5xx_hal_dma.o
 .debug_ranges  0x0000000000000700      0x190 ./Drivers/STM32U5xx_HAL_Driver/Src/stm32u5xx_hal_dma_ex.o
 .debug_ranges  0x0000000000000890       0x60 ./Drivers/STM32U5xx_HAL_Driver/Src/stm32u5xx_hal_gpio.o
 .debug_ranges  0x00000000000008f0      0x130 ./Drivers/STM32U5xx_HAL_Driver/Src/stm32u5xx_hal_pcd.o
 .debug_ranges  0x0000000000000a20       0x50 ./Drivers/STM32U5xx_HAL_Driver/Src/stm32u5xx_hal_pcd_ex.o
 .debug_ranges  0x0000000000000a70      0x1f0 ./Drivers/STM32U5xx_HAL_Driver/Src/stm32u5xx_hal_pwr_ex.o
 .debug_ranges  0x0000000000000c60       0x98 ./Drivers/STM32U5xx_HAL_Driver/Src/stm32u5xx_hal_rcc.o
 .debug_ranges  0x0000000000000cf8      0x128 ./Drivers/STM32U5xx_HAL_Driver/Src/stm32u5xx_hal_rcc_ex.o
 .debug_ranges  0x0000000000000e20      0x190 ./Drivers/STM32U5xx_HAL_Driver/Src/stm32u5xx_hal_spi.o
 .debug_ranges  0x0000000000000fb0       0x38 ./Drivers/STM32U5xx_HAL_Driver/Src/stm32u5xx_hal_spi_ex.o
 .debug_ranges  0x0000000000000fe8      0x268 ./Drivers/STM32U5xx_HAL_Driver/Src/stm32u5xx_hal_uart.o
 .debug_ranges  0x0000000000001250       0xa0 ./Drivers/STM32U5xx_HAL_Driver/Src/stm32u5xx_hal_uart_ex.o
 .debug_ranges  0x00000000000012f0       0x60 ./Drivers/STM32U5xx_HAL_Driver/Src/stm32u5xx_ll_gpio.o
 .debug_ranges  0x0000000000001350      0x190 ./Drivers/STM32U5xx_HAL_Driver/Src/stm32u5xx_ll_usb.o

.debug_frame    0x0000000000000000     0x5f2c
 .debug_frame   0x0000000000000000      0x1c0 ./Core/Src/main.o
 .debug_frame   0x00000000000001c0      0x398 ./Core/Src/st7789.o
 .debug_frame   0x0000000000000558      0x164 ./Core/Src/stm32u5xx_hal_msp.o
 .debug_frame   0x00000000000006bc      0x120 ./Core/Src/stm32u5xx_it.o
 .debug_frame   0x00000000000007dc       0x58 ./Core/Src/system_stm32u5xx.o
 .debug_frame   0x0000000000000834      0x460 ./Drivers/STM32U5xx_HAL_Driver/Src/stm32u5xx_hal.o
 .debug_frame   0x0000000000000c94      0xaa4 ./Drivers/STM32U5xx_HAL_Driver/Src/stm32u5xx_hal_adc.o
 .debug_frame   0x0000000000001738      0x508 ./Drivers/STM32U5xx_HAL_Driver/Src/stm32u5xx_hal_cortex.o
 .debug_frame   0x0000000000001c40      0x2a0 ./Drivers/STM32U5xx_HAL_Driver/Src/stm32u5xx_hal_dma.o
 .debug_frame   0x0000000000001ee0      0x754 ./Drivers/STM32U5xx_HAL_Driver/Src/stm32u5xx_hal_dma_ex.o
 .debug_frame   0x0000000000002634      0x1c4 ./Drivers/STM32U5xx_HAL_Driver/Src/stm32u5xx_hal_gpio.o
 .debug_frame   0x00000000000027f8      0x594 ./Drivers/STM32U5xx_HAL_Driver/Src/stm32u5xx_hal_pcd.o
 .debug_frame   0x0000000000002d8c      0x174 ./Drivers/STM32U5xx_HAL_Driver/Src/stm32u5xx_hal_pcd_ex.o
 .debug_frame   0x0000000000002f00      0x84c ./Drivers/STM32U5xx_HAL_Driver/Src/stm32u5xx_hal_pwr_ex.o
 .debug_frame   0x000000000000374c      0x28c ./Drivers/STM32U5xx_HAL_Driver/Src/stm32u5xx_hal_rcc.o
 .debug_frame   0x00000000000039d8      0x53c ./Drivers/STM32U5xx_HAL_Driver/Src/stm32u5xx_hal_rcc_ex.o
 .debug_frame   0x0000000000003f14      0x778 ./Drivers/STM32U5xx_HAL_Driver/Src/stm32u5xx_hal_spi.o
 .debug_frame   0x000000000000468c      0x100 ./Drivers/STM32U5xx_HAL_Driver/Src/stm32u5xx_hal_spi_ex.o
 .debug_frame   0x000000000000478c      0xa84 ./Drivers/STM32U5xx_HAL_Driver/Src/stm32u5xx_hal_uart.o
 .debug_frame   0x0000000000005210      0x2ec ./Drivers/STM32U5xx_HAL_Driver/Src/stm32u5xx_hal_uart_ex.o
 .debug_frame   0x00000000000054fc      0x1c0 ./Drivers/STM32U5xx_HAL_Driver/Src/stm32u5xx_ll_gpio.o
 .debug_frame   0x00000000000056bc      0x7c0 ./Drivers/STM32U5xx_HAL_Driver/Src/stm32u5xx_ll_usb.o
 .debug_frame   0x0000000000005e7c       0x2c c:/st/stm32cubeide_1.10.1/stm32cubeide/plugins/com.st.stm32cube.ide.mcu.externaltools.gnu-tools-for-stm32.10.3-2021.10.win32_1.0.0.202111181127/tools/bin/../lib/gcc/arm-none-eabi/10.3.1/../../../../arm-none-eabi/lib/thumb/v8-m.main+fp/hard\libc_nano.a(lib_a-init.o)
 .debug_frame   0x0000000000005ea8       0x20 c:/st/stm32cubeide_1.10.1/stm32cubeide/plugins/com.st.stm32cube.ide.mcu.externaltools.gnu-tools-for-stm32.10.3-2021.10.win32_1.0.0.202111181127/tools/bin/../lib/gcc/arm-none-eabi/10.3.1/../../../../arm-none-eabi/lib/thumb/v8-m.main+fp/hard\libc_nano.a(lib_a-memset.o)
 .debug_frame   0x0000000000005ec8       0x2c c:/st/stm32cubeide_1.10.1/stm32cubeide/plugins/com.st.stm32cube.ide.mcu.externaltools.gnu-tools-for-stm32.10.3-2021.10.win32_1.0.0.202111181127/tools/bin/../lib/gcc/arm-none-eabi/10.3.1/thumb/v8-m.main+fp/hard\libgcc.a(_aeabi_uldivmod.o)
 .debug_frame   0x0000000000005ef4       0x38 c:/st/stm32cubeide_1.10.1/stm32cubeide/plugins/com.st.stm32cube.ide.mcu.externaltools.gnu-tools-for-stm32.10.3-2021.10.win32_1.0.0.202111181127/tools/bin/../lib/gcc/arm-none-eabi/10.3.1/thumb/v8-m.main+fp/hard\libgcc.a(_udivmoddi4.o)
