Archive member included to satisfy reference by file (symbol)

C:/ST/STM32CubeIDE_1.10.1/STM32CubeIDE/plugins/com.st.stm32cube.ide.mcu.externaltools.gnu-tools-for-stm32.12.3.rel1.win32_1.0.100.202403111256/tools/bin/../lib/gcc/arm-none-eabi/12.3.1/../../../../arm-none-eabi/lib/thumb/v7-m/nofp\libc_nano.a(libc_a-exit.o)
                              C:/ST/STM32CubeIDE_1.10.1/STM32CubeIDE/plugins/com.st.stm32cube.ide.mcu.externaltools.gnu-tools-for-stm32.12.3.rel1.win32_1.0.100.202403111256/tools/bin/../lib/gcc/arm-none-eabi/12.3.1/../../../../arm-none-eabi/lib/thumb/v7-m/nofp/crt0.o (exit)
C:/ST/STM32CubeIDE_1.10.1/STM32CubeIDE/plugins/com.st.stm32cube.ide.mcu.externaltools.gnu-tools-for-stm32.12.3.rel1.win32_1.0.100.202403111256/tools/bin/../lib/gcc/arm-none-eabi/12.3.1/../../../../arm-none-eabi/lib/thumb/v7-m/nofp\libc_nano.a(libc_a-findfp.o)
                              C:/ST/STM32CubeIDE_1.10.1/STM32CubeIDE/plugins/com.st.stm32cube.ide.mcu.externaltools.gnu-tools-for-stm32.12.3.rel1.win32_1.0.100.202403111256/tools/bin/../lib/gcc/arm-none-eabi/12.3.1/../../../../arm-none-eabi/lib/thumb/v7-m/nofp\libc_nano.a(libc_a-exit.o) (__stdio_exit_handler)
C:/ST/STM32CubeIDE_1.10.1/STM32CubeIDE/plugins/com.st.stm32cube.ide.mcu.externaltools.gnu-tools-for-stm32.12.3.rel1.win32_1.0.100.202403111256/tools/bin/../lib/gcc/arm-none-eabi/12.3.1/../../../../arm-none-eabi/lib/thumb/v7-m/nofp\libc_nano.a(libc_a-fwalk.o)
                              C:/ST/STM32CubeIDE_1.10.1/STM32CubeIDE/plugins/com.st.stm32cube.ide.mcu.externaltools.gnu-tools-for-stm32.12.3.rel1.win32_1.0.100.202403111256/tools/bin/../lib/gcc/arm-none-eabi/12.3.1/../../../../arm-none-eabi/lib/thumb/v7-m/nofp\libc_nano.a(libc_a-findfp.o) (_fwalk_sglue)
C:/ST/STM32CubeIDE_1.10.1/STM32CubeIDE/plugins/com.st.stm32cube.ide.mcu.externaltools.gnu-tools-for-stm32.12.3.rel1.win32_1.0.100.202403111256/tools/bin/../lib/gcc/arm-none-eabi/12.3.1/../../../../arm-none-eabi/lib/thumb/v7-m/nofp\libc_nano.a(libc_a-stdio.o)
                              C:/ST/STM32CubeIDE_1.10.1/STM32CubeIDE/plugins/com.st.stm32cube.ide.mcu.externaltools.gnu-tools-for-stm32.12.3.rel1.win32_1.0.100.202403111256/tools/bin/../lib/gcc/arm-none-eabi/12.3.1/../../../../arm-none-eabi/lib/thumb/v7-m/nofp\libc_nano.a(libc_a-findfp.o) (__sread)
C:/ST/STM32CubeIDE_1.10.1/STM32CubeIDE/plugins/com.st.stm32cube.ide.mcu.externaltools.gnu-tools-for-stm32.12.3.rel1.win32_1.0.100.202403111256/tools/bin/../lib/gcc/arm-none-eabi/12.3.1/../../../../arm-none-eabi/lib/thumb/v7-m/nofp\libc_nano.a(libc_a-memset.o)
                              C:/ST/STM32CubeIDE_1.10.1/STM32CubeIDE/plugins/com.st.stm32cube.ide.mcu.externaltools.gnu-tools-for-stm32.12.3.rel1.win32_1.0.100.202403111256/tools/bin/../lib/gcc/arm-none-eabi/12.3.1/../../../../arm-none-eabi/lib/thumb/v7-m/nofp/crt0.o (memset)
C:/ST/STM32CubeIDE_1.10.1/STM32CubeIDE/plugins/com.st.stm32cube.ide.mcu.externaltools.gnu-tools-for-stm32.12.3.rel1.win32_1.0.100.202403111256/tools/bin/../lib/gcc/arm-none-eabi/12.3.1/../../../../arm-none-eabi/lib/thumb/v7-m/nofp\libc_nano.a(libc_a-closer.o)
                              C:/ST/STM32CubeIDE_1.10.1/STM32CubeIDE/plugins/com.st.stm32cube.ide.mcu.externaltools.gnu-tools-for-stm32.12.3.rel1.win32_1.0.100.202403111256/tools/bin/../lib/gcc/arm-none-eabi/12.3.1/../../../../arm-none-eabi/lib/thumb/v7-m/nofp\libc_nano.a(libc_a-stdio.o) (_close_r)
C:/ST/STM32CubeIDE_1.10.1/STM32CubeIDE/plugins/com.st.stm32cube.ide.mcu.externaltools.gnu-tools-for-stm32.12.3.rel1.win32_1.0.100.202403111256/tools/bin/../lib/gcc/arm-none-eabi/12.3.1/../../../../arm-none-eabi/lib/thumb/v7-m/nofp\libc_nano.a(libc_a-reent.o)
                              C:/ST/STM32CubeIDE_1.10.1/STM32CubeIDE/plugins/com.st.stm32cube.ide.mcu.externaltools.gnu-tools-for-stm32.12.3.rel1.win32_1.0.100.202403111256/tools/bin/../lib/gcc/arm-none-eabi/12.3.1/../../../../arm-none-eabi/lib/thumb/v7-m/nofp\libc_nano.a(libc_a-closer.o) (errno)
C:/ST/STM32CubeIDE_1.10.1/STM32CubeIDE/plugins/com.st.stm32cube.ide.mcu.externaltools.gnu-tools-for-stm32.12.3.rel1.win32_1.0.100.202403111256/tools/bin/../lib/gcc/arm-none-eabi/12.3.1/../../../../arm-none-eabi/lib/thumb/v7-m/nofp\libc_nano.a(libc_a-impure.o)
                              C:/ST/STM32CubeIDE_1.10.1/STM32CubeIDE/plugins/com.st.stm32cube.ide.mcu.externaltools.gnu-tools-for-stm32.12.3.rel1.win32_1.0.100.202403111256/tools/bin/../lib/gcc/arm-none-eabi/12.3.1/../../../../arm-none-eabi/lib/thumb/v7-m/nofp\libc_nano.a(libc_a-reent.o) (_impure_ptr)
C:/ST/STM32CubeIDE_1.10.1/STM32CubeIDE/plugins/com.st.stm32cube.ide.mcu.externaltools.gnu-tools-for-stm32.12.3.rel1.win32_1.0.100.202403111256/tools/bin/../lib/gcc/arm-none-eabi/12.3.1/../../../../arm-none-eabi/lib/thumb/v7-m/nofp\libc_nano.a(libc_a-lseekr.o)
[...]
Memory Configuration

Name             Origin             Length             Attributes
RAM              0x20000000         0x00002800         xrw
FLASH            0x08000000         0x00008000         xr
*default*        0x00000000         0xffffffff

Linker script and memory map

LOAD C:/ST/STM32CubeIDE_1.10.1/STM32CubeIDE/plugins/com.st.stm32cube.ide.mcu.externaltools.gnu-tools-for-stm32.12.3.rel1.win32_1.0.100.202403111256/tools/bin/../lib/gcc/arm-none-eabi/12.3.1/thumb/v7-m/nofp/crti.o
LOAD C:/ST/STM32CubeIDE_1.10.1/STM32CubeIDE/plugins/com.st.stm32cube.ide.mcu.externaltools.gnu-tools-for-stm32.12.3.rel1.win32_1.0.100.202403111256/tools/bin/../lib/gcc/arm-none-eabi/12.3.1/thumb/v7-m/nofp/crtbegin.o
LOAD C:/ST/STM32CubeIDE_1.10.1/STM32CubeIDE/plugins/com.st.stm32cube.ide.mcu.externaltools.gnu-tools-for-stm32.12.3.rel1.win32_1.0.100.202403111256/tools/bin/../lib/gcc/arm-none-eabi/12.3.1/../../../../arm-none-eabi/lib/thumb/v7-m/nofp/crt0.o
LOAD ./Core/Src/fonts.o
LOAD ./Core/Src/main.o
LOAD ./Core/Src/st7789.o
LOAD ./Core/Src/stm32f1xx_hal_msp.o
LOAD ./Core/Src/stm32f1xx_it.o
LOAD ./Core/Src/syscalls.o
LOAD ./Core/Src/sysmem.o
LOAD ./Core/Src/system_stm32f1xx.o
LOAD ./Core/Startup/startup_stm32f103c6tx.o
LOAD ./Drivers/STM32F1xx_HAL_Driver/Src/stm32f1xx_hal.o
LOAD ./Drivers/STM32F1xx_HAL_Driver/Src/stm32f1xx_hal_cortex.o
LOAD ./Drivers/STM32F1xx_HAL_Driver/Src/stm32f1xx_hal_dma.o
LOAD ./Drivers/STM32F1xx_HAL_Driver/Src/stm32f1xx_hal_exti.o
LOAD ./Drivers/STM32F1xx_HAL_Driver/Src/stm32f1xx_hal_flash.o
LOAD ./Drivers/STM32F1xx_HAL_Driver/Src/stm32f1xx_hal_flash_ex.o
LOAD ./Drivers/STM32F1xx_HAL_Driver/Src/stm32f1xx_hal_gpio.o
LOAD ./Drivers/STM32F1xx_HAL_Driver/Src/stm32f1xx_hal_gpio_ex.o
LOAD ./Drivers/STM32F1xx_HAL_Driver/Src/stm32f1xx_hal_pwr.o
LOAD ./Drivers/STM32F1xx_HAL_Driver/Src/stm32f1xx_hal_rcc.o
LOAD ./Drivers/STM32F1xx_HAL_Driver/Src/stm32f1xx_hal_rcc_ex.o
LOAD ./Drivers/STM32F1xx_HAL_Driver/Src/stm32f1xx_hal_spi.o
START GROUP
LOAD C:/ST/STM32CubeIDE_1.10.1/STM32CubeIDE/plugins/com.st.stm32cube.ide.mcu.externaltools.gnu-tools-for-stm32.12.3.rel1.win32_1.0.100.202403111256/tools/bin/../lib/gcc/arm-none-eabi/12.3.1/../../../../arm-none-eabi/lib/thumb/v7-m/nofp\libc_nano.a
LOAD C:/ST/STM32CubeIDE_1.10.1/STM32CubeIDE/plugins/com.st.stm32cube.ide.mcu.externaltools.gnu-tools-for-stm32.12.3.rel1.win32_1.0.100.202403111256/tools/bin/../lib/gcc/arm-none-eabi/12.3.1/../../../../arm-none-eabi/lib/thumb/v7-m/nofp\libm.a
END GROUP
START GROUP
LOAD C:/ST/STM32CubeIDE_1.10.1/STM32CubeIDE/plugins/com.st.stm32cube.ide.mcu.externaltools.gnu-tools-for-stm32.12.3.rel1.win32_1.0.100.202403111256/tools/bin/../lib/gcc/arm-none-eabi/12.3.1/thumb/v7-m/nofp\libgcc.a
LOAD C:/ST/STM32CubeIDE_1.10.1/STM32CubeIDE/plugins/com.st.stm32cube.ide.mcu.externaltools.gnu-tools-for-stm32.12.3.rel1.win32_1.0.100.202403111256/tools/bin/../lib/gcc/arm-none-eabi/12.3.1/../../../../arm-none-eabi/lib/thumb/v7-m/nofp\libc_nano.a
END GROUP
START GROUP
LOAD C:/ST/STM32CubeIDE_1.10.1/STM32CubeIDE/plugins/com.st.stm32cube.ide.mcu.externaltools.gnu-tools-for-stm32.12.3.rel1.win32_1.0.100.202403111256/tools/bin/../lib/gcc/arm-none-eabi/12.3.1/thumb/v7-m/nofp\libgcc.a
LOAD C:/ST/STM32CubeIDE_1.10.1/STM32CubeIDE/plugins/com.st.stm32cube.ide.mcu.externaltools.gnu-tools-for-stm32.12.3.rel1.win32_1.0.100.202403111256/tools/bin/../lib/gcc/arm-none-eabi/12.3.1/../../../../arm-none-eabi/lib/thumb/v7-m/nofp\libc_nano.a
LOAD C:/ST/STM32CubeIDE_1.10.1/STM32CubeIDE/plugins/com.st.stm32cube.ide.mcu.externaltools.gnu-tools-for-stm32.12.3.rel1.win32_1.0.100.202403111256/tools/bin/../lib/gcc/arm-none-eabi/12.3.1/../../../../arm-none-eabi/lib/thumb/v7-m/nofp\libnosys.a
END GROUP
START GROUP
LOAD C:/ST/STM32CubeIDE_1.10.1/STM32CubeIDE/plugins/com.st.stm32cube.ide.mcu.externaltools.gnu-tools-for-stm32.12.3.rel1.win32_1.0.100.202403111256/tools/bin/../lib/gcc/arm-none-eabi/12.3.1/thumb/v7-m/nofp\libgcc.a
LOAD C:/ST/STM32CubeIDE_1.10.1/STM32CubeIDE/plugins/com.st.stm32cube.ide.mcu.externaltools.gnu-tools-for-stm32.12.3.rel1.win32_1.0.100.202403111256/tools/bin/../lib/gcc/arm-none-eabi/12.3.1/../../../../arm-none-eabi/lib/thumb/v7-m/nofp\libc_nano.a
LOAD C:/ST/STM32CubeIDE_1.10.1/STM32CubeIDE/plugins/com.st.stm32cube.ide.mcu.externaltools.gnu-tools-for-stm32.12.3.rel1.win32_1.0.100.202403111256/tools/bin/../lib/gcc/arm-none-eabi/12.3.1/../../../../arm-none-eabi/lib/thumb/v7-m/nofp\libnosys.a
END GROUP
LOAD C:/ST/STM32CubeIDE_1.10.1/STM32CubeIDE/plugins/com.st.stm32cube.ide.mcu.externaltools.gnu-tools-for-stm32.12.3.rel1.win32_1.0.100.202403111256/tools/bin/../lib/gcc/arm-none-eabi/12.3.1/thumb/v7-m/nofp/crtend.o
LOAD C:/ST/STM32CubeIDE_1.10.1/STM32CubeIDE/plugins/com.st.stm32cube.ide.mcu.externaltools.gnu-tools-for-stm32.12.3.rel1.win32_1.0.100.202403111256/tools/bin/../lib/gcc/arm-none-eabi/12.3.1/thumb/v7-m/nofp/crtn.o
                0x20002800                        _estack = (ORIGIN (RAM) + LENGTH (RAM))
                0x00000200                        _Min_Heap_Size = 0x200
                0x00000400                        _Min_Stack_Size = 0x400

.isr_vector     0x08000000      0x10c
                0x08000000                        . = ALIGN (0x4)
 *(.isr_vector)
 .isr_vector    0x08000000      0x10c ./Core/Startup/startup_stm32f103c6tx.o
                0x08000000                g_pfnVectors
                0x0800010c                        . = ALIGN (0x4)

.text           0x0800010c     0x323c
                0x0800010c                        . = ALIGN (0x4)
 *(.text)
 .text          0x0800010c       0x40 C:/ST/STM32CubeIDE_1.10.1/STM32CubeIDE/plugins/com.st.stm32cube.ide.mcu.externaltools.gnu-tools-for-stm32.12.3.rel1.win32_1.0.100.202403111256/tools/bin/../lib/gcc/arm-none-eabi/12.3.1/thumb/v7-m/nofp/crtbegin.o
 *(.text*)
 .text.main     0x0800014c       0x3c ./Core/Src/main.o
                0x0800014c                main
 .text.SystemClock_Config
                0x08000188       0x80 ./Core/Src/main.o
                0x08000188                SystemClock_Config
 .text.MX_SPI1_Init
                0x08000208       0x6c ./Core/Src/main.o
 .text.MX_DMA_Init
                0x08000274       0x3c ./Core/Src/main.o
 .text.MX_GPIO_Init
                0x080002b0       0x80 ./Core/Src/main.o
 .text.Error_Handler
                0x08000330        0xc ./Core/Src/main.o
                0x08000330                Error_Handler
 .text.ST7789_WriteCommand
                0x0800033c       0x4c ./Core/Src/st7789.o
 .text.ST7789_WriteData
                0x08000388       0xa0 ./Core/Src/st7789.o
 .text.ST7789_WriteSmallData
                0x08000428       0x4c ./Core/Src/st7789.o
 .text.ST7789_SetRotation
                0x08000474       0x58 ./Core/Src/st7789.o
                0x08000474                ST7789_SetRotation
 .text.ST7789_SetAddressWindow
                0x080004cc       0xbc ./Core/Src/st7789.o
 .text.ST7789_Init
                0x08000588      0x14c ./Core/Src/st7789.o
                0x08000588                ST7789_Init
 .text.ST7789_Fill_Color
                0x080006d4       0x68 ./Core/Src/st7789.o
                0x080006d4                ST7789_Fill_Color
 .text.ST7789_DrawPixel
                0x0800073c       0x6c ./Core/Src/st7789.o
                0x0800073c                ST7789_DrawPixel
 .text.ST7789_DrawLine
                0x080007a8      0x118 ./Core/Src/st7789.o
                0x080007a8                ST7789_DrawLine
 .text.ST7789_DrawRectangle
                0x080008c0       0x8c ./Core/Src/st7789.o
                0x080008c0                ST7789_DrawRectangle
 .text.ST7789_DrawCircle
                0x0800094c      0x1d0 ./Core/Src/st7789.o
                0x0800094c                ST7789_DrawCircle
 .text.ST7789_WriteChar
                0x08000b1c      0x100 ./Core/Src/st7789.o
                0x08000b1c                ST7789_WriteChar
 .text.ST7789_WriteString
                0x08000c1c       0xa8 ./Core/Src/st7789.o
                0x08000c1c                ST7789_WriteString
 .text.ST7789_DrawFilledRectangle
                0x08000cc4       0xb4 ./Core/Src/st7789.o
                0x08000cc4                ST7789_DrawFilledRectangle
 .text.ST7789_DrawTriangle
                0x08000d78       0x78 ./Core/Src/st7789.o
                0x08000d78                ST7789_DrawTriangle
 .text.ST7789_DrawFilledTriangle
                0x08000df0      0x1a0 ./Core/Src/st7789.o
                0x08000df0                ST7789_DrawFilledTriangle
 .text.ST7789_DrawFilledCircle
                0x08000f90      0x1d0 ./Core/Src/st7789.o
                0x08000f90                ST7789_DrawFilledCircle
 .text.ST7789_Test
                0x08001160      0x32c ./Core/Src/st7789.o
                0x08001160                ST7789_Test
 .text.HAL_MspInit
                0x0800148c       0x44 ./Core/Src/stm32f1xx_hal_msp.o
                0x0800148c                HAL_MspInit
 .text.HAL_SPI_MspInit
                0x080014d0       0xfc ./Core/Src/stm32f1xx_hal_msp.o
                0x080014d0                HAL_SPI_MspInit
 .text.NMI_Handler
                0x080015cc        0x8 ./Core/Src/stm32f1xx_it.o
                0x080015cc                NMI_Handler
 .text.HardFault_Handler
                0x080015d4        0x8 ./Core/Src/stm32f1xx_it.o
                0x080015d4                HardFault_Handler
 .text.MemManage_Handler
                0x080015dc        0x8 ./Core/Src/stm32f1xx_it.o
                0x080015dc                MemManage_Handler
 .text.BusFault_Handler
                0x080015e4        0x8 ./Core/Src/stm32f1xx_it.o
                0x080015e4                BusFault_Handler
 .text.UsageFault_Handler
                0x080015ec        0x8 ./Core/Src/stm32f1xx_it.o
                0x080015ec                UsageFault_Handler
 .text.SVC_Handler
                0x080015f4        0xc ./Core/Src/stm32f1xx_it.o
                0x080015f4                SVC_Handler
 .text.DebugMon_Handler
                0x08001600        0xc ./Core/Src/stm32f1xx_it.o
                0x08001600                DebugMon_Handler
 .text.PendSV_Handler
                0x0800160c        0xc ./Core/Src/stm32f1xx_it.o
                0x0800160c                PendSV_Handler
 .text.SysTick_Handler
                0x08001618        0xc ./Core/Src/stm32f1xx_it.o
                0x08001618                SysTick_Handler
 .text.DMA1_Channel3_IRQHandler
                0x08001624       0x14 ./Core/Src/stm32f1xx_it.o
                0x08001624                DMA1_Channel3_IRQHandler
 .text.SPI1_IRQHandler
                0x08001638       0x14 ./Core/Src/stm32f1xx_it.o
                0x08001638                SPI1_IRQHandler
 .text.SystemInit
                0x0800164c        0xc ./Core/Src/system_stm32f1xx.o
                0x0800164c                SystemInit
 .text.Reset_Handler
                0x08001658       0x48 ./Core/Startup/startup_stm32f103c6tx.o
                0x08001658                Reset_Handler
 .text.Default_Handler
                0x080016a0        0x2 ./Core/Startup/startup_stm32f103c6tx.o
                0x080016a0                RTC_Alarm_IRQHandler
                0x080016a0                EXTI2_IRQHandler
                0x080016a0                TIM1_CC_IRQHandler
                0x080016a0                PVD_IRQHandler
                0x080016a0                EXTI3_IRQHandler
                0x080016a0                EXTI0_IRQHandler
                0x080016a0                ADC1_2_IRQHandler
                0x080016a0                TAMPER_IRQHandler
                0x080016a0                DMA1_Channel4_IRQHandler
                0x080016a0                RTC_IRQHandler
                0x080016a0                DMA1_Channel7_IRQHandler
                0x080016a0                CAN1_RX1_IRQHandler
                0x080016a0                I2C1_EV_IRQHandler
                0x080016a0                DMA1_Channel6_IRQHandler
                0x080016a0                TIM3_IRQHandler
                0x080016a0                RCC_IRQHandler
                0x080016a0                TIM1_TRG_COM_IRQHandler
                0x080016a0                DMA1_Channel1_IRQHandler
                0x080016a0                Default_Handler
                0x080016a0                EXTI15_10_IRQHandler
                0x080016a0                EXTI9_5_IRQHandler
                0x080016a0                DMA1_Channel5_IRQHandler
                0x080016a0                EXTI4_IRQHandler
                0x080016a0                USB_LP_CAN1_RX0_IRQHandler
                0x080016a0                USB_HP_CAN1_TX_IRQHandler
                0x080016a0                TIM1_UP_IRQHandler
                0x080016a0                WWDG_IRQHandler
                0x080016a0                TIM2_IRQHandler
                0x080016a0                TIM1_BRK_IRQHandler
                0x080016a0                EXTI1_IRQHandler
                0x080016a0                USART2_IRQHandler
                0x080016a0                DMA1_Channel2_IRQHandler
                0x080016a0                CAN1_SCE_IRQHandler
                0x080016a0                FLASH_IRQHandler
                0x080016a0                USART1_IRQHandler
                0x080016a0                I2C1_ER_IRQHandler
                0x080016a0                USBWakeUp_IRQHandler
 *fill*         0x080016a2        0x2 
 .text.HAL_Init
                0x080016a4       0x2c ./Drivers/STM32F1xx_HAL_Driver/Src/stm32f1xx_hal.o
                0x080016a4                HAL_Init
 .text.HAL_InitTick
                0x080016d0       0x60 ./Drivers/STM32F1xx_HAL_Driver/Src/stm32f1xx_hal.o
                0x080016d0                HAL_InitTick
 .text.HAL_IncTick
                0x08001730       0x24 ./Drivers/STM32F1xx_HAL_Driver/Src/stm32f1xx_hal.o
                0x08001730                HAL_IncTick
 .text.HAL_GetTick
                0x08001754       0x14 ./Drivers/STM32F1xx_HAL_Driver/Src/stm32f1xx_hal.o
                0x08001754                HAL_GetTick
 .text.HAL_Delay
                0x08001768       0x48 ./Drivers/STM32F1xx_HAL_Driver/Src/stm32f1xx_hal.o
                0x08001768                HAL_Delay
 .text.__NVIC_SetPriorityGrouping
                0x080017b0       0x48 ./Drivers/STM32F1xx_HAL_Driver/Src/stm32f1xx_hal_cortex.o
 .text.__NVIC_GetPriorityGrouping
                0x080017f8       0x1c ./Drivers/STM32F1xx_HAL_Driver/Src/stm32f1xx_hal_cortex.o
 .text.__NVIC_EnableIRQ
                0x08001814       0x38 ./Drivers/STM32F1xx_HAL_Driver/Src/stm32f1xx_hal_cortex.o
 .text.__NVIC_SetPriority
                0x0800184c       0x54 ./Drivers/STM32F1xx_HAL_Driver/Src/stm32f1xx_hal_cortex.o
 .text.NVIC_EncodePriority
                0x080018a0       0x64 ./Drivers/STM32F1xx_HAL_Driver/Src/stm32f1xx_hal_cortex.o
 .text.SysTick_Config
                0x08001904       0x44 ./Drivers/STM32F1xx_HAL_Driver/Src/stm32f1xx_hal_cortex.o
 .text.HAL_NVIC_SetPriorityGrouping
                0x08001948       0x16 ./Drivers/STM32F1xx_HAL_Driver/Src/stm32f1xx_hal_cortex.o
                0x08001948                HAL_NVIC_SetPriorityGrouping
 .text.HAL_NVIC_SetPriority
                0x0800195e       0x38 ./Drivers/STM32F1xx_HAL_Driver/Src/stm32f1xx_hal_cortex.o
                0x0800195e                HAL_NVIC_SetPriority
 .text.HAL_NVIC_EnableIRQ
                0x08001996       0x1c ./Drivers/STM32F1xx_HAL_Driver/Src/stm32f1xx_hal_cortex.o
                0x08001996                HAL_NVIC_EnableIRQ
 .text.HAL_SYSTICK_Config
                0x080019b2       0x18 ./Drivers/STM32F1xx_HAL_Driver/Src/stm32f1xx_hal_cortex.o
                0x080019b2                HAL_SYSTICK_Config
 *fill*         0x080019ca        0x2 
 .text.HAL_DMA_Init
                0x080019cc       0xb4 ./Drivers/STM32F1xx_HAL_Driver/Src/stm32f1xx_hal_dma.o
                0x080019cc                HAL_DMA_Init
 .text.HAL_DMA_Start_IT
                0x08001a80       0xc0 ./Drivers/STM32F1xx_HAL_Driver/Src/stm32f1xx_hal_dma.o
                0x08001a80                HAL_DMA_Start_IT
 .text.HAL_DMA_Abort_IT
                0x08001b40       0xf0 ./Drivers/STM32F1xx_HAL_Driver/Src/stm32f1xx_hal_dma.o
                0x08001b40                HAL_DMA_Abort_IT
 .text.HAL_DMA_IRQHandler
                0x08001c30      0x20c ./Drivers/STM32F1xx_HAL_Driver/Src/stm32f1xx_hal_dma.o
                0x08001c30                HAL_DMA_IRQHandler
 .text.DMA_SetConfig
                0x08001e3c       0x5a ./Drivers/STM32F1xx_HAL_Driver/Src/stm32f1xx_hal_dma.o
 *fill*         0x08001e96        0x2 
 .text.HAL_GPIO_Init
                0x08001e98      0x2f8 ./Drivers/STM32F1xx_HAL_Driver/Src/stm32f1xx_hal_gpio.o
                0x08001e98                HAL_GPIO_Init
 .text.HAL_GPIO_WritePin
                0x08002190       0x30 ./Drivers/STM32F1xx_HAL_Driver/Src/stm32f1xx_hal_gpio.o
                0x08002190                HAL_GPIO_WritePin
 .text.HAL_RCC_OscConfig
                0x080021c0      0x504 ./Drivers/STM32F1xx_HAL_Driver/Src/stm32f1xx_hal_rcc.o
                0x080021c0                HAL_RCC_OscConfig
 .text.HAL_RCC_ClockConfig
                0x080026c4      0x1d4 ./Drivers/STM32F1xx_HAL_Driver/Src/stm32f1xx_hal_rcc.o
                0x080026c4                HAL_RCC_ClockConfig
 .text.HAL_RCC_GetSysClockFreq
                0x08002898       0xa8 ./Drivers/STM32F1xx_HAL_Driver/Src/stm32f1xx_hal_rcc.o
                0x08002898                HAL_RCC_GetSysClockFreq
 .text.RCC_Delay
                0x08002940       0x3c ./Drivers/STM32F1xx_HAL_Driver/Src/stm32f1xx_hal_rcc.o
 .text.HAL_SPI_Init
                0x0800297c      0x108 ./Drivers/STM32F1xx_HAL_Driver/Src/stm32f1xx_hal_spi.o
                0x0800297c                HAL_SPI_Init
 .text.HAL_SPI_Transmit
                0x08002a84      0x286 ./Drivers/STM32F1xx_HAL_Driver/Src/stm32f1xx_hal_spi.o
                0x08002a84                HAL_SPI_Transmit
 *fill*         0x08002d0a        0x2 
 .text.HAL_SPI_Transmit_DMA
                0x08002d0c      0x164 ./Drivers/STM32F1xx_HAL_Driver/Src/stm32f1xx_hal_spi.o
                0x08002d0c                HAL_SPI_Transmit_DMA
 .text.HAL_SPI_IRQHandler
                0x08002e70      0x1bc ./Drivers/STM32F1xx_HAL_Driver/Src/stm32f1xx_hal_spi.o
                0x08002e70                HAL_SPI_IRQHandler
 .text.HAL_SPI_TxCpltCallback
                0x0800302c       0x12 ./Drivers/STM32F1xx_HAL_Driver/Src/stm32f1xx_hal_spi.o
                0x0800302c                HAL_SPI_TxCpltCallback
 .text.HAL_SPI_TxHalfCpltCallback
                0x0800303e       0x12 ./Drivers/STM32F1xx_HAL_Driver/Src/stm32f1xx_hal_spi.o
                0x0800303e                HAL_SPI_TxHalfCpltCallback
 .text.HAL_SPI_ErrorCallback
                0x08003050       0x12 ./Drivers/STM32F1xx_HAL_Driver/Src/stm32f1xx_hal_spi.o
                0x08003050                HAL_SPI_ErrorCallback
 .text.SPI_DMATransmitCplt
                0x08003062       0xa6 ./Drivers/STM32F1xx_HAL_Driver/Src/stm32f1xx_hal_spi.o
 .text.SPI_DMAHalfTransmitCplt
                0x08003108       0x1c ./Drivers/STM32F1xx_HAL_Driver/Src/stm32f1xx_hal_spi.o
 .text.SPI_DMAError
                0x08003124       0x40 ./Drivers/STM32F1xx_HAL_Driver/Src/stm32f1xx_hal_spi.o
 .text.SPI_DMAAbortOnError
                0x08003164       0x28 ./Drivers/STM32F1xx_HAL_Driver/Src/stm32f1xx_hal_spi.o
 .text.SPI_WaitFlagStateUntilTimeout
                0x0800318c      0x110 ./Drivers/STM32F1xx_HAL_Driver/Src/stm32f1xx_hal_spi.o
 .text.SPI_EndRxTxTransaction
                0x0800329c       0x3c ./Drivers/STM32F1xx_HAL_Driver/Src/stm32f1xx_hal_spi.o
 .text.memset   0x080032d8       0x10 C:/ST/STM32CubeIDE_1.10.1/STM32CubeIDE/plugins/com.st.stm32cube.ide.mcu.externaltools.gnu-tools-for-stm32.12.3.rel1.win32_1.0.100.202403111256/tools/bin/../lib/gcc/arm-none-eabi/12.3.1/../../../../arm-none-eabi/lib/thumb/v7-m/nofp\libc_nano.a(libc_a-memset.o)
                0x080032d8                memset
 .text.__libc_init_array
                0x080032e8       0x48 C:/ST/STM32CubeIDE_1.10.1/STM32CubeIDE/plugins/com.st.stm32cube.ide.mcu.externaltools.gnu-tools-for-stm32.12.3.rel1.win32_1.0.100.202403111256/tools/bin/../lib/gcc/arm-none-eabi/12.3.1/../../../../arm-none-eabi/lib/thumb/v7-m/nofp\libc_nano.a(libc_a-init.o)
                0x080032e8                __libc_init_array
 *(.glue_7)
 .glue_7        0x08003330        0x0 linker stubs
 *(.glue_7t)
 .glue_7t       0x08003330        0x0 linker stubs
 *(.eh_frame)
 .eh_frame      0x08003330        0x0 C:/ST/STM32CubeIDE_1.10.1/STM32CubeIDE/plugins/com.st.stm32cube.ide.mcu.externaltools.gnu-tools-for-stm32.12.3.rel1.win32_1.0.100.202403111256/tools/bin/../lib/gcc/arm-none-eabi/12.3.1/thumb/v7-m/nofp/crtbegin.o
 *(.init)
 .init          0x08003330        0x4 C:/ST/STM32CubeIDE_1.10.1/STM32CubeIDE/plugins/com.st.stm32cube.ide.mcu.externaltools.gnu-tools-for-stm32.12.3.rel1.win32_1.0.100.202403111256/tools/bin/../lib/gcc/arm-none-eabi/12.3.1/thumb/v7-m/nofp/crti.o
                0x08003330                _init
 .init          0x08003334        0x8 C:/ST/STM32CubeIDE_1.10.1/STM32CubeIDE/plugins/com.st.stm32cube.ide.mcu.externaltools.gnu-tools-for-stm32.12.3.rel1.win32_1.0.100.202403111256/tools/bin/../lib/gcc/arm-none-eabi/12.3.1/thumb/v7-m/nofp/crtn.o
 *(.fini)
 .fini          0x0800333c        0x4 C:/ST/STM32CubeIDE_1.10.1/STM32CubeIDE/plugins/com.st.stm32cube.ide.mcu.externaltools.gnu-tools-for-stm32.12.3.rel1.win32_1.0.100.202403111256/tools/bin/../lib/gcc/arm-none-eabi/12.3.1/thumb/v7-m/nofp/crti.o
                0x0800333c                _fini
 .fini          0x08003340        0x8 C:/ST/STM32CubeIDE_1.10.1/STM32CubeIDE/plugins/com.st.stm32cube.ide.mcu.externaltools.gnu-tools-for-stm32.12.3.rel1.win32_1.0.100.202403111256/tools/bin/../lib/gcc/arm-none-eabi/12.3.1/thumb/v7-m/nofp/crtn.o
                0x08003348                        . = ALIGN (0x4)
                0x08003348                        _etext = .

.vfp11_veneer   0x08003348        0x0
 .vfp11_veneer  0x08003348        0x0 linker stubs

.v4_bx          0x08003348        0x0
 .v4_bx         0x08003348        0x0 linker stubs

.iplt           0x08003348        0x0
 .iplt          0x08003348        0x0 C:/ST/STM32CubeIDE_1.10.1/STM32CubeIDE/plugins/com.st.stm32cube.ide.mcu.externaltools.gnu-tools-for-stm32.12.3.rel1.win32_1.0.100.202403111256/tools/bin/../lib/gcc/arm-none-eabi/12.3.1/thumb/v7-m/nofp/crtbegin.o

.rodata         0x08003348     0x28d0
                0x08003348                        . = ALIGN (0x4)
 *(.rodata)
 .rodata        0x08003348       0x97 ./Core/Src/st7789.o
 *(.rodata*)
 *fill*         0x080033df        0x1 
 .rodata.Font7x10
                0x080033e0      0x76c ./Core/Src/fonts.o
 .rodata.Font11x18
                0x08003b4c      0xd5c ./Core/Src/fonts.o
 .rodata.Font16x26
                0x080048a8     0x134c ./Core/Src/fonts.o
 .rodata.AHBPrescTable
                0x08005bf4       0x10 ./Core/Src/system_stm32f1xx.o
                0x08005bf4                AHBPrescTable
 .rodata.aPLLMULFactorTable.1
                0x08005c04       0x10 ./Drivers/STM32F1xx_HAL_Driver/Src/stm32f1xx_hal_rcc.o
 .rodata.aPredivFactorTable.0
                0x08005c14        0x2 ./Drivers/STM32F1xx_HAL_Driver/Src/stm32f1xx_hal_rcc.o
                0x08005c18                        . = ALIGN (0x4)
 *fill*         0x08005c16        0x2 

.rel.dyn        0x08005c18        0x0
 .rel.iplt      0x08005c18        0x0 C:/ST/STM32CubeIDE_1.10.1/STM32CubeIDE/plugins/com.st.stm32cube.ide.mcu.externaltools.gnu-tools-for-stm32.12.3.rel1.win32_1.0.100.202403111256/tools/bin/../lib/gcc/arm-none-eabi/12.3.1/thumb/v7-m/nofp/crtbegin.o

.ARM.extab      0x08005c18        0x0
                0x08005c18                        . = ALIGN (0x4)
 *(.ARM.extab* .gnu.linkonce.armextab.*)
                0x08005c18                        . = ALIGN (0x4)

.ARM            0x08005c18        0x0
                0x08005c18                        . = ALIGN (0x4)
                0x08005c18                        __exidx_start = .
 *(.ARM.exidx*)
                0x08005c18                        __exidx_end = .
                0x08005c18                        . = ALIGN (0x4)

.preinit_array  0x08005c18        0x0
                0x08005c18                        . = ALIGN (0x4)
                0x08005c18                        PROVIDE (__preinit_array_start = .)
 *(.preinit_array*)
                0x08005c18                        PROVIDE (__preinit_array_end = .)
                0x08005c18                        . = ALIGN (0x4)

.init_array     0x08005c18        0x4
                0x08005c18                        . = ALIGN (0x4)
                0x08005c18                        PROVIDE (__init_array_start = .)
 *(SORT_BY_NAME(.init_array.*))
 *(.init_array*)
 .init_array    0x08005c18        0x4 C:/ST/STM32CubeIDE_1.10.1/STM32CubeIDE/plugins/com.st.stm32cube.ide.mcu.externaltools.gnu-tools-for-stm32.12.3.rel1.win32_1.0.100.202403111256/tools/bin/../lib/gcc/arm-none-eabi/12.3.1/thumb/v7-m/nofp/crtbegin.o
                0x08005c1c                        PROVIDE (__init_array_end = .)
                0x08005c1c                        . = ALIGN (0x4)

.fini_array     0x08005c1c        0x4
                0x08005c1c                        . = ALIGN (0x4)
                [!provide]                        PROVIDE (__fini_array_start = .)
 *(SORT_BY_NAME(.fini_array.*))
 *(.fini_array*)
 .fini_array    0x08005c1c        0x4 C:/ST/STM32CubeIDE_1.10.1/STM32CubeIDE/plugins/com.st.stm32cube.ide.mcu.externaltools.gnu-tools-for-stm32.12.3.rel1.win32_1.0.100.202403111256/tools/bin/../lib/gcc/arm-none-eabi/12.3.1/thumb/v7-m/nofp/crtbegin.o
                [!provide]                        PROVIDE (__fini_array_end = .)
                0x08005c20                        . = ALIGN (0x4)
                0x08005c20                        _sidata = LOADADDR (.data)

.data           0x20000000       0x28 load address 0x08005c20
                0x20000000                        . = ALIGN (0x4)
                0x20000000                        _sdata = .
 *(.data)
 *(.data*)
 .data.Font_7x10
                0x20000000        0x8 ./Core/Src/fonts.o
                0x20000000                Font_7x10
 .data.Font_11x18
                0x20000008        0x8 ./Core/Src/fonts.o
                0x20000008                Font_11x18
 .data.Font_16x26
                0x20000010        0x8 ./Core/Src/fonts.o
                0x20000010                Font_16x26
 .data.DMA_MIN_SIZE
                0x20000018        0x2 ./Core/Src/st7789.o
                0x20000018                DMA_MIN_SIZE
 *fill*         0x2000001a        0x2 
 .data.SystemCoreClock
                0x2000001c        0x4 ./Core/Src/system_stm32f1xx.o
                0x2000001c                SystemCoreClock
 .data.uwTickPrio
                0x20000020        0x4 ./Drivers/STM32F1xx_HAL_Driver/Src/stm32f1xx_hal.o
                0x20000020                uwTickPrio
 .data.uwTickFreq
                0x20000024        0x1 ./Drivers/STM32F1xx_HAL_Driver/Src/stm32f1xx_hal.o
                0x20000024                uwTickFreq
 *(.RamFunc)
 *(.RamFunc*)
                0x20000028                        . = ALIGN (0x4)
 *fill*         0x20000025        0x3 
                0x20000028                        _edata = .

.igot.plt       0x20000028        0x0 load address 0x08005c48
 .igot.plt      0x20000028        0x0 C:/ST/STM32CubeIDE_1.10.1/STM32CubeIDE/plugins/com.st.stm32cube.ide.mcu.externaltools.gnu-tools-for-stm32.12.3.rel1.win32_1.0.100.202403111256/tools/bin/../lib/gcc/arm-none-eabi/12.3.1/thumb/v7-m/nofp/crtbegin.o
                0x20000028                        . = ALIGN (0x4)

.bss            0x20000028      0xa1c load address 0x08005c48
                0x20000028                        _sbss = .
                0x20000028                        __bss_start__ = _sbss
 *(.bss)
 .bss           0x20000028       0x1c C:/ST/STM32CubeIDE_1.10.1/STM32CubeIDE/plugins/com.st.stm32cube.ide.mcu.externaltools.gnu-tools-for-stm32.12.3.rel1.win32_1.0.100.202403111256/tools/bin/../lib/gcc/arm-none-eabi/12.3.1/thumb/v7-m/nofp/crtbegin.o
 *(.bss*)
 .bss.hspi1     0x20000044       0x58 ./Core/Src/main.o
                0x20000044                hspi1
 .bss.hdma_spi1_tx
                0x2000009c       0x44 ./Core/Src/main.o
                0x2000009c                hdma_spi1_tx
 .bss.disp_buf  0x200000e0      0x960 ./Core/Src/st7789.o
                0x200000e0                disp_buf
 .bss.uwTick    0x20000a40        0x4 ./Drivers/STM32F1xx_HAL_Driver/Src/stm32f1xx_hal.o
                0x20000a40                uwTick
 *(COMMON)
                0x20000a44                        . = ALIGN (0x4)
                0x20000a44                        _ebss = .
                0x20000a44                        __bss_end__ = _ebss

._user_heap_stack
                0x20000a44      0x604 load address 0x08005c48
                0x20000a48                        . = ALIGN (0x8)
 *fill*         0x20000a44        0x4 
                [!provide]                        PROVIDE (end = .)
                0x20000a48                        PROVIDE (_end = .)
                0x20000c48                        . = (. + _Min_Heap_Size)
 *fill*         0x20000a48      0x200 
                0x20001048                        . = (. + _Min_Stack_Size)
 *fill*         0x20000c48      0x400 
                0x20001048                        . = ALIGN (0x8)

/DISCARD/
 libc.a(*)
 libm.a(*)
 libgcc.a(*)

.ARM.attributes
                0x00000000       0x29
 *(.ARM.attributes)
 .ARM.attributes
                0x00000000       0x1d C:/ST/STM32CubeIDE_1.10.1/STM32CubeIDE/plugins/com.st.stm32cube.ide.mcu.externaltools.gnu-tools-for-stm32.12.3.rel1.win32_1.0.100.202403111256/tools/bin/../lib/gcc/arm-none-eabi/12.3.1/thumb/v7-m/nofp/crti.o
 .ARM.attributes
                0x0000001d       0x2d C:/ST/STM32CubeIDE_1.10.1/STM32CubeIDE/plugins/com.st.stm32cube.ide.mcu.externaltools.gnu-tools-for-stm32.12.3.rel1.win32_1.0.100.202403111256/tools/bin/../lib/gcc/arm-none-eabi/12.3.1/thumb/v7-m/nofp/crtbegin.o
 .ARM.attributes
                0x0000004a       0x2d ./Core/Src/fonts.o
 .ARM.attributes
                0x00000077       0x2d ./Core/Src/main.o
 .ARM.attributes
                0x000000a4       0x2d ./Core/Src/st7789.o
 .ARM.attributes
                0x000000d1       0x2d ./Core/Src/stm32f1xx_hal_msp.o
 .ARM.attributes
                0x000000fe       0x2d ./Core/Src/stm32f1xx_it.o
 .ARM.attributes
                0x0000012b       0x2d ./Core/Src/system_stm32f1xx.o
 .ARM.attributes
                0x00000158       0x21 ./Core/Startup/startup_stm32f103c6tx.o
 .ARM.attributes
                0x00000179       0x2d ./Drivers/STM32F1xx_HAL_Driver/Src/stm32f1xx_hal.o
 .ARM.attributes
                0x000001a6       0x2d ./Drivers/STM32F1xx_HAL_Driver/Src/stm32f1xx_hal_cortex.o
 .ARM.attributes
                0x000001d3       0x2d ./Drivers/STM32F1xx_HAL_Driver/Src/stm32f1xx_hal_dma.o
 .ARM.attributes
                0x00000200       0x2d ./Drivers/STM32F1xx_HAL_Driver/Src/stm32f1xx_hal_gpio.o
 .ARM.attributes
                0x0000022d       0x2d ./Drivers/STM32F1xx_HAL_Driver/Src/stm32f1xx_hal_rcc.o
 .ARM.attributes
                0x0000025a       0x2d ./Drivers/STM32F1xx_HAL_Driver/Src/stm32f1xx_hal_spi.o
 .ARM.attributes
                0x00000287       0x2d C:/ST/STM32CubeIDE_1.10.1/STM32CubeIDE/plugins/com.st.stm32cube.ide.mcu.externaltools.gnu-tools-for-stm32.12.3.rel1.win32_1.0.100.202403111256/tools/bin/../lib/gcc/arm-none-eabi/12.3.1/../../../../arm-none-eabi/lib/thumb/v7-m/nofp\libc_nano.a(libc_a-memset.o)
 .ARM.attributes
                0x000002b4       0x2d C:/ST/STM32CubeIDE_1.10.1/STM32CubeIDE/plugins/com.st.stm32cube.ide.mcu.externaltools.gnu-tools-for-stm32.12.3.rel1.win32_1.0.100.202403111256/tools/bin/../lib/gcc/arm-none-eabi/12.3.1/../../../../arm-none-eabi/lib/thumb/v7-m/nofp\libc_nano.a(libc_a-init.o)
 .ARM.attributes
                0x000002e1       0x1d C:/ST/STM32CubeIDE_1.10.1/STM32CubeIDE/plugins/com.st.stm32cube.ide.mcu.externaltools.gnu-tools-for-stm32.12.3.rel1.win32_1.0.100.202403111256/tools/bin/../lib/gcc/arm-none-eabi/12.3.1/thumb/v7-m/nofp/crtn.o
OUTPUT(LCD_bluepill.elf elf32-littlearm)
LOAD linker stubs
LOAD C:/ST/STM32CubeIDE_1.10.1/STM32CubeIDE/plugins/com.st.stm32cube.ide.mcu.externaltools.gnu-tools-for-stm32.12.3.rel1.win32_1.0.100.202403111256/tools/bin/../lib/gcc/arm-none-eabi/12.3.1/../../../../arm-none-eabi/lib/thumb/v7-m/nofp\libc.a
LOAD C:/ST/STM32CubeIDE_1.10.1/STM32CubeIDE/plugins/com.st.stm32cube.ide.mcu.externaltools.gnu-tools-for-stm32.12.3.rel1.win32_1.0.100.202403111256/tools/bin/../lib/gcc/arm-none-eabi/12.3.1/../../../../arm-none-eabi/lib/thumb/v7-m/nofp\libm.a
LOAD C:/ST/STM32CubeIDE_1.10.1/STM32CubeIDE/plugins/com.st.stm32cube.ide.mcu.externaltools.gnu-tools-for-stm32.12.3.rel1.win32_1.0.100.202403111256/tools/bin/../lib/gcc/arm-none-eabi/12.3.1/thumb/v7-m/nofp\libgcc.a

.debug_info     0x00000000     0x6aed
 .debug_info    0x00000000      0x1e9 ./Core/Src/fonts.o
 .debug_info    0x000001e9      0xb83 ./Core/Src/main.o
 .debug_info    0x00000d6c     0x10f9 ./Core/Src/st7789.o
 .debug_info    0x00001e65      0x960 ./Core/Src/stm32f1xx_hal_msp.o
 .debug_info    0x000027c5      0x632 ./Core/Src/stm32f1xx_it.o
 .debug_info    0x00002df7      0x222 ./Core/Src/system_stm32f1xx.o
 .debug_info    0x00003019       0x30 ./Core/Startup/startup_stm32f103c6tx.o
 .debug_info    0x00003049      0x6e6 ./Drivers/STM32F1xx_HAL_Driver/Src/stm32f1xx_hal.o
 .debug_info    0x0000372f      0xa69 ./Drivers/STM32F1xx_HAL_Driver/Src/stm32f1xx_hal_cortex.o
 .debug_info    0x00004198      0x6d2 ./Drivers/STM32F1xx_HAL_Driver/Src/stm32f1xx_hal_dma.o
 .debug_info    0x0000486a      0x5ab ./Drivers/STM32F1xx_HAL_Driver/Src/stm32f1xx_hal_gpio.o
 .debug_info    0x00004e15      0x7d5 ./Drivers/STM32F1xx_HAL_Driver/Src/stm32f1xx_hal_rcc.o
 .debug_info    0x000055ea     0x1503 ./Drivers/STM32F1xx_HAL_Driver/Src/stm32f1xx_hal_spi.o

.debug_abbrev   0x00000000     0x192d
 .debug_abbrev  0x00000000       0xd3 ./Core/Src/fonts.o
 .debug_abbrev  0x000000d3      0x2a3 ./Core/Src/main.o
 .debug_abbrev  0x00000376      0x2db ./Core/Src/st7789.o
 .debug_abbrev  0x00000651      0x1f2 ./Core/Src/stm32f1xx_hal_msp.o
 .debug_abbrev  0x00000843      0x182 ./Core/Src/stm32f1xx_it.o
 .debug_abbrev  0x000009c5      0x13f ./Core/Src/system_stm32f1xx.o
 .debug_abbrev  0x00000b04       0x24 ./Core/Startup/startup_stm32f103c6tx.o
 .debug_abbrev  0x00000b28      0x201 ./Drivers/STM32F1xx_HAL_Driver/Src/stm32f1xx_hal.o
 .debug_abbrev  0x00000d29      0x2f8 ./Drivers/STM32F1xx_HAL_Driver/Src/stm32f1xx_hal_cortex.o
 .debug_abbrev  0x00001021      0x20b ./Drivers/STM32F1xx_HAL_Driver/Src/stm32f1xx_hal_dma.o
 .debug_abbrev  0x0000122c      0x1ca ./Drivers/STM32F1xx_HAL_Driver/Src/stm32f1xx_hal_gpio.o
 .debug_abbrev  0x000013f6      0x2b3 ./Drivers/STM32F1xx_HAL_Driver/Src/stm32f1xx_hal_rcc.o
 .debug_abbrev  0x000016a9      0x284 ./Drivers/STM32F1xx_HAL_Driver/Src/stm32f1xx_hal_spi.o

.debug_aranges  0x00000000      0x738
 .debug_aranges
                0x00000000       0x18 ./Core/Src/fonts.o
 .debug_aranges
                0x00000018       0x48 ./Core/Src/main.o
 .debug_aranges
                0x00000060       0xd0 ./Core/Src/st7789.o
 .debug_aranges
                0x00000130       0x30 ./Core/Src/stm32f1xx_hal_msp.o
 .debug_aranges
                0x00000160       0x70 ./Core/Src/stm32f1xx_it.o
 .debug_aranges
                0x000001d0       0x28 ./Core/Src/system_stm32f1xx.o
 .debug_aranges
                0x000001f8       0x28 ./Core/Startup/startup_stm32f103c6tx.o
 .debug_aranges
                0x00000220       0xe0 ./Drivers/STM32F1xx_HAL_Driver/Src/stm32f1xx_hal.o
 .debug_aranges
                0x00000300      0x100 ./Drivers/STM32F1xx_HAL_Driver/Src/stm32f1xx_hal_cortex.o
 .debug_aranges
                0x00000400       0x80 ./Drivers/STM32F1xx_HAL_Driver/Src/stm32f1xx_hal_dma.o
 .debug_aranges
                0x00000480       0x58 ./Drivers/STM32F1xx_HAL_Driver/Src/stm32f1xx_hal_gpio.o
 .debug_aranges
                0x000004d8       0x90 ./Drivers/STM32F1xx_HAL_Driver/Src/stm32f1xx_hal_rcc.o
 .debug_aranges
                0x00000568      0x1d0 ./Drivers/STM32F1xx_HAL_Driver/Src/stm32f1xx_hal_spi.o

.debug_macro    0x00000000    0x16780
 .debug_macro   0x00000000       0x6d ./Core/Src/fonts.o
 .debug_macro   0x0000006d      0xaa8 ./Core/Src/fonts.o
 .debug_macro   0x00000b15       0x22 ./Core/Src/fonts.o
 .debug_macro   0x00000b37       0x8e ./Core/Src/fonts.o
 .debug_macro   0x00000bc5       0x51 ./Core/Src/fonts.o
 .debug_macro   0x00000c16      0x103 ./Core/Src/fonts.o
 .debug_macro   0x00000d19       0x6a ./Core/Src/fonts.o
 .debug_macro   0x00000d83      0x1df ./Core/Src/fonts.o
 .debug_macro   0x00000f62      0x196 ./Core/Src/main.o
 .debug_macro   0x000010f8      0x21b ./Core/Src/main.o
 .debug_macro   0x00001313       0x2e ./Core/Src/main.o
 .debug_macro   0x00001341       0x22 ./Core/Src/main.o
 .debug_macro   0x00001363       0x1c ./Core/Src/main.o
 .debug_macro   0x0000137f       0x22 ./Core/Src/main.o
 .debug_macro   0x000013a1       0xbd ./Core/Src/main.o
 .debug_macro   0x0000145e      0xd23 ./Core/Src/main.o
 .debug_macro   0x00002181     0xde75 ./Core/Src/main.o
 .debug_macro   0x0000fff6       0x6d ./Core/Src/main.o
 .debug_macro   0x00010063     0x348d ./Core/Src/main.o
 .debug_macro   0x000134f0      0x189 ./Core/Src/main.o
 .debug_macro   0x00013679       0x5c ./Core/Src/main.o
 .debug_macro   0x000136d5      0x5bc ./Core/Src/main.o
 .debug_macro   0x00013c91      0x1b7 ./Core/Src/main.o
 .debug_macro   0x00013e48      0x1cb ./Core/Src/main.o
 .debug_macro   0x00014013      0x114 ./Core/Src/main.o
 .debug_macro   0x00014127      0x1b2 ./Core/Src/main.o
 .debug_macro   0x000142d9       0x27 ./Core/Src/main.o
 .debug_macro   0x00014300      0x12f ./Core/Src/main.o
 .debug_macro   0x0001442f      0x1bc ./Core/Src/main.o
 .debug_macro   0x000145eb       0x34 ./Core/Src/main.o
 .debug_macro   0x0001461f       0x3c ./Core/Src/main.o
 .debug_macro   0x0001465b       0x57 ./Core/Src/main.o
 .debug_macro   0x000146b2       0x87 ./Core/Src/main.o
 .debug_macro   0x00014739      0x183 ./Core/Src/main.o
 .debug_macro   0x000148bc      0x140 ./Core/Src/main.o
 .debug_macro   0x000149fc      0x217 ./Core/Src/main.o
 .debug_macro   0x00014c13       0x69 ./Core/Src/main.o
 .debug_macro   0x00014c7c      0x283 ./Core/Src/st7789.o
 .debug_macro   0x00014eff      0x1ee ./Core/Src/st7789.o
 .debug_macro   0x000150ed       0x61 ./Core/Src/st7789.o
 .debug_macro   0x0001514e       0x24 ./Core/Src/st7789.o
 .debug_macro   0x00015172       0x43 ./Core/Src/st7789.o
 .debug_macro   0x000151b5       0x34 ./Core/Src/st7789.o
 .debug_macro   0x000151e9       0x16 ./Core/Src/st7789.o
 .debug_macro   0x000151ff       0x43 ./Core/Src/st7789.o
 .debug_macro   0x00015242       0x34 ./Core/Src/st7789.o
 .debug_macro   0x00015276       0x10 ./Core/Src/st7789.o
 .debug_macro   0x00015286       0x58 ./Core/Src/st7789.o
 .debug_macro   0x000152de       0x8e ./Core/Src/st7789.o
 .debug_macro   0x0001536c       0x1c ./Core/Src/st7789.o
 .debug_macro   0x00015388      0x177 ./Core/Src/st7789.o
 .debug_macro   0x000154ff      0x369 ./Core/Src/st7789.o
 .debug_macro   0x00015868       0x10 ./Core/Src/st7789.o
 .debug_macro   0x00015878       0x35 ./Core/Src/st7789.o
 .debug_macro   0x000158ad       0x20 ./Core/Src/st7789.o
 .debug_macro   0x000158cd      0x196 ./Core/Src/stm32f1xx_hal_msp.o
 .debug_macro   0x00015a63      0x1a0 ./Core/Src/stm32f1xx_it.o
 .debug_macro   0x00015c03      0x18c ./Core/Src/system_stm32f1xx.o
 .debug_macro   0x00015d8f      0x1b0 ./Drivers/STM32F1xx_HAL_Driver/Src/stm32f1xx_hal.o
 .debug_macro   0x00015f3f      0x18c ./Drivers/STM32F1xx_HAL_Driver/Src/stm32f1xx_hal_cortex.o
 .debug_macro   0x000160cb      0x18c ./Drivers/STM32F1xx_HAL_Driver/Src/stm32f1xx_hal_dma.o
 .debug_macro   0x00016257      0x1f7 ./Drivers/STM32F1xx_HAL_Driver/Src/stm32f1xx_hal_gpio.o
 .debug_macro   0x0001644e      0x19e ./Drivers/STM32F1xx_HAL_Driver/Src/stm32f1xx_hal_rcc.o
 .debug_macro   0x000165ec      0x194 ./Drivers/STM32F1xx_HAL_Driver/Src/stm32f1xx_hal_spi.o

.debug_line     0x00000000     0x8831
 .debug_line    0x00000000      0x412 ./Core/Src/fonts.o
 .debug_line    0x00000412      0x7d5 ./Core/Src/main.o
 .debug_line    0x00000be7      0xef8 ./Core/Src/st7789.o
 .debug_line    0x00001adf      0x74c ./Core/Src/stm32f1xx_hal_msp.o
 .debug_line    0x0000222b      0x7c5 ./Core/Src/stm32f1xx_it.o
 .debug_line    0x000029f0      0x751 ./Core/Src/system_stm32f1xx.o
 .debug_line    0x00003141       0x78 ./Core/Startup/startup_stm32f103c6tx.o
 .debug_line    0x000031b9      0x97e ./Drivers/STM32F1xx_HAL_Driver/Src/stm32f1xx_hal.o
 .debug_line    0x00003b37      0xb6a ./Drivers/STM32F1xx_HAL_Driver/Src/stm32f1xx_hal_cortex.o
 .debug_line    0x000046a1      0xdd7 ./Drivers/STM32F1xx_HAL_Driver/Src/stm32f1xx_hal_dma.o
 .debug_line    0x00005478      0xa02 ./Drivers/STM32F1xx_HAL_Driver/Src/stm32f1xx_hal_gpio.o
 .debug_line    0x00005e7a      0xd87 ./Drivers/STM32F1xx_HAL_Driver/Src/stm32f1xx_hal_rcc.o
 .debug_line    0x00006c01     0x1c30 ./Drivers/STM32F1xx_HAL_Driver/Src/stm32f1xx_hal_spi.o

.debug_str      0x00000000    0x7f239
 .debug_str     0x00000000     0x3bfa ./Core/Src/fonts.o
                               0x3d6b (size before relaxing)
 .debug_str     0x00003bfa    0x766eb ./Core/Src/main.o
                              0x7a674 (size before relaxing)
 .debug_str     0x0007a2e5     0x3a93 ./Core/Src/st7789.o
                              0x7dc54 (size before relaxing)
 .debug_str     0x0007dd78       0x93 ./Core/Src/stm32f1xx_hal_msp.o
                              0x7a502 (size before relaxing)
 .debug_str     0x0007de0b      0x118 ./Core/Src/stm32f1xx_it.o
                              0x7a1e3 (size before relaxing)
 .debug_str     0x0007df23       0x7e ./Core/Src/system_stm32f1xx.o
                              0x79db0 (size before relaxing)
 .debug_str     0x0007dfa1       0x44 ./Core/Startup/startup_stm32f103c6tx.o
                                 0x92 (size before relaxing)
 .debug_str     0x0007dfe5      0x37a ./Drivers/STM32F1xx_HAL_Driver/Src/stm32f1xx_hal.o
                              0x7a4a9 (size before relaxing)
 .debug_str     0x0007e35f      0x29e ./Drivers/STM32F1xx_HAL_Driver/Src/stm32f1xx_hal_cortex.o
                              0x7a3f5 (size before relaxing)
 .debug_str     0x0007e5fd      0x20b ./Drivers/STM32F1xx_HAL_Driver/Src/stm32f1xx_hal_dma.o
                              0x7a159 (size before relaxing)
 .debug_str     0x0007e808      0x305 ./Drivers/STM32F1xx_HAL_Driver/Src/stm32f1xx_hal_gpio.o
                              0x7a136 (size before relaxing)
 .debug_str     0x0007eb0d      0x229 ./Drivers/STM32F1xx_HAL_Driver/Src/stm32f1xx_hal_rcc.o
                              0x7a1df (size before relaxing)
 .debug_str     0x0007ed36      0x503 ./Drivers/STM32F1xx_HAL_Driver/Src/stm32f1xx_hal_spi.o
                              0x7a6dc (size before relaxing)

.comment        0x00000000       0x43
 .comment       0x00000000       0x43 ./Core/Src/fonts.o
                                 0x44 (size before relaxing)
 .comment       0x00000043       0x44 ./Core/Src/main.o
 .comment       0x00000043       0x44 ./Core/Src/st7789.o
 .comment       0x00000043       0x44 ./Core/Src/stm32f1xx_hal_msp.o
 .comment       0x00000043       0x44 ./Core/Src/stm32f1xx_it.o
 .comment       0x00000043       0x44 ./Core/Src/system_stm32f1xx.o
 .comment       0x00000043       0x44 ./Drivers/STM32F1xx_HAL_Driver/Src/stm32f1xx_hal.o
 .comment       0x00000043       0x44 ./Drivers/STM32F1xx_HAL_Driver/Src/stm32f1xx_hal_cortex.o
 .comment       0x00000043       0x44 ./Drivers/STM32F1xx_HAL_Driver/Src/stm32f1xx_hal_dma.o
 .comment       0x00000043       0x44 ./Drivers/STM32F1xx_HAL_Driver/Src/stm32f1xx_hal_gpio.o
 .comment       0x00000043       0x44 ./Drivers/STM32F1xx_HAL_Driver/Src/stm32f1xx_hal_rcc.o
 .comment       0x00000043       0x44 ./Drivers/STM32F1xx_HAL_Driver/Src/stm32f1xx_hal_spi.o

.debug_rnglists
                0x00000000      0x555
 .debug_rnglists
                0x00000000       0x33 ./Core/Src/main.o
 .debug_rnglists
                0x00000033       0xa5 ./Core/Src/st7789.o
 .debug_rnglists
                0x000000d8       0x20 ./Core/Src/stm32f1xx_hal_msp.o
 .debug_rnglists
                0x000000f8       0x4f ./Core/Src/stm32f1xx_it.o
 .debug_rnglists
                0x00000147       0x1a ./Core/Src/system_stm32f1xx.o
 .debug_rnglists
                0x00000161       0x19 ./Core/Startup/startup_stm32f103c6tx.o
 .debug_rnglists
                0x0000017a       0xa3 ./Drivers/STM32F1xx_HAL_Driver/Src/stm32f1xx_hal.o
 .debug_rnglists
                0x0000021d       0xbb ./Drivers/STM32F1xx_HAL_Driver/Src/stm32f1xx_hal_cortex.o
 .debug_rnglists
                0x000002d8       0x64 ./Drivers/STM32F1xx_HAL_Driver/Src/stm32f1xx_hal_dma.o
 .debug_rnglists
                0x0000033c       0x3f ./Drivers/STM32F1xx_HAL_Driver/Src/stm32f1xx_hal_gpio.o
 .debug_rnglists
                0x0000037b       0x6c ./Drivers/STM32F1xx_HAL_Driver/Src/stm32f1xx_hal_rcc.o
 .debug_rnglists
                0x000003e7      0x16e ./Drivers/STM32F1xx_HAL_Driver/Src/stm32f1xx_hal_spi.o

.debug_frame    0x00000000     0x1bb0
 .debug_frame   0x00000000       0xd0 ./Core/Src/main.o
 .debug_frame   0x000000d0      0x394 ./Core/Src/st7789.o
 .debug_frame   0x00000464       0x80 ./Core/Src/stm32f1xx_hal_msp.o
 .debug_frame   0x000004e4      0x13c ./Core/Src/stm32f1xx_it.o
 .debug_frame   0x00000620       0x58 ./Core/Src/system_stm32f1xx.o
 .debug_frame   0x00000678      0x334 ./Drivers/STM32F1xx_HAL_Driver/Src/stm32f1xx_hal.o
 .debug_frame   0x000009ac      0x428 ./Drivers/STM32F1xx_HAL_Driver/Src/stm32f1xx_hal_cortex.o
 .debug_frame   0x00000dd4      0x208 ./Drivers/STM32F1xx_HAL_Driver/Src/stm32f1xx_hal_dma.o
 .debug_frame   0x00000fdc      0x14c ./Drivers/STM32F1xx_HAL_Driver/Src/stm32f1xx_hal_gpio.o
 .debug_frame   0x00001128      0x218 ./Drivers/STM32F1xx_HAL_Driver/Src/stm32f1xx_hal_rcc.o
 .debug_frame   0x00001340      0x824 ./Drivers/STM32F1xx_HAL_Driver/Src/stm32f1xx_hal_spi.o
 .debug_frame   0x00001b64       0x20 C:/ST/STM32CubeIDE_1.10.1/STM32CubeIDE/plugins/com.st.stm32cube.ide.mcu.externaltools.gnu-tools-for-stm32.12.3.rel1.win32_1.0.100.202403111256/tools/bin/../lib/gcc/arm-none-eabi/12.3.1/../../../../arm-none-eabi/lib/thumb/v7-m/nofp\libc_nano.a(libc_a-memset.o)
 .debug_frame   0x00001b84       0x2c C:/ST/STM32CubeIDE_1.10.1/STM32CubeIDE/plugins/com.st.stm32cube.ide.mcu.externaltools.gnu-tools-for-stm32.12.3.rel1.win32_1.0.100.202403111256/tools/bin/../lib/gcc/arm-none-eabi/12.3.1/../../../../arm-none-eabi/lib/thumb/v7-m/nofp\libc_nano.a(libc_a-init.o)

.debug_line_str
                0x00000000       0x76
 .debug_line_str
                0x00000000       0x76 ./Core/Startup/startup_stm32f103c6tx.o
