14:13:19 **** Incremental Build of configuration Debug for project 004led_on ****
make -j4 all 
arm-none-eabi-gcc "../Src/main.c" -mcpu=cortex-m4 -std=gnu11 -g3 -DSTM32 -DSTM32F407G_DISC1 -DSTM32F4 -DSTM32F407VGTx -DDEBUG -c -I../Inc -O0 -ffunction-sections -fdata-sections -Wall -fstack-usage -MMD -MP -MF"Src/main.d" -MT"Src/main.o" --specs=nano.specs -mfpu=fpv4-sp-d16 -mfloat-abi=hard -mthumb -o "Src/main.o"
../Src/main.c: In function 'main':
../Src/main.c:13:12: warning: initialization of 'int *' from 'int' makes pointer from integer without a cast [-Wint-conversion]
   13 |  int *p =  0x40020000;
      |            ^~~~~~~~~~
arm-none-eabi-gcc -o "004led_on.elf" @"objects.list"   -mcpu=cortex-m4 -T"C:\Users\Admin\OneDrive\Desktop\embedded c\instructor\host\004led_on\STM32F407VGTX_FLASH.ld" --specs=nosys.specs -Wl,-Map="004led_on.map" -Wl,--gc-sections -static --specs=nano.specs -mfpu=fpv4-sp-d16 -mfloat-abi=hard -mthumb -Wl,--start-group -lc -lm -Wl,--end-group
Finished building target: 004led_on.elf
 
arm-none-eabi-size   004led_on.elf 
arm-none-eabi-objdump -h -S  004led_on.elf  > "004led_on.list"
   text	   data	    bss	    dec	    hex	filename
    716	      8	   1568	   2292	    8f4	004led_on.elf
Finished building: default.size.stdout
 
Finished building: 004led_on.list
 

14:13:21 Build Finished. 0 errors, 1 warnings. (took 1s.583ms)

