19:25:48 **** Incremental Build of configuration Debug for project SENSOR INTEGRATION ****
make -j4 all 
arm-none-eabi-gcc "../Core/Src/main.c" -mcpu=cortex-m4 -std=gnu11 -g3 -DDEBUG -DUSE_HAL_DRIVER -DSTM32F446xx -c -I../Core/Inc -I"C:/Users/Admin/OneDrive/Desktop/embedded c/instructor/host/SENSOR INTEGRATION/driver/header" -I"C:/Users/Admin/OneDrive/Desktop/embedded c/instructor/host/SENSOR INTEGRATION/driver/source" -I"C:/Users/Admin/OneDrive/Desktop/embedded c/instructor/host/SENSOR INTEGRATION/driver" -I../Drivers/STM32F4xx_HAL_Driver/Inc -I../Drivers/STM32F4xx_HAL_Driver/Inc/Legacy -I../Drivers/CMSIS/Device/ST/STM32F4xx/Include -I../Drivers/CMSIS/Include -I../Middlewares/Third_Party/FreeRTOS/Source/include -I../Middlewares/Third_Party/FreeRTOS/Source/CMSIS_RTOS_V2 -I../Middlewares/Third_Party/FreeRTOS/Source/portable/GCC/ARM_CM4F -O0 -ffunction-sections -fdata-sections -Wall -fstack-usage -MMD -MP -MF"Core/Src/main.d" -MT"Core/Src/main.o" --specs=nano.specs -mfpu=fpv4-sp-d16 -mfloat-abi=hard -mthumb -o "Core/Src/main.o"
../Core/Src/main.c: In function 'i2c':
../Core/Src/main.c:98:2: warning: implicit declaration of function 'init3' [-Wimplicit-function-declaration]
   98 |  init3(0x68);
      |  ^~~~~
../Core/Src/main.c:99:2: warning: implicit declaration of function 'write' [-Wimplicit-function-declaration]
   99 |  write(a,n,2);
      |  ^~~~~
../Core/Src/main.c:102:2: warning: implicit declaration of function 'read' [-Wimplicit-function-declaration]
  102 |  read(a,p, 6);
      |  ^~~~
../Core/Src/main.c: At top level:
../Core/Src/main.c:372:3: warning: "/*" within comment [-Wcomment]
  372 |   /* NOTE: This function should not be modified, when the callback is needed,
      |    
../Core/Src/main.c:374:3: warning: "/*" within comment [-Wcomment]
  374 |   /* Prevent unused argument(s) compilation warning */
      |    
../Core/Src/main.c: In function 'UARTTask_init':
../Core/Src/main.c:432:16: warning: implicit declaration of function 'sprintf' [-Wimplicit-function-declaration]
  432 |                sprintf(u, "%d\r\n", m[0]);
      |                ^~~~~~~
../Core/Src/main.c:432:16: warning: incompatible implicit declaration of built-in function 'sprintf'
../Core/Src/main.c:23:1: note: include '<stdio.h>' or provide a declaration of 'sprintf'
   22 | #include "cmsis_os2.h"
  +++ |+#include <stdio.h>
   23 | 
../Core/Src/main.c:433:57: warning: implicit declaration of function 'strlen' [-Wimplicit-function-declaration]
  433 |                HAL_UART_Transmit(&huart2, (uint8_t *)u, strlen(u), 10);
      |                                                         ^~~~~~
../Core/Src/main.c:433:57: warning: incompatible implicit declaration of built-in function 'strlen'
../Core/Src/main.c:23:1: note: include '<string.h>' or provide a declaration of 'strlen'
   22 | #include "cmsis_os2.h"
  +++ |+#include <string.h>
   23 | 
../Core/Src/main.c: In function 'LEDTask_init':
../Core/Src/main.c:457:4: warning: incompatible implicit declaration of built-in function 'sprintf'
  457 |    sprintf(u1, "%d\r\n", currentstate);
      |    ^~~~~~~
../Core/Src/main.c:457:4: note: include '<stdio.h>' or provide a declaration of 'sprintf'
../Core/Src/main.c:458:44: warning: incompatible implicit declaration of built-in function 'strlen'
  458 |  HAL_UART_Transmit(&huart2, (uint8_t *)u1, strlen(u1), 10);
      |                                            ^~~~~~
../Core/Src/main.c:458:44: note: include '<string.h>' or provide a declaration of 'strlen'
../Core/Src/main.c: In function 'data':
../Core/Src/main.c:113:1: warning: control reaches end of non-void function [-Wreturn-type]
  113 | }
      | ^
arm-none-eabi-gcc -o "SENSOR INTEGRATION.elf" @"objects.list"   -mcpu=cortex-m4 -T"C:\Users\Admin\OneDrive\Desktop\embedded c\instructor\host\SENSOR INTEGRATION\STM32F446RETX_FLASH.ld" --specs=nosys.specs -Wl,-Map="SENSOR INTEGRATION.map" -Wl,--gc-sections -static --specs=nano.specs -mfpu=fpv4-sp-d16 -mfloat-abi=hard -mthumb -Wl,--start-group -lc -lm -Wl,--end-group
Finished building target: SENSOR INTEGRATION.elf
 
arm-none-eabi-size   SENSOR\ INTEGRATION.elf 
arm-none-eabi-objdump -h -S  SENSOR\ INTEGRATION.elf  > "SENSOR INTEGRATION.list"
   text	   data	    bss	    dec	    hex	filename
  31048	    124	  20580	  51752	   ca28	SENSOR INTEGRATION.elf
Finished building: default.size.stdout
 
Finished building: SENSOR INTEGRATION.list
 

19:25:50 Build Finished. 0 errors, 12 warnings. (took 2s.116ms)

