12:36:41 **** Incremental Build of configuration Debug for project SLEEP MODE ****
make -j4 all 
arm-none-eabi-gcc "../Core/Src/main.c" -mcpu=cortex-m4 -std=gnu11 -g3 -DDEBUG -DUSE_HAL_DRIVER -DSTM32F446xx -c -I../Core/Inc -I../Drivers/STM32F4xx_HAL_Driver/Inc -I../Drivers/STM32F4xx_HAL_Driver/Inc/Legacy -I../Drivers/CMSIS/Device/ST/STM32F4xx/Include -I../Drivers/CMSIS/Include -O0 -ffunction-sections -fdata-sections -Wall -fstack-usage -MMD -MP -MF"Core/Src/main.d" -MT"Core/Src/main.o" --specs=nano.specs -mfpu=fpv4-sp-d16 -mfloat-abi=hard -mthumb -o "Core/Src/main.o"
../Core/Src/main.c: In function 'HAL_TIM_PeriodElapsedCallback':
../Core/Src/main.c:301:6: warning: implicit declaration of function 'sprintf' [-Wimplicit-function-declaration]
  301 |      sprintf(s1,"%d\r\n",kck);
      |      ^~~~~~~
../Core/Src/main.c:301:6: warning: incompatible implicit declaration of built-in function 'sprintf'
../Core/Src/main.c:21:1: note: include '<stdio.h>' or provide a declaration of 'sprintf'
   20 | #include "main.h"
  +++ |+#include <stdio.h>
   21 | 
../Core/Src/main.c:302:35: warning: implicit declaration of function 'strlen' [-Wimplicit-function-declaration]
  302 |    HAL_UART_Transmit(&huart2, s1, strlen(s1), 10);
      |                                   ^~~~~~
../Core/Src/main.c:302:35: warning: incompatible implicit declaration of built-in function 'strlen'
../Core/Src/main.c:21:1: note: include '<string.h>' or provide a declaration of 'strlen'
   20 | #include "main.h"
  +++ |+#include <string.h>
   21 | 
../Core/Src/main.c:302:31: warning: pointer targets in passing argument 2 of 'HAL_UART_Transmit' differ in signedness [-Wpointer-sign]
  302 |    HAL_UART_Transmit(&huart2, s1, strlen(s1), 10);
      |                               ^~
      |                               |
      |                               char *
In file included from ../Core/Inc/stm32f4xx_hal_conf.h:407,
                 from ../Drivers/STM32F4xx_HAL_Driver/Inc/stm32f4xx_hal.h:29,
                 from ../Core/Inc/main.h:30,
                 from ../Core/Src/main.c:20:
../Drivers/STM32F4xx_HAL_Driver/Inc/stm32f4xx_hal_uart.h:722:79: note: expected 'const uint8_t *' {aka 'const unsigned char *'} but argument is of type 'char *'
  722 | HAL_StatusTypeDef HAL_UART_Transmit(UART_HandleTypeDef *huart, const uint8_t *pData, uint16_t Size, uint32_t Timeout);
      |                                                                ~~~~~~~~~~~~~~~^~~~~
arm-none-eabi-gcc -o "SLEEP MODE.elf" @"objects.list"   -mcpu=cortex-m4 -T"C:\Users\Admin\OneDrive\Desktop\embedded c\instructor\host\SLEEP MODE\STM32F446RETX_FLASH.ld" --specs=nosys.specs -Wl,-Map="SLEEP MODE.map" -Wl,--gc-sections -static --specs=nano.specs -mfpu=fpv4-sp-d16 -mfloat-abi=hard -mthumb -Wl,--start-group -lc -lm -Wl,--end-group
Finished building target: SLEEP MODE.elf
 
arm-none-eabi-size   SLEEP\ MODE.elf 
arm-none-eabi-objdump -h -S  SLEEP\ MODE.elf  > "SLEEP MODE.list"
   text	   data	    bss	    dec	    hex	filename
  15756	    124	   1788	  17668	   4504	SLEEP MODE.elf
Finished building: default.size.stdout
 
Finished building: SLEEP MODE.list
 

12:36:45 Build Finished. 0 errors, 5 warnings. (took 3s.671ms)

