../Core/Src/main.c:59:10:HAL_GetTick	4	static
../Core/Src/main.c:74:6:dis	16	static
../Core/Src/main.c:85:6:microDelay	16	static
../Core/Src/main.c:89:6:clock	16	static
../Core/Src/main.c:97:6:anticlock	16	static
../Core/Src/main.c:103:6:stepCCV	16	static
../Core/Src/main.c:135:6:step2	8	static
../Core/Src/main.c:162:7:mpu6050	32	static
../Core/Src/main.c:177:6:mpu6050gyro	32	static
../Core/Src/main.c:202:6:acc	32	static
../Core/Src/main.c:233:6:gyro	24	static
../Core/Src/main.c:250:6:kalman	40	static
../Core/Src/main.c:268:5:main	488	static
../Core/Src/main.c:530:6:SystemClock_Config	88	static
../Core/Src/main.c:578:13:MX_ADC1_Init	24	static
../Core/Src/main.c:702:13:MX_TIM6_Init	16	static
../Core/Src/main.c:740:13:MX_USART2_UART_Init	8	static
../Core/Src/main.c:771:13:MX_DMA_Init	16	static
../Core/Src/main.c:789:13:MX_GPIO_Init	48	static
../Core/Src/main.c:834:6:Error_Handler	4	static,ignoring_inline_asm
