../Core/Src/main.c:62:10:HAL_GetTick	4	static
../Core/Src/main.c:77:6:dis	16	static
../Core/Src/main.c:88:6:microDelay	16	static
../Core/Src/main.c:93:6:stepCCV	16	static
../Core/Src/main.c:125:6:clock	16	static
../Core/Src/main.c:133:6:anticlock	16	static
../Core/Src/main.c:141:7:mpu6050	32	static
../Core/Src/main.c:157:6:mpu6050gyro	32	static
../Core/Src/main.c:182:6:acc	32	static
../Core/Src/main.c:213:6:gyro	24	static
../Core/Src/main.c:230:6:kalman	40	static
../Core/Src/main.c:248:5:main	312	static
../Core/Src/main.c:487:7:SystemClock_Config	88	static
../Core/Src/main.c:535:13:MX_ADC1_Init	24	static
../Core/Src/main.c:659:13:MX_TIM6_Init	16	static
../Core/Src/main.c:697:13:MX_USART2_UART_Init	8	static
../Core/Src/main.c:728:13:MX_DMA_Init	16	static
../Core/Src/main.c:746:13:MX_GPIO_Init	48	static
../Core/Src/main.c:791:6:Error_Handler	4	static,ignoring_inline_asm
